[2024-10-08 19:02:17,992] INFO [Controller id=0] Processing automatic preferred replica leader election (kafka.controller.KafkaController)
[2024-10-08 19:02:17,996] TRACE [Controller id=0] Checking need to trigger auto leader balancing (kafka.controller.KafkaController)
[2024-10-08 19:07:17,997] INFO [Controller id=0] Processing automatic preferred replica leader election (kafka.controller.KafkaController)
[2024-10-08 19:07:17,997] TRACE [Controller id=0] Checking need to trigger auto leader balancing (kafka.controller.KafkaController)
[2024-10-08 19:12:17,998] INFO [Controller id=0] Processing automatic preferred replica leader election (kafka.controller.KafkaController)
[2024-10-08 19:12:17,998] TRACE [Controller id=0] Checking need to trigger auto leader balancing (kafka.controller.KafkaController)
[2024-10-08 19:17:17,999] INFO [Controller id=0] Processing automatic preferred replica leader election (kafka.controller.KafkaController)
[2024-10-08 19:17:17,999] TRACE [Controller id=0] Checking need to trigger auto leader balancing (kafka.controller.KafkaController)
[2024-10-08 19:21:05,272] INFO [Controller id=0] Shutting down broker 0 (kafka.controller.KafkaController)
[2024-10-08 19:21:05,273] DEBUG [Controller id=0] All shutting down brokers: 0 (kafka.controller.KafkaController)
[2024-10-08 19:21:05,273] DEBUG [Controller id=0] Live brokers:  (kafka.controller.KafkaController)
[2024-10-08 19:21:05,277] TRACE [Controller id=0] All leaders =  (kafka.controller.KafkaController)
[2024-10-08 19:21:05,697] INFO [ControllerEventThread controllerId=0] Shutting down (kafka.controller.ControllerEventManager$ControllerEventThread)
[2024-10-08 19:21:05,697] INFO [ControllerEventThread controllerId=0] Stopped (kafka.controller.ControllerEventManager$ControllerEventThread)
[2024-10-08 19:21:05,697] INFO [ControllerEventThread controllerId=0] Shutdown completed (kafka.controller.ControllerEventManager$ControllerEventThread)
[2024-10-08 19:21:05,697] DEBUG [Controller id=0] Resigning (kafka.controller.KafkaController)
[2024-10-08 19:21:05,697] DEBUG [Controller id=0] Unregister BrokerModifications handler for Set(0) (kafka.controller.KafkaController)
[2024-10-08 19:21:05,698] INFO [PartitionStateMachine controllerId=0] Stopped partition state machine (kafka.controller.ZkPartitionStateMachine)
[2024-10-08 19:21:05,698] INFO [ReplicaStateMachine controllerId=0] Stopped replica state machine (kafka.controller.ZkReplicaStateMachine)
[2024-10-08 19:21:05,699] INFO [RequestSendThread controllerId=0] Shutting down (kafka.controller.RequestSendThread)
[2024-10-08 19:21:05,699] INFO [RequestSendThread controllerId=0] Stopped (kafka.controller.RequestSendThread)
[2024-10-08 19:21:05,699] INFO [RequestSendThread controllerId=0] Shutdown completed (kafka.controller.RequestSendThread)
[2024-10-08 19:21:05,700] INFO [Controller id=0] Resigned (kafka.controller.KafkaController)
