[2024-09-25T20:44:21.496+0200][gc,init] CardTable entry size: 512
[2024-09-25T20:44:21.496+0200][gc     ] Using G1
[2024-09-25T20:44:21.505+0200][gc,init] Version: 22.0.2+9 (release)
[2024-09-25T20:44:21.505+0200][gc,init] CPUs: 12 total, 12 available
[2024-09-25T20:44:21.505+0200][gc,init] Memory: 31933M
[2024-09-25T20:44:21.505+0200][gc,init] Large Page Support: Disabled
[2024-09-25T20:44:21.505+0200][gc,init] NUMA Support: Disabled
[2024-09-25T20:44:21.505+0200][gc,init] Compressed Oops: Enabled (32-bit)
[2024-09-25T20:44:21.505+0200][gc,init] Heap Region Size: 1M
[2024-09-25T20:44:21.505+0200][gc,init] Heap Min Capacity: 1G
[2024-09-25T20:44:21.505+0200][gc,init] Heap Initial Capacity: 1G
[2024-09-25T20:44:21.505+0200][gc,init] Heap Max Capacity: 1G
[2024-09-25T20:44:21.505+0200][gc,init] Pre-touch: Disabled
[2024-09-25T20:44:21.505+0200][gc,init] Parallel Workers: 10
[2024-09-25T20:44:21.505+0200][gc,init] Concurrent Workers: 3
[2024-09-25T20:44:21.505+0200][gc,init] Concurrent Refinement Workers: 10
[2024-09-25T20:44:21.505+0200][gc,init] Periodic GC: Disabled
[2024-09-25T20:44:21.513+0200][gc,metaspace] CDS archive(s) mapped at: [0x00007f8722000000-0x00007f8722c75000-0x00007f8722c75000), size 13062144, SharedBaseAddress: 0x00007f8722000000, ArchiveRelocationMode: 1.
[2024-09-25T20:44:21.513+0200][gc,metaspace] Compressed class space mapped at: 0x00007f8723000000-0x00007f8763000000, reserved size: 1073741824
[2024-09-25T20:44:21.513+0200][gc,metaspace] Narrow klass base: 0x00007f8722000000, Narrow klass shift: 0, Narrow klass range: 0x100000000
[2024-09-25T20:44:22.124+0200][gc,start    ] GC(0) Pause Young (Normal) (G1 Evacuation Pause)
[2024-09-25T20:44:22.125+0200][gc,task     ] GC(0) Using 10 workers of 10 for evacuation
[2024-09-25T20:44:22.132+0200][gc,phases   ] GC(0)   Pre Evacuate Collection Set: 0.21ms
[2024-09-25T20:44:22.132+0200][gc,phases   ] GC(0)   Merge Heap Roots: 0.08ms
[2024-09-25T20:44:22.132+0200][gc,phases   ] GC(0)   Evacuate Collection Set: 6.02ms
[2024-09-25T20:44:22.132+0200][gc,phases   ] GC(0)   Post Evacuate Collection Set: 0.39ms
[2024-09-25T20:44:22.132+0200][gc,phases   ] GC(0)   Other: 1.16ms
[2024-09-25T20:44:22.132+0200][gc,heap     ] GC(0) Eden regions: 51->0(44)
[2024-09-25T20:44:22.132+0200][gc,heap     ] GC(0) Survivor regions: 0->7(7)
[2024-09-25T20:44:22.132+0200][gc,heap     ] GC(0) Old regions: 2->4
[2024-09-25T20:44:22.132+0200][gc,heap     ] GC(0) Humongous regions: 0->0
[2024-09-25T20:44:22.132+0200][gc,metaspace] GC(0) Metaspace: 17160K(17408K)->17160K(17408K) NonClass: 15129K(15296K)->15129K(15296K) Class: 2030K(2112K)->2030K(2112K)
[2024-09-25T20:44:22.132+0200][gc          ] GC(0) Pause Young (Normal) (G1 Evacuation Pause) 52M->9M(1024M) 8.072ms
[2024-09-25T20:44:22.132+0200][gc,cpu      ] GC(0) User=0.00s Sys=0.06s Real=0.01s
[2024-09-25T20:44:22.310+0200][gc,start    ] GC(1) Pause Young (Concurrent Start) (Metadata GC Threshold)
[2024-09-25T20:44:22.311+0200][gc,task     ] GC(1) Using 10 workers of 10 for evacuation
[2024-09-25T20:44:22.317+0200][gc,phases   ] GC(1)   Pre Evacuate Collection Set: 0.23ms
[2024-09-25T20:44:22.317+0200][gc,phases   ] GC(1)   Merge Heap Roots: 0.03ms
[2024-09-25T20:44:22.317+0200][gc,phases   ] GC(1)   Evacuate Collection Set: 5.21ms
[2024-09-25T20:44:22.317+0200][gc,phases   ] GC(1)   Post Evacuate Collection Set: 0.75ms
[2024-09-25T20:44:22.317+0200][gc,phases   ] GC(1)   Other: 0.13ms
[2024-09-25T20:44:22.317+0200][gc,heap     ] GC(1) Eden regions: 17->0(49)
[2024-09-25T20:44:22.317+0200][gc,heap     ] GC(1) Survivor regions: 7->2(7)
[2024-09-25T20:44:22.317+0200][gc,heap     ] GC(1) Old regions: 4->11
[2024-09-25T20:44:22.317+0200][gc,heap     ] GC(1) Humongous regions: 0->0
[2024-09-25T20:44:22.317+0200][gc,metaspace] GC(1) Metaspace: 21257K(21504K)->21257K(21504K) NonClass: 18713K(18880K)->18713K(18880K) Class: 2544K(2624K)->2544K(2624K)
[2024-09-25T20:44:22.317+0200][gc          ] GC(1) Pause Young (Concurrent Start) (Metadata GC Threshold) 26M->10M(1024M) 6.597ms
[2024-09-25T20:44:22.317+0200][gc,cpu      ] GC(1) User=0.03s Sys=0.02s Real=0.00s
[2024-09-25T20:44:22.317+0200][gc          ] GC(2) Concurrent Mark Cycle
[2024-09-25T20:44:22.317+0200][gc,marking  ] GC(2) Concurrent Scan Root Regions
[2024-09-25T20:44:22.319+0200][gc,marking  ] GC(2) Concurrent Scan Root Regions 2.047ms
[2024-09-25T20:44:22.319+0200][gc,marking  ] GC(2) Concurrent Mark
[2024-09-25T20:44:22.319+0200][gc,marking  ] GC(2) Concurrent Mark From Roots
[2024-09-25T20:44:22.319+0200][gc,task     ] GC(2) Using 3 workers of 3 for marking
[2024-09-25T20:44:22.321+0200][gc,marking  ] GC(2) Concurrent Mark From Roots 2.155ms
[2024-09-25T20:44:22.321+0200][gc,marking  ] GC(2) Concurrent Preclean
[2024-09-25T20:44:22.321+0200][gc,marking  ] GC(2) Concurrent Preclean 0.008ms
[2024-09-25T20:44:22.322+0200][gc,start    ] GC(2) Pause Remark
[2024-09-25T20:44:22.323+0200][gc          ] GC(2) Pause Remark 11M->11M(1024M) 1.144ms
[2024-09-25T20:44:22.323+0200][gc,cpu      ] GC(2) User=0.00s Sys=0.00s Real=0.00s
[2024-09-25T20:44:22.323+0200][gc,marking  ] GC(2) Concurrent Mark 3.479ms
[2024-09-25T20:44:22.323+0200][gc,marking  ] GC(2) Concurrent Rebuild Remembered Sets and Scrub Regions
[2024-09-25T20:44:22.324+0200][gc,marking  ] GC(2) Concurrent Rebuild Remembered Sets and Scrub Regions 1.479ms
[2024-09-25T20:44:22.324+0200][gc,start    ] GC(2) Pause Cleanup
[2024-09-25T20:44:22.324+0200][gc          ] GC(2) Pause Cleanup 11M->11M(1024M) 0.109ms
[2024-09-25T20:44:22.324+0200][gc,cpu      ] GC(2) User=0.00s Sys=0.00s Real=0.00s
[2024-09-25T20:44:22.325+0200][gc,marking  ] GC(2) Concurrent Clear Claimed Marks
[2024-09-25T20:44:22.325+0200][gc,marking  ] GC(2) Concurrent Clear Claimed Marks 0.019ms
[2024-09-25T20:44:22.325+0200][gc,marking  ] GC(2) Concurrent Cleanup for Next Mark
[2024-09-25T20:44:22.327+0200][gc,marking  ] GC(2) Concurrent Cleanup for Next Mark 2.044ms
[2024-09-25T20:44:22.327+0200][gc          ] GC(2) Concurrent Mark Cycle 9.654ms
[2024-09-25T20:44:22.810+0200][gc,start    ] GC(3) Pause Young (Prepare Mixed) (G1 Evacuation Pause)
[2024-09-25T20:44:22.810+0200][gc,task     ] GC(3) Using 10 workers of 10 for evacuation
[2024-09-25T20:44:22.814+0200][gc,phases   ] GC(3)   Pre Evacuate Collection Set: 0.29ms
[2024-09-25T20:44:22.814+0200][gc,phases   ] GC(3)   Merge Heap Roots: 0.07ms
[2024-09-25T20:44:22.814+0200][gc,phases   ] GC(3)   Evacuate Collection Set: 3.05ms
[2024-09-25T20:44:22.814+0200][gc,phases   ] GC(3)   Post Evacuate Collection Set: 0.63ms
[2024-09-25T20:44:22.814+0200][gc,phases   ] GC(3)   Other: 0.08ms
[2024-09-25T20:44:22.814+0200][gc,heap     ] GC(3) Eden regions: 49->0(45)
[2024-09-25T20:44:22.814+0200][gc,heap     ] GC(3) Survivor regions: 2->6(7)
[2024-09-25T20:44:22.814+0200][gc,heap     ] GC(3) Old regions: 11->11
[2024-09-25T20:44:22.814+0200][gc,heap     ] GC(3) Humongous regions: 129->129
[2024-09-25T20:44:22.814+0200][gc,metaspace] GC(3) Metaspace: 32467K(32704K)->32467K(32704K) NonClass: 28796K(28928K)->28796K(28928K) Class: 3671K(3776K)->3671K(3776K)
[2024-09-25T20:44:22.814+0200][gc          ] GC(3) Pause Young (Prepare Mixed) (G1 Evacuation Pause) 188M->144M(1024M) 4.366ms
[2024-09-25T20:44:22.814+0200][gc,cpu      ] GC(3) User=0.03s Sys=0.00s Real=0.00s
[2024-09-25T20:44:48.714+0200][gc,start    ] GC(4) Pause Young (Mixed) (Metadata GC Threshold)
[2024-09-25T20:44:48.714+0200][gc,task     ] GC(4) Using 10 workers of 10 for evacuation
[2024-09-25T20:44:48.723+0200][gc,phases   ] GC(4)   Pre Evacuate Collection Set: 0.54ms
[2024-09-25T20:44:48.723+0200][gc,phases   ] GC(4)   Merge Heap Roots: 0.19ms
[2024-09-25T20:44:48.723+0200][gc,phases   ] GC(4)   Evacuate Collection Set: 7.81ms
[2024-09-25T20:44:48.723+0200][gc,phases   ] GC(4)   Post Evacuate Collection Set: 0.32ms
[2024-09-25T20:44:48.723+0200][gc,phases   ] GC(4)   Other: 0.11ms
[2024-09-25T20:44:48.723+0200][gc,heap     ] GC(4) Eden regions: 15->0(49)
[2024-09-25T20:44:48.723+0200][gc,heap     ] GC(4) Survivor regions: 6->2(7)
[2024-09-25T20:44:48.723+0200][gc,heap     ] GC(4) Old regions: 11->16
[2024-09-25T20:44:48.723+0200][gc,heap     ] GC(4) Humongous regions: 129->129
[2024-09-25T20:44:48.723+0200][gc,metaspace] GC(4) Metaspace: 35652K(35968K)->35652K(35968K) NonClass: 31586K(31744K)->31586K(31744K) Class: 4065K(4224K)->4065K(4224K)
[2024-09-25T20:44:48.723+0200][gc          ] GC(4) Pause Young (Mixed) (Metadata GC Threshold) 158M->145M(1024M) 9.217ms
[2024-09-25T20:44:48.723+0200][gc,cpu      ] GC(4) User=0.08s Sys=0.00s Real=0.01s
[2024-09-25T20:47:38.605+0200][gc,start    ] GC(5) Pause Young (Concurrent Start) (Metadata GC Threshold)
[2024-09-25T20:47:38.605+0200][gc,task     ] GC(5) Using 10 workers of 10 for evacuation
[2024-09-25T20:47:38.607+0200][gc,phases   ] GC(5)   Pre Evacuate Collection Set: 0.45ms
[2024-09-25T20:47:38.607+0200][gc,phases   ] GC(5)   Merge Heap Roots: 0.09ms
[2024-09-25T20:47:38.607+0200][gc,phases   ] GC(5)   Evacuate Collection Set: 1.22ms
[2024-09-25T20:47:38.607+0200][gc,phases   ] GC(5)   Post Evacuate Collection Set: 0.39ms
[2024-09-25T20:47:38.607+0200][gc,phases   ] GC(5)   Other: 0.19ms
[2024-09-25T20:47:38.607+0200][gc,heap     ] GC(5) Eden regions: 6->0(50)
[2024-09-25T20:47:38.607+0200][gc,heap     ] GC(5) Survivor regions: 2->1(7)
[2024-09-25T20:47:38.607+0200][gc,heap     ] GC(5) Old regions: 16->16
[2024-09-25T20:47:38.607+0200][gc,heap     ] GC(5) Humongous regions: 129->129
[2024-09-25T20:47:38.607+0200][gc,metaspace] GC(5) Metaspace: 35966K(36288K)->35966K(36288K) NonClass: 31845K(32000K)->31845K(32000K) Class: 4121K(4288K)->4121K(4288K)
[2024-09-25T20:47:38.607+0200][gc          ] GC(5) Pause Young (Concurrent Start) (Metadata GC Threshold) 151M->144M(1024M) 2.627ms
[2024-09-25T20:47:38.607+0200][gc,cpu      ] GC(5) User=0.01s Sys=0.01s Real=0.00s
[2024-09-25T20:47:38.607+0200][gc          ] GC(6) Concurrent Mark Cycle
[2024-09-25T20:47:38.607+0200][gc,marking  ] GC(6) Concurrent Scan Root Regions
[2024-09-25T20:47:38.609+0200][gc,marking  ] GC(6) Concurrent Scan Root Regions 1.573ms
[2024-09-25T20:47:38.609+0200][gc,marking  ] GC(6) Concurrent Mark
[2024-09-25T20:47:38.609+0200][gc,marking  ] GC(6) Concurrent Mark From Roots
[2024-09-25T20:47:38.609+0200][gc,task     ] GC(6) Using 3 workers of 3 for marking
[2024-09-25T20:47:38.618+0200][gc,marking  ] GC(6) Concurrent Mark From Roots 9.066ms
[2024-09-25T20:47:38.618+0200][gc,marking  ] GC(6) Concurrent Preclean
[2024-09-25T20:47:38.618+0200][gc,marking  ] GC(6) Concurrent Preclean 0.038ms
[2024-09-25T20:47:38.618+0200][gc,start    ] GC(6) Pause Remark
[2024-09-25T20:47:38.620+0200][gc          ] GC(6) Pause Remark 146M->146M(1024M) 1.795ms
[2024-09-25T20:47:38.620+0200][gc,cpu      ] GC(6) User=0.01s Sys=0.00s Real=0.01s
[2024-09-25T20:47:38.620+0200][gc,marking  ] GC(6) Concurrent Mark 11.176ms
[2024-09-25T20:47:38.620+0200][gc,marking  ] GC(6) Concurrent Rebuild Remembered Sets and Scrub Regions
[2024-09-25T20:47:38.624+0200][gc,marking  ] GC(6) Concurrent Rebuild Remembered Sets and Scrub Regions 3.621ms
[2024-09-25T20:47:38.624+0200][gc,start    ] GC(6) Pause Cleanup
[2024-09-25T20:47:38.624+0200][gc          ] GC(6) Pause Cleanup 146M->146M(1024M) 0.147ms
[2024-09-25T20:47:38.624+0200][gc,cpu      ] GC(6) User=0.00s Sys=0.00s Real=0.00s
[2024-09-25T20:47:38.624+0200][gc,marking  ] GC(6) Concurrent Clear Claimed Marks
[2024-09-25T20:47:38.624+0200][gc,marking  ] GC(6) Concurrent Clear Claimed Marks 0.033ms
[2024-09-25T20:47:38.624+0200][gc,marking  ] GC(6) Concurrent Cleanup for Next Mark
[2024-09-25T20:47:38.625+0200][gc,marking  ] GC(6) Concurrent Cleanup for Next Mark 1.106ms
[2024-09-25T20:47:38.625+0200][gc          ] GC(6) Concurrent Mark Cycle 18.074ms
[2024-09-25T20:47:38.810+0200][gc,heap,exit] Heap
[2024-09-25T20:47:38.810+0200][gc,heap,exit]  garbage-first heap   total reserved 1048576K, committed 1048576K, used 160766K [0x00000000c0000000, 0x0000000100000000)
[2024-09-25T20:47:38.810+0200][gc,heap,exit]   region size 1024K, 14 young (14336K), 1 survivors (1024K)
[2024-09-25T20:47:38.810+0200][gc,heap,exit]  Metaspace       used 36929K, committed 37248K, reserved 1114112K
[2024-09-25T20:47:38.810+0200][gc,heap,exit]   class space    used 4300K, committed 4416K, reserved 1048576K
