[2024-09-25T20:16:05.367+0200][gc,init] CardTable entry size: 512
[2024-09-25T20:16:05.367+0200][gc     ] Using G1
[2024-09-25T20:16:05.375+0200][gc,init] Version: 22.0.2+9 (release)
[2024-09-25T20:16:05.375+0200][gc,init] CPUs: 12 total, 12 available
[2024-09-25T20:16:05.375+0200][gc,init] Memory: 31933M
[2024-09-25T20:16:05.375+0200][gc,init] Large Page Support: Disabled
[2024-09-25T20:16:05.375+0200][gc,init] NUMA Support: Disabled
[2024-09-25T20:16:05.375+0200][gc,init] Compressed Oops: Enabled (32-bit)
[2024-09-25T20:16:05.375+0200][gc,init] Heap Region Size: 1M
[2024-09-25T20:16:05.375+0200][gc,init] Heap Min Capacity: 1G
[2024-09-25T20:16:05.375+0200][gc,init] Heap Initial Capacity: 1G
[2024-09-25T20:16:05.375+0200][gc,init] Heap Max Capacity: 1G
[2024-09-25T20:16:05.375+0200][gc,init] Pre-touch: Disabled
[2024-09-25T20:16:05.375+0200][gc,init] Parallel Workers: 10
[2024-09-25T20:16:05.375+0200][gc,init] Concurrent Workers: 3
[2024-09-25T20:16:05.375+0200][gc,init] Concurrent Refinement Workers: 10
[2024-09-25T20:16:05.375+0200][gc,init] Periodic GC: Disabled
[2024-09-25T20:16:05.382+0200][gc,metaspace] CDS archive(s) mapped at: [0x00007f2d1e000000-0x00007f2d1ec75000-0x00007f2d1ec75000), size 13062144, SharedBaseAddress: 0x00007f2d1e000000, ArchiveRelocationMode: 1.
[2024-09-25T20:16:05.382+0200][gc,metaspace] Compressed class space mapped at: 0x00007f2d1f000000-0x00007f2d5f000000, reserved size: 1073741824
[2024-09-25T20:16:05.382+0200][gc,metaspace] Narrow klass base: 0x00007f2d1e000000, Narrow klass shift: 0, Narrow klass range: 0x100000000
[2024-09-25T20:16:14.269+0200][gc,start    ] GC(0) Pause Young (Normal) (G1 Evacuation Pause)
[2024-09-25T20:16:14.270+0200][gc,task     ] GC(0) Using 10 workers of 10 for evacuation
[2024-09-25T20:16:14.277+0200][gc,phases   ] GC(0)   Pre Evacuate Collection Set: 0.19ms
[2024-09-25T20:16:14.277+0200][gc,phases   ] GC(0)   Merge Heap Roots: 0.10ms
[2024-09-25T20:16:14.277+0200][gc,phases   ] GC(0)   Evacuate Collection Set: 5.82ms
[2024-09-25T20:16:14.277+0200][gc,phases   ] GC(0)   Post Evacuate Collection Set: 0.68ms
[2024-09-25T20:16:14.277+0200][gc,phases   ] GC(0)   Other: 1.12ms
[2024-09-25T20:16:14.277+0200][gc,heap     ] GC(0) Eden regions: 51->0(44)
[2024-09-25T20:16:14.277+0200][gc,heap     ] GC(0) Survivor regions: 0->7(7)
[2024-09-25T20:16:14.277+0200][gc,heap     ] GC(0) Old regions: 2->3
[2024-09-25T20:16:14.277+0200][gc,heap     ] GC(0) Humongous regions: 0->0
[2024-09-25T20:16:14.277+0200][gc,metaspace] GC(0) Metaspace: 17270K(17408K)->17270K(17408K) NonClass: 15233K(15296K)->15233K(15296K) Class: 2037K(2112K)->2037K(2112K)
[2024-09-25T20:16:14.277+0200][gc          ] GC(0) Pause Young (Normal) (G1 Evacuation Pause) 52M->8M(1024M) 8.116ms
[2024-09-25T20:16:14.277+0200][gc,cpu      ] GC(0) User=0.02s Sys=0.03s Real=0.01s
[2024-09-25T20:16:14.920+0200][gc,start    ] GC(1) Pause Young (Concurrent Start) (Metadata GC Threshold)
[2024-09-25T20:16:14.920+0200][gc,task     ] GC(1) Using 10 workers of 10 for evacuation
[2024-09-25T20:16:14.928+0200][gc,phases   ] GC(1)   Pre Evacuate Collection Set: 0.31ms
[2024-09-25T20:16:14.929+0200][gc,phases   ] GC(1)   Merge Heap Roots: 0.07ms
[2024-09-25T20:16:14.929+0200][gc,phases   ] GC(1)   Evacuate Collection Set: 7.31ms
[2024-09-25T20:16:14.929+0200][gc,phases   ] GC(1)   Post Evacuate Collection Set: 0.70ms
[2024-09-25T20:16:14.929+0200][gc,phases   ] GC(1)   Other: 0.15ms
[2024-09-25T20:16:14.929+0200][gc,heap     ] GC(1) Eden regions: 16->0(49)
[2024-09-25T20:16:14.929+0200][gc,heap     ] GC(1) Survivor regions: 7->2(7)
[2024-09-25T20:16:14.929+0200][gc,heap     ] GC(1) Old regions: 3->11
[2024-09-25T20:16:14.929+0200][gc,heap     ] GC(1) Humongous regions: 0->0
[2024-09-25T20:16:14.929+0200][gc,metaspace] GC(1) Metaspace: 21282K(21504K)->21282K(21504K) NonClass: 18757K(18880K)->18757K(18880K) Class: 2525K(2624K)->2525K(2624K)
[2024-09-25T20:16:14.929+0200][gc          ] GC(1) Pause Young (Concurrent Start) (Metadata GC Threshold) 24M->11M(1024M) 8.746ms
[2024-09-25T20:16:14.929+0200][gc,cpu      ] GC(1) User=0.05s Sys=0.02s Real=0.01s
[2024-09-25T20:16:14.929+0200][gc          ] GC(2) Concurrent Mark Cycle
[2024-09-25T20:16:14.929+0200][gc,marking  ] GC(2) Concurrent Scan Root Regions
[2024-09-25T20:16:14.931+0200][gc,marking  ] GC(2) Concurrent Scan Root Regions 2.192ms
[2024-09-25T20:16:14.931+0200][gc,marking  ] GC(2) Concurrent Mark
[2024-09-25T20:16:14.931+0200][gc,marking  ] GC(2) Concurrent Mark From Roots
[2024-09-25T20:16:14.931+0200][gc,task     ] GC(2) Using 3 workers of 3 for marking
[2024-09-25T20:16:14.933+0200][gc,marking  ] GC(2) Concurrent Mark From Roots 2.094ms
[2024-09-25T20:16:14.933+0200][gc,marking  ] GC(2) Concurrent Preclean
[2024-09-25T20:16:14.933+0200][gc,marking  ] GC(2) Concurrent Preclean 0.008ms
[2024-09-25T20:16:14.933+0200][gc,start    ] GC(2) Pause Remark
[2024-09-25T20:16:14.935+0200][gc          ] GC(2) Pause Remark 12M->12M(1024M) 1.796ms
[2024-09-25T20:16:14.935+0200][gc,cpu      ] GC(2) User=0.00s Sys=0.00s Real=0.00s
[2024-09-25T20:16:14.935+0200][gc,marking  ] GC(2) Concurrent Mark 4.090ms
[2024-09-25T20:16:14.935+0200][gc,marking  ] GC(2) Concurrent Rebuild Remembered Sets and Scrub Regions
[2024-09-25T20:16:14.937+0200][gc,marking  ] GC(2) Concurrent Rebuild Remembered Sets and Scrub Regions 1.878ms
[2024-09-25T20:16:14.937+0200][gc,start    ] GC(2) Pause Cleanup
[2024-09-25T20:16:14.937+0200][gc          ] GC(2) Pause Cleanup 12M->12M(1024M) 0.174ms
[2024-09-25T20:16:14.937+0200][gc,cpu      ] GC(2) User=0.00s Sys=0.00s Real=0.00s
[2024-09-25T20:16:14.937+0200][gc,marking  ] GC(2) Concurrent Clear Claimed Marks
[2024-09-25T20:16:14.937+0200][gc,marking  ] GC(2) Concurrent Clear Claimed Marks 0.018ms
[2024-09-25T20:16:14.937+0200][gc,marking  ] GC(2) Concurrent Cleanup for Next Mark
[2024-09-25T20:16:14.939+0200][gc,marking  ] GC(2) Concurrent Cleanup for Next Mark 1.917ms
[2024-09-25T20:16:14.939+0200][gc          ] GC(2) Concurrent Mark Cycle 10.591ms
[2024-09-25T20:16:17.235+0200][gc,start    ] GC(3) Pause Young (Prepare Mixed) (G1 Evacuation Pause)
[2024-09-25T20:16:17.235+0200][gc,task     ] GC(3) Using 10 workers of 10 for evacuation
[2024-09-25T20:16:17.239+0200][gc,phases   ] GC(3)   Pre Evacuate Collection Set: 0.23ms
[2024-09-25T20:16:17.239+0200][gc,phases   ] GC(3)   Merge Heap Roots: 0.04ms
[2024-09-25T20:16:17.239+0200][gc,phases   ] GC(3)   Evacuate Collection Set: 2.75ms
[2024-09-25T20:16:17.239+0200][gc,phases   ] GC(3)   Post Evacuate Collection Set: 0.42ms
[2024-09-25T20:16:17.239+0200][gc,phases   ] GC(3)   Other: 0.05ms
[2024-09-25T20:16:17.239+0200][gc,heap     ] GC(3) Eden regions: 49->0(44)
[2024-09-25T20:16:17.239+0200][gc,heap     ] GC(3) Survivor regions: 2->7(7)
[2024-09-25T20:16:17.239+0200][gc,heap     ] GC(3) Old regions: 11->11
[2024-09-25T20:16:17.239+0200][gc,heap     ] GC(3) Humongous regions: 129->129
[2024-09-25T20:16:17.239+0200][gc,metaspace] GC(3) Metaspace: 32316K(32640K)->32316K(32640K) NonClass: 28707K(28864K)->28707K(28864K) Class: 3609K(3776K)->3609K(3776K)
[2024-09-25T20:16:17.239+0200][gc          ] GC(3) Pause Young (Prepare Mixed) (G1 Evacuation Pause) 189M->145M(1024M) 3.685ms
[2024-09-25T20:16:17.239+0200][gc,cpu      ] GC(3) User=0.03s Sys=0.00s Real=0.00s
[2024-09-25T20:16:17.671+0200][gc,start    ] GC(4) Pause Young (Mixed) (Metadata GC Threshold)
[2024-09-25T20:16:17.671+0200][gc,task     ] GC(4) Using 10 workers of 10 for evacuation
[2024-09-25T20:16:17.679+0200][gc,phases   ] GC(4)   Pre Evacuate Collection Set: 0.22ms
[2024-09-25T20:16:17.679+0200][gc,phases   ] GC(4)   Merge Heap Roots: 0.05ms
[2024-09-25T20:16:17.679+0200][gc,phases   ] GC(4)   Evacuate Collection Set: 7.04ms
[2024-09-25T20:16:17.679+0200][gc,phases   ] GC(4)   Post Evacuate Collection Set: 0.37ms
[2024-09-25T20:16:17.679+0200][gc,phases   ] GC(4)   Other: 0.06ms
[2024-09-25T20:16:17.679+0200][gc,heap     ] GC(4) Eden regions: 15->0(49)
[2024-09-25T20:16:17.679+0200][gc,heap     ] GC(4) Survivor regions: 7->2(7)
[2024-09-25T20:16:17.679+0200][gc,heap     ] GC(4) Old regions: 11->17
[2024-09-25T20:16:17.679+0200][gc,heap     ] GC(4) Humongous regions: 129->129
[2024-09-25T20:16:17.679+0200][gc,metaspace] GC(4) Metaspace: 35664K(35968K)->35664K(35968K) NonClass: 31604K(31744K)->31604K(31744K) Class: 4059K(4224K)->4059K(4224K)
[2024-09-25T20:16:17.679+0200][gc          ] GC(4) Pause Young (Mixed) (Metadata GC Threshold) 159M->146M(1024M) 7.944ms
[2024-09-25T20:16:17.679+0200][gc,cpu      ] GC(4) User=0.02s Sys=0.05s Real=0.00s
[2024-09-25T20:16:44.960+0200][gc,start    ] GC(5) Pause Young (Concurrent Start) (Metadata GC Threshold)
[2024-09-25T20:16:44.960+0200][gc,task     ] GC(5) Using 10 workers of 10 for evacuation
[2024-09-25T20:16:44.964+0200][gc,phases   ] GC(5)   Pre Evacuate Collection Set: 0.61ms
[2024-09-25T20:16:44.964+0200][gc,phases   ] GC(5)   Merge Heap Roots: 0.18ms
[2024-09-25T20:16:44.964+0200][gc,phases   ] GC(5)   Evacuate Collection Set: 2.31ms
[2024-09-25T20:16:44.964+0200][gc,phases   ] GC(5)   Post Evacuate Collection Set: 0.74ms
[2024-09-25T20:16:44.964+0200][gc,phases   ] GC(5)   Other: 0.25ms
[2024-09-25T20:16:44.964+0200][gc,heap     ] GC(5) Eden regions: 5->0(50)
[2024-09-25T20:16:44.964+0200][gc,heap     ] GC(5) Survivor regions: 2->1(7)
[2024-09-25T20:16:44.964+0200][gc,heap     ] GC(5) Old regions: 17->17
[2024-09-25T20:16:44.964+0200][gc,heap     ] GC(5) Humongous regions: 129->129
[2024-09-25T20:16:44.964+0200][gc,metaspace] GC(5) Metaspace: 35957K(36288K)->35957K(36288K) NonClass: 31844K(32000K)->31844K(32000K) Class: 4113K(4288K)->4113K(4288K)
[2024-09-25T20:16:44.964+0200][gc          ] GC(5) Pause Young (Concurrent Start) (Metadata GC Threshold) 151M->146M(1024M) 4.597ms
[2024-09-25T20:16:44.964+0200][gc,cpu      ] GC(5) User=0.02s Sys=0.01s Real=0.01s
[2024-09-25T20:16:44.964+0200][gc          ] GC(6) Concurrent Mark Cycle
[2024-09-25T20:16:44.965+0200][gc,marking  ] GC(6) Concurrent Scan Root Regions
[2024-09-25T20:16:44.968+0200][gc,marking  ] GC(6) Concurrent Scan Root Regions 3.257ms
[2024-09-25T20:16:44.968+0200][gc,marking  ] GC(6) Concurrent Mark
[2024-09-25T20:16:44.968+0200][gc,marking  ] GC(6) Concurrent Mark From Roots
[2024-09-25T20:16:44.968+0200][gc,task     ] GC(6) Using 3 workers of 3 for marking
[2024-09-25T20:16:44.975+0200][gc,marking  ] GC(6) Concurrent Mark From Roots 7.349ms
[2024-09-25T20:16:44.975+0200][gc,marking  ] GC(6) Concurrent Preclean
[2024-09-25T20:16:44.975+0200][gc,marking  ] GC(6) Concurrent Preclean 0.021ms
[2024-09-25T20:16:44.975+0200][gc,start    ] GC(6) Pause Remark
[2024-09-25T20:16:44.978+0200][gc          ] GC(6) Pause Remark 146M->146M(1024M) 2.195ms
[2024-09-25T20:16:44.978+0200][gc,cpu      ] GC(6) User=0.00s Sys=0.00s Real=0.00s
[2024-09-25T20:16:44.978+0200][gc,marking  ] GC(6) Concurrent Mark 9.797ms
[2024-09-25T20:16:44.978+0200][gc,marking  ] GC(6) Concurrent Rebuild Remembered Sets and Scrub Regions
[2024-09-25T20:16:44.981+0200][gc,marking  ] GC(6) Concurrent Rebuild Remembered Sets and Scrub Regions 3.349ms
[2024-09-25T20:16:44.981+0200][gc,start    ] GC(6) Pause Cleanup
[2024-09-25T20:16:44.983+0200][gc          ] GC(6) Pause Cleanup 146M->146M(1024M) 1.494ms
[2024-09-25T20:16:44.983+0200][gc,cpu      ] GC(6) User=0.00s Sys=0.00s Real=0.00s
[2024-09-25T20:16:44.983+0200][gc,marking  ] GC(6) Concurrent Clear Claimed Marks
[2024-09-25T20:16:44.983+0200][gc,marking  ] GC(6) Concurrent Clear Claimed Marks 0.022ms
[2024-09-25T20:16:44.983+0200][gc,marking  ] GC(6) Concurrent Cleanup for Next Mark
[2024-09-25T20:16:44.983+0200][gc,marking  ] GC(6) Concurrent Cleanup for Next Mark 0.600ms
[2024-09-25T20:16:44.983+0200][gc          ] GC(6) Concurrent Mark Cycle 18.930ms
[2024-09-25T20:44:16.656+0200][gc,heap,exit] Heap
[2024-09-25T20:44:16.656+0200][gc,heap,exit]  garbage-first heap   total reserved 1048576K, committed 1048576K, used 173467K [0x00000000c0000000, 0x0000000100000000)
[2024-09-25T20:44:16.656+0200][gc,heap,exit]   region size 1024K, 24 young (24576K), 1 survivors (1024K)
[2024-09-25T20:44:16.656+0200][gc,heap,exit]  Metaspace       used 37312K, committed 37696K, reserved 1114112K
[2024-09-25T20:44:16.656+0200][gc,heap,exit]   class space    used 4320K, committed 4480K, reserved 1048576K
