[2024-09-25T20:48:00.566+0200][gc,init] CardTable entry size: 512
[2024-09-25T20:48:00.566+0200][gc     ] Using G1
[2024-09-25T20:48:00.572+0200][gc,init] Version: 22.0.2+9 (release)
[2024-09-25T20:48:00.572+0200][gc,init] CPUs: 12 total, 12 available
[2024-09-25T20:48:00.572+0200][gc,init] Memory: 31933M
[2024-09-25T20:48:00.572+0200][gc,init] Large Page Support: Disabled
[2024-09-25T20:48:00.572+0200][gc,init] NUMA Support: Disabled
[2024-09-25T20:48:00.572+0200][gc,init] Compressed Oops: Enabled (32-bit)
[2024-09-25T20:48:00.572+0200][gc,init] Heap Region Size: 1M
[2024-09-25T20:48:00.572+0200][gc,init] Heap Min Capacity: 1G
[2024-09-25T20:48:00.572+0200][gc,init] Heap Initial Capacity: 1G
[2024-09-25T20:48:00.572+0200][gc,init] Heap Max Capacity: 1G
[2024-09-25T20:48:00.572+0200][gc,init] Pre-touch: Disabled
[2024-09-25T20:48:00.572+0200][gc,init] Parallel Workers: 10
[2024-09-25T20:48:00.572+0200][gc,init] Concurrent Workers: 3
[2024-09-25T20:48:00.572+0200][gc,init] Concurrent Refinement Workers: 10
[2024-09-25T20:48:00.572+0200][gc,init] Periodic GC: Disabled
[2024-09-25T20:48:00.579+0200][gc,metaspace] CDS archive(s) mapped at: [0x00007fe90e000000-0x00007fe90ec75000-0x00007fe90ec75000), size 13062144, SharedBaseAddress: 0x00007fe90e000000, ArchiveRelocationMode: 1.
[2024-09-25T20:48:00.579+0200][gc,metaspace] Compressed class space mapped at: 0x00007fe90f000000-0x00007fe94f000000, reserved size: 1073741824
[2024-09-25T20:48:00.579+0200][gc,metaspace] Narrow klass base: 0x00007fe90e000000, Narrow klass shift: 0, Narrow klass range: 0x100000000
[2024-09-25T20:48:01.201+0200][gc,start    ] GC(0) Pause Young (Normal) (G1 Evacuation Pause)
[2024-09-25T20:48:01.203+0200][gc,task     ] GC(0) Using 10 workers of 10 for evacuation
[2024-09-25T20:48:01.209+0200][gc,phases   ] GC(0)   Pre Evacuate Collection Set: 0.10ms
[2024-09-25T20:48:01.209+0200][gc,phases   ] GC(0)   Merge Heap Roots: 0.06ms
[2024-09-25T20:48:01.209+0200][gc,phases   ] GC(0)   Evacuate Collection Set: 6.09ms
[2024-09-25T20:48:01.209+0200][gc,phases   ] GC(0)   Post Evacuate Collection Set: 0.35ms
[2024-09-25T20:48:01.209+0200][gc,phases   ] GC(0)   Other: 1.14ms
[2024-09-25T20:48:01.209+0200][gc,heap     ] GC(0) Eden regions: 51->0(44)
[2024-09-25T20:48:01.209+0200][gc,heap     ] GC(0) Survivor regions: 0->7(7)
[2024-09-25T20:48:01.209+0200][gc,heap     ] GC(0) Old regions: 2->4
[2024-09-25T20:48:01.209+0200][gc,heap     ] GC(0) Humongous regions: 0->0
[2024-09-25T20:48:01.209+0200][gc,metaspace] GC(0) Metaspace: 17139K(17344K)->17139K(17344K) NonClass: 15108K(15232K)->15108K(15232K) Class: 2030K(2112K)->2030K(2112K)
[2024-09-25T20:48:01.209+0200][gc          ] GC(0) Pause Young (Normal) (G1 Evacuation Pause) 52M->9M(1024M) 7.909ms
[2024-09-25T20:48:01.209+0200][gc,cpu      ] GC(0) User=0.04s Sys=0.03s Real=0.00s
[2024-09-25T20:48:01.372+0200][gc,start    ] GC(1) Pause Young (Concurrent Start) (Metadata GC Threshold)
[2024-09-25T20:48:01.372+0200][gc,task     ] GC(1) Using 10 workers of 10 for evacuation
[2024-09-25T20:48:01.381+0200][gc,phases   ] GC(1)   Pre Evacuate Collection Set: 0.22ms
[2024-09-25T20:48:01.381+0200][gc,phases   ] GC(1)   Merge Heap Roots: 0.10ms
[2024-09-25T20:48:01.381+0200][gc,phases   ] GC(1)   Evacuate Collection Set: 8.56ms
[2024-09-25T20:48:01.381+0200][gc,phases   ] GC(1)   Post Evacuate Collection Set: 0.38ms
[2024-09-25T20:48:01.381+0200][gc,phases   ] GC(1)   Other: 0.11ms
[2024-09-25T20:48:01.381+0200][gc,heap     ] GC(1) Eden regions: 17->0(49)
[2024-09-25T20:48:01.381+0200][gc,heap     ] GC(1) Survivor regions: 7->2(7)
[2024-09-25T20:48:01.381+0200][gc,heap     ] GC(1) Old regions: 4->11
[2024-09-25T20:48:01.381+0200][gc,heap     ] GC(1) Humongous regions: 0->0
[2024-09-25T20:48:01.381+0200][gc,metaspace] GC(1) Metaspace: 21273K(21504K)->21273K(21504K) NonClass: 18726K(18816K)->18726K(18816K) Class: 2547K(2688K)->2547K(2688K)
[2024-09-25T20:48:01.381+0200][gc          ] GC(1) Pause Young (Concurrent Start) (Metadata GC Threshold) 26M->10M(1024M) 9.552ms
[2024-09-25T20:48:01.381+0200][gc,cpu      ] GC(1) User=0.00s Sys=0.08s Real=0.01s
[2024-09-25T20:48:01.381+0200][gc          ] GC(2) Concurrent Mark Cycle
[2024-09-25T20:48:01.381+0200][gc,marking  ] GC(2) Concurrent Scan Root Regions
[2024-09-25T20:48:01.383+0200][gc,marking  ] GC(2) Concurrent Scan Root Regions 1.795ms
[2024-09-25T20:48:01.383+0200][gc,marking  ] GC(2) Concurrent Mark
[2024-09-25T20:48:01.383+0200][gc,marking  ] GC(2) Concurrent Mark From Roots
[2024-09-25T20:48:01.383+0200][gc,task     ] GC(2) Using 3 workers of 3 for marking
[2024-09-25T20:48:01.386+0200][gc,marking  ] GC(2) Concurrent Mark From Roots 2.658ms
[2024-09-25T20:48:01.386+0200][gc,marking  ] GC(2) Concurrent Preclean
[2024-09-25T20:48:01.386+0200][gc,marking  ] GC(2) Concurrent Preclean 0.010ms
[2024-09-25T20:48:01.386+0200][gc,start    ] GC(2) Pause Remark
[2024-09-25T20:48:01.387+0200][gc          ] GC(2) Pause Remark 11M->11M(1024M) 1.301ms
[2024-09-25T20:48:01.387+0200][gc,cpu      ] GC(2) User=0.01s Sys=0.00s Real=0.00s
[2024-09-25T20:48:01.387+0200][gc,marking  ] GC(2) Concurrent Mark 4.209ms
[2024-09-25T20:48:01.387+0200][gc,marking  ] GC(2) Concurrent Rebuild Remembered Sets and Scrub Regions
[2024-09-25T20:48:01.389+0200][gc,marking  ] GC(2) Concurrent Rebuild Remembered Sets and Scrub Regions 1.461ms
[2024-09-25T20:48:01.405+0200][gc,start    ] GC(2) Pause Cleanup
[2024-09-25T20:48:01.406+0200][gc          ] GC(2) Pause Cleanup 140M->140M(1024M) 0.165ms
[2024-09-25T20:48:01.406+0200][gc,cpu      ] GC(2) User=0.00s Sys=0.00s Real=0.00s
[2024-09-25T20:48:01.406+0200][gc,marking  ] GC(2) Concurrent Clear Claimed Marks
[2024-09-25T20:48:01.406+0200][gc,marking  ] GC(2) Concurrent Clear Claimed Marks 0.021ms
[2024-09-25T20:48:01.406+0200][gc,marking  ] GC(2) Concurrent Cleanup for Next Mark
[2024-09-25T20:48:01.407+0200][gc,marking  ] GC(2) Concurrent Cleanup for Next Mark 1.669ms
[2024-09-25T20:48:01.407+0200][gc          ] GC(2) Concurrent Mark Cycle 26.101ms
[2024-09-25T20:48:01.917+0200][gc,start    ] GC(3) Pause Young (Prepare Mixed) (G1 Evacuation Pause)
[2024-09-25T20:48:01.917+0200][gc,task     ] GC(3) Using 10 workers of 10 for evacuation
[2024-09-25T20:48:01.920+0200][gc,phases   ] GC(3)   Pre Evacuate Collection Set: 0.21ms
[2024-09-25T20:48:01.920+0200][gc,phases   ] GC(3)   Merge Heap Roots: 0.04ms
[2024-09-25T20:48:01.920+0200][gc,phases   ] GC(3)   Evacuate Collection Set: 2.03ms
[2024-09-25T20:48:01.920+0200][gc,phases   ] GC(3)   Post Evacuate Collection Set: 0.49ms
[2024-09-25T20:48:01.920+0200][gc,phases   ] GC(3)   Other: 0.07ms
[2024-09-25T20:48:01.920+0200][gc,heap     ] GC(3) Eden regions: 49->0(45)
[2024-09-25T20:48:01.920+0200][gc,heap     ] GC(3) Survivor regions: 2->6(7)
[2024-09-25T20:48:01.920+0200][gc,heap     ] GC(3) Old regions: 11->11
[2024-09-25T20:48:01.920+0200][gc,heap     ] GC(3) Humongous regions: 129->129
[2024-09-25T20:48:01.920+0200][gc,metaspace] GC(3) Metaspace: 32396K(32704K)->32396K(32704K) NonClass: 28727K(28928K)->28727K(28928K) Class: 3668K(3776K)->3668K(3776K)
[2024-09-25T20:48:01.920+0200][gc          ] GC(3) Pause Young (Prepare Mixed) (G1 Evacuation Pause) 188M->144M(1024M) 3.056ms
[2024-09-25T20:48:01.920+0200][gc,cpu      ] GC(3) User=0.03s Sys=0.00s Real=0.01s
[2024-09-25T20:48:31.364+0200][gc,start    ] GC(4) Pause Young (Mixed) (Metadata GC Threshold)
[2024-09-25T20:48:31.364+0200][gc,task     ] GC(4) Using 10 workers of 10 for evacuation
[2024-09-25T20:48:31.370+0200][gc,phases   ] GC(4)   Pre Evacuate Collection Set: 0.27ms
[2024-09-25T20:48:31.370+0200][gc,phases   ] GC(4)   Merge Heap Roots: 0.04ms
[2024-09-25T20:48:31.370+0200][gc,phases   ] GC(4)   Evacuate Collection Set: 5.27ms
[2024-09-25T20:48:31.370+0200][gc,phases   ] GC(4)   Post Evacuate Collection Set: 0.37ms
[2024-09-25T20:48:31.370+0200][gc,phases   ] GC(4)   Other: 0.06ms
[2024-09-25T20:48:31.370+0200][gc,heap     ] GC(4) Eden regions: 16->0(49)
[2024-09-25T20:48:31.370+0200][gc,heap     ] GC(4) Survivor regions: 6->2(7)
[2024-09-25T20:48:31.370+0200][gc,heap     ] GC(4) Old regions: 11->16
[2024-09-25T20:48:31.370+0200][gc,heap     ] GC(4) Humongous regions: 129->129
[2024-09-25T20:48:31.370+0200][gc,metaspace] GC(4) Metaspace: 35698K(35968K)->35698K(35968K) NonClass: 31605K(31744K)->31605K(31744K) Class: 4092K(4224K)->4092K(4224K)
[2024-09-25T20:48:31.370+0200][gc          ] GC(4) Pause Young (Mixed) (Metadata GC Threshold) 159M->145M(1024M) 6.204ms
[2024-09-25T20:48:31.370+0200][gc,cpu      ] GC(4) User=0.02s Sys=0.03s Real=0.01s
[2024-09-25T20:49:54.640+0200][gc,start    ] GC(5) Pause Young (Concurrent Start) (Metadata GC Threshold)
[2024-09-25T20:49:54.640+0200][gc,task     ] GC(5) Using 10 workers of 10 for evacuation
[2024-09-25T20:49:54.642+0200][gc,phases   ] GC(5)   Pre Evacuate Collection Set: 0.21ms
[2024-09-25T20:49:54.642+0200][gc,phases   ] GC(5)   Merge Heap Roots: 0.04ms
[2024-09-25T20:49:54.642+0200][gc,phases   ] GC(5)   Evacuate Collection Set: 0.92ms
[2024-09-25T20:49:54.642+0200][gc,phases   ] GC(5)   Post Evacuate Collection Set: 0.24ms
[2024-09-25T20:49:54.642+0200][gc,phases   ] GC(5)   Other: 0.11ms
[2024-09-25T20:49:54.642+0200][gc,heap     ] GC(5) Eden regions: 6->0(50)
[2024-09-25T20:49:54.642+0200][gc,heap     ] GC(5) Survivor regions: 2->1(7)
[2024-09-25T20:49:54.642+0200][gc,heap     ] GC(5) Old regions: 16->16
[2024-09-25T20:49:54.642+0200][gc,heap     ] GC(5) Humongous regions: 129->129
[2024-09-25T20:49:54.642+0200][gc,metaspace] GC(5) Metaspace: 35982K(36288K)->35982K(36288K) NonClass: 31836K(32000K)->31836K(32000K) Class: 4146K(4288K)->4146K(4288K)
[2024-09-25T20:49:54.642+0200][gc          ] GC(5) Pause Young (Concurrent Start) (Metadata GC Threshold) 150M->145M(1024M) 1.701ms
[2024-09-25T20:49:54.642+0200][gc          ] GC(6) Concurrent Mark Cycle
[2024-09-25T20:49:54.642+0200][gc,marking  ] GC(6) Concurrent Scan Root Regions
[2024-09-25T20:49:54.642+0200][gc,cpu      ] GC(5) User=0.01s Sys=0.00s Real=0.00s
[2024-09-25T20:49:54.643+0200][gc,marking  ] GC(6) Concurrent Scan Root Regions 1.454ms
[2024-09-25T20:49:54.643+0200][gc,marking  ] GC(6) Concurrent Mark
[2024-09-25T20:49:54.643+0200][gc,marking  ] GC(6) Concurrent Mark From Roots
[2024-09-25T20:49:54.643+0200][gc,task     ] GC(6) Using 3 workers of 3 for marking
[2024-09-25T20:49:54.652+0200][gc,marking  ] GC(6) Concurrent Mark From Roots 8.223ms
[2024-09-25T20:49:54.652+0200][gc,marking  ] GC(6) Concurrent Preclean
[2024-09-25T20:49:54.652+0200][gc,marking  ] GC(6) Concurrent Preclean 0.053ms
[2024-09-25T20:49:54.652+0200][gc,start    ] GC(6) Pause Remark
[2024-09-25T20:49:54.653+0200][gc          ] GC(6) Pause Remark 145M->145M(1024M) 1.521ms
[2024-09-25T20:49:54.653+0200][gc,cpu      ] GC(6) User=0.01s Sys=0.00s Real=0.00s
[2024-09-25T20:49:54.653+0200][gc,marking  ] GC(6) Concurrent Mark 10.026ms
[2024-09-25T20:49:54.653+0200][gc,marking  ] GC(6) Concurrent Rebuild Remembered Sets and Scrub Regions
[2024-09-25T20:49:54.657+0200][gc,marking  ] GC(6) Concurrent Rebuild Remembered Sets and Scrub Regions 3.163ms
[2024-09-25T20:49:54.657+0200][gc,start    ] GC(6) Pause Cleanup
[2024-09-25T20:49:54.657+0200][gc          ] GC(6) Pause Cleanup 145M->145M(1024M) 0.139ms
[2024-09-25T20:49:54.657+0200][gc,cpu      ] GC(6) User=0.00s Sys=0.00s Real=0.00s
[2024-09-25T20:49:54.657+0200][gc,marking  ] GC(6) Concurrent Clear Claimed Marks
[2024-09-25T20:49:54.657+0200][gc,marking  ] GC(6) Concurrent Clear Claimed Marks 0.033ms
[2024-09-25T20:49:54.657+0200][gc,marking  ] GC(6) Concurrent Cleanup for Next Mark
[2024-09-25T20:49:54.657+0200][gc,marking  ] GC(6) Concurrent Cleanup for Next Mark 0.555ms
[2024-09-25T20:49:54.658+0200][gc          ] GC(6) Concurrent Mark Cycle 15.661ms
