[2024-10-08T18:31:58.540+0200][gc,init] CardTable entry size: 512
[2024-10-08T18:31:58.541+0200][gc     ] Using G1
[2024-10-08T18:31:58.585+0200][gc,init] Version: 22.0.2+9 (release)
[2024-10-08T18:31:58.585+0200][gc,init] CPUs: 12 total, 12 available
[2024-10-08T18:31:58.586+0200][gc,init] Memory: 31933M
[2024-10-08T18:31:58.586+0200][gc,init] Large Page Support: Disabled
[2024-10-08T18:31:58.586+0200][gc,init] NUMA Support: Disabled
[2024-10-08T18:31:58.586+0200][gc,init] Compressed Oops: Enabled (32-bit)
[2024-10-08T18:31:58.586+0200][gc,init] Heap Region Size: 1M
[2024-10-08T18:31:58.586+0200][gc,init] Heap Min Capacity: 1G
[2024-10-08T18:31:58.586+0200][gc,init] Heap Initial Capacity: 1G
[2024-10-08T18:31:58.586+0200][gc,init] Heap Max Capacity: 1G
[2024-10-08T18:31:58.586+0200][gc,init] Pre-touch: Disabled
[2024-10-08T18:31:58.586+0200][gc,init] Parallel Workers: 10
[2024-10-08T18:31:58.586+0200][gc,init] Concurrent Workers: 3
[2024-10-08T18:31:58.586+0200][gc,init] Concurrent Refinement Workers: 10
[2024-10-08T18:31:58.586+0200][gc,init] Periodic GC: Disabled
[2024-10-08T18:31:58.622+0200][gc,metaspace] CDS archive(s) mapped at: [0x00007eff36000000-0x00007eff36c75000-0x00007eff36c75000), size 13062144, SharedBaseAddress: 0x00007eff36000000, ArchiveRelocationMode: 1.
[2024-10-08T18:31:58.622+0200][gc,metaspace] Compressed class space mapped at: 0x00007eff37000000-0x00007eff77000000, reserved size: 1073741824
[2024-10-08T18:31:58.622+0200][gc,metaspace] Narrow klass base: 0x00007eff36000000, Narrow klass shift: 0, Narrow klass range: 0x100000000
[2024-10-08T18:32:07.998+0200][gc,start    ] GC(0) Pause Young (Normal) (G1 Evacuation Pause)
[2024-10-08T18:32:08.002+0200][gc,task     ] GC(0) Using 10 workers of 10 for evacuation
[2024-10-08T18:32:08.025+0200][gc,mmu      ] GC(0) MMU target violated: 21.0ms (20.0ms/21.0ms)
[2024-10-08T18:32:08.025+0200][gc,phases   ] GC(0)   Pre Evacuate Collection Set: 0.52ms
[2024-10-08T18:32:08.025+0200][gc,phases   ] GC(0)   Merge Heap Roots: 0.41ms
[2024-10-08T18:32:08.025+0200][gc,phases   ] GC(0)   Evacuate Collection Set: 20.38ms
[2024-10-08T18:32:08.025+0200][gc,phases   ] GC(0)   Post Evacuate Collection Set: 1.62ms
[2024-10-08T18:32:08.025+0200][gc,phases   ] GC(0)   Other: 3.91ms
[2024-10-08T18:32:08.025+0200][gc,heap     ] GC(0) Eden regions: 51->0(44)
[2024-10-08T18:32:08.025+0200][gc,heap     ] GC(0) Survivor regions: 0->7(7)
[2024-10-08T18:32:08.025+0200][gc,heap     ] GC(0) Old regions: 2->4
[2024-10-08T18:32:08.025+0200][gc,heap     ] GC(0) Humongous regions: 0->0
[2024-10-08T18:32:08.026+0200][gc,metaspace] GC(0) Metaspace: 17158K(17408K)->17158K(17408K) NonClass: 15127K(15296K)->15127K(15296K) Class: 2030K(2112K)->2030K(2112K)
[2024-10-08T18:32:08.026+0200][gc          ] GC(0) Pause Young (Normal) (G1 Evacuation Pause) 52M->9M(1024M) 27.503ms
[2024-10-08T18:32:08.026+0200][gc,cpu      ] GC(0) User=0.09s Sys=0.09s Real=0.03s
[2024-10-08T18:32:10.385+0200][gc,start    ] GC(1) Pause Young (Concurrent Start) (Metadata GC Threshold)
[2024-10-08T18:32:10.385+0200][gc,task     ] GC(1) Using 10 workers of 10 for evacuation
[2024-10-08T18:32:10.401+0200][gc,phases   ] GC(1)   Pre Evacuate Collection Set: 0.57ms
[2024-10-08T18:32:10.401+0200][gc,phases   ] GC(1)   Merge Heap Roots: 0.15ms
[2024-10-08T18:32:10.401+0200][gc,phases   ] GC(1)   Evacuate Collection Set: 13.52ms
[2024-10-08T18:32:10.401+0200][gc,phases   ] GC(1)   Post Evacuate Collection Set: 1.23ms
[2024-10-08T18:32:10.401+0200][gc,phases   ] GC(1)   Other: 0.32ms
[2024-10-08T18:32:10.401+0200][gc,heap     ] GC(1) Eden regions: 18->0(49)
[2024-10-08T18:32:10.401+0200][gc,heap     ] GC(1) Survivor regions: 7->2(7)
[2024-10-08T18:32:10.401+0200][gc,heap     ] GC(1) Old regions: 4->11
[2024-10-08T18:32:10.401+0200][gc,heap     ] GC(1) Humongous regions: 0->0
[2024-10-08T18:32:10.401+0200][gc,metaspace] GC(1) Metaspace: 21271K(21504K)->21271K(21504K) NonClass: 18726K(18880K)->18726K(18880K) Class: 2544K(2624K)->2544K(2624K)
[2024-10-08T18:32:10.401+0200][gc          ] GC(1) Pause Young (Concurrent Start) (Metadata GC Threshold) 26M->10M(1024M) 16.469ms
[2024-10-08T18:32:10.402+0200][gc,cpu      ] GC(1) User=0.07s Sys=0.03s Real=0.01s
[2024-10-08T18:32:10.402+0200][gc          ] GC(2) Concurrent Mark Cycle
[2024-10-08T18:32:10.402+0200][gc,marking  ] GC(2) Concurrent Scan Root Regions
[2024-10-08T18:32:10.410+0200][gc,marking  ] GC(2) Concurrent Scan Root Regions 8.728ms
[2024-10-08T18:32:10.411+0200][gc,marking  ] GC(2) Concurrent Mark
[2024-10-08T18:32:10.411+0200][gc,marking  ] GC(2) Concurrent Mark From Roots
[2024-10-08T18:32:10.411+0200][gc,task     ] GC(2) Using 3 workers of 3 for marking
[2024-10-08T18:32:10.420+0200][gc,marking  ] GC(2) Concurrent Mark From Roots 9.464ms
[2024-10-08T18:32:10.420+0200][gc,marking  ] GC(2) Concurrent Preclean
[2024-10-08T18:32:10.420+0200][gc,marking  ] GC(2) Concurrent Preclean 0.050ms
[2024-10-08T18:32:10.421+0200][gc,start    ] GC(2) Pause Remark
[2024-10-08T18:32:10.426+0200][gc          ] GC(2) Pause Remark 11M->11M(1024M) 5.750ms
[2024-10-08T18:32:10.426+0200][gc,cpu      ] GC(2) User=0.02s Sys=0.00s Real=0.01s
[2024-10-08T18:32:10.427+0200][gc,marking  ] GC(2) Concurrent Mark 15.955ms
[2024-10-08T18:32:10.427+0200][gc,marking  ] GC(2) Concurrent Rebuild Remembered Sets and Scrub Regions
[2024-10-08T18:32:10.436+0200][gc,marking  ] GC(2) Concurrent Rebuild Remembered Sets and Scrub Regions 9.124ms
[2024-10-08T18:32:10.436+0200][gc,start    ] GC(2) Pause Cleanup
[2024-10-08T18:32:10.436+0200][gc          ] GC(2) Pause Cleanup 11M->11M(1024M) 0.518ms
[2024-10-08T18:32:10.436+0200][gc,cpu      ] GC(2) User=0.00s Sys=0.00s Real=0.00s
[2024-10-08T18:32:10.437+0200][gc,marking  ] GC(2) Concurrent Clear Claimed Marks
[2024-10-08T18:32:10.437+0200][gc,marking  ] GC(2) Concurrent Clear Claimed Marks 0.085ms
[2024-10-08T18:32:10.437+0200][gc,marking  ] GC(2) Concurrent Cleanup for Next Mark
[2024-10-08T18:32:10.441+0200][gc,marking  ] GC(2) Concurrent Cleanup for Next Mark 4.473ms
[2024-10-08T18:32:10.441+0200][gc          ] GC(2) Concurrent Mark Cycle 39.702ms
[2024-10-08T18:32:12.808+0200][gc,start    ] GC(3) Pause Young (Prepare Mixed) (G1 Evacuation Pause)
[2024-10-08T18:32:12.808+0200][gc,task     ] GC(3) Using 10 workers of 10 for evacuation
[2024-10-08T18:32:12.822+0200][gc,phases   ] GC(3)   Pre Evacuate Collection Set: 0.60ms
[2024-10-08T18:32:12.822+0200][gc,phases   ] GC(3)   Merge Heap Roots: 0.19ms
[2024-10-08T18:32:12.822+0200][gc,phases   ] GC(3)   Evacuate Collection Set: 11.49ms
[2024-10-08T18:32:12.822+0200][gc,phases   ] GC(3)   Post Evacuate Collection Set: 1.36ms
[2024-10-08T18:32:12.822+0200][gc,phases   ] GC(3)   Other: 0.19ms
[2024-10-08T18:32:12.822+0200][gc,heap     ] GC(3) Eden regions: 49->0(45)
[2024-10-08T18:32:12.822+0200][gc,heap     ] GC(3) Survivor regions: 2->6(7)
[2024-10-08T18:32:12.822+0200][gc,heap     ] GC(3) Old regions: 11->11
[2024-10-08T18:32:12.822+0200][gc,heap     ] GC(3) Humongous regions: 129->129
[2024-10-08T18:32:12.822+0200][gc,metaspace] GC(3) Metaspace: 31998K(32320K)->31998K(32320K) NonClass: 28402K(28608K)->28402K(28608K) Class: 3596K(3712K)->3596K(3712K)
[2024-10-08T18:32:12.823+0200][gc          ] GC(3) Pause Young (Prepare Mixed) (G1 Evacuation Pause) 188M->144M(1024M) 14.330ms
[2024-10-08T18:32:12.823+0200][gc,cpu      ] GC(3) User=0.09s Sys=0.00s Real=0.01s
[2024-10-08T18:32:32.163+0200][gc,start    ] GC(4) Pause Young (Mixed) (Metadata GC Threshold)
[2024-10-08T18:32:32.164+0200][gc,task     ] GC(4) Using 10 workers of 10 for evacuation
[2024-10-08T18:32:32.181+0200][gc,phases   ] GC(4)   Pre Evacuate Collection Set: 0.52ms
[2024-10-08T18:32:32.182+0200][gc,phases   ] GC(4)   Merge Heap Roots: 0.11ms
[2024-10-08T18:32:32.182+0200][gc,phases   ] GC(4)   Evacuate Collection Set: 15.76ms
[2024-10-08T18:32:32.182+0200][gc,phases   ] GC(4)   Post Evacuate Collection Set: 1.16ms
[2024-10-08T18:32:32.182+0200][gc,phases   ] GC(4)   Other: 0.22ms
[2024-10-08T18:32:32.182+0200][gc,heap     ] GC(4) Eden regions: 17->0(49)
[2024-10-08T18:32:32.182+0200][gc,heap     ] GC(4) Survivor regions: 6->2(7)
[2024-10-08T18:32:32.182+0200][gc,heap     ] GC(4) Old regions: 11->16
[2024-10-08T18:32:32.182+0200][gc,heap     ] GC(4) Humongous regions: 129->129
[2024-10-08T18:32:32.182+0200][gc,metaspace] GC(4) Metaspace: 35787K(36096K)->35787K(36096K) NonClass: 31671K(31808K)->31671K(31808K) Class: 4115K(4288K)->4115K(4288K)
[2024-10-08T18:32:32.182+0200][gc          ] GC(4) Pause Young (Mixed) (Metadata GC Threshold) 160M->145M(1024M) 18.803ms
[2024-10-08T18:32:32.182+0200][gc,cpu      ] GC(4) User=0.08s Sys=0.05s Real=0.02s
[2024-10-08T18:52:38.005+0200][gc,start    ] GC(5) Pause Young (Concurrent Start) (Metadata GC Threshold)
[2024-10-08T18:52:38.006+0200][gc,task     ] GC(5) Using 10 workers of 10 for evacuation
[2024-10-08T18:52:38.010+0200][gc,phases   ] GC(5)   Pre Evacuate Collection Set: 0.78ms
[2024-10-08T18:52:38.011+0200][gc,phases   ] GC(5)   Merge Heap Roots: 0.18ms
[2024-10-08T18:52:38.011+0200][gc,phases   ] GC(5)   Evacuate Collection Set: 2.77ms
[2024-10-08T18:52:38.011+0200][gc,phases   ] GC(5)   Post Evacuate Collection Set: 0.83ms
[2024-10-08T18:52:38.011+0200][gc,phases   ] GC(5)   Other: 0.25ms
[2024-10-08T18:52:38.011+0200][gc,heap     ] GC(5) Eden regions: 11->0(50)
[2024-10-08T18:52:38.011+0200][gc,heap     ] GC(5) Survivor regions: 2->1(7)
[2024-10-08T18:52:38.011+0200][gc,heap     ] GC(5) Old regions: 16->16
[2024-10-08T18:52:38.011+0200][gc,heap     ] GC(5) Humongous regions: 129->129
[2024-10-08T18:52:38.011+0200][gc,metaspace] GC(5) Metaspace: 36144K(36416K)->36144K(36416K) NonClass: 31994K(32128K)->31994K(32128K) Class: 4149K(4288K)->4149K(4288K)
[2024-10-08T18:52:38.011+0200][gc          ] GC(5) Pause Young (Concurrent Start) (Metadata GC Threshold) 156M->145M(1024M) 5.606ms
[2024-10-08T18:52:38.011+0200][gc,cpu      ] GC(5) User=0.02s Sys=0.00s Real=0.00s
[2024-10-08T18:52:38.011+0200][gc          ] GC(6) Concurrent Mark Cycle
[2024-10-08T18:52:38.011+0200][gc,marking  ] GC(6) Concurrent Scan Root Regions
[2024-10-08T18:52:38.016+0200][gc,marking  ] GC(6) Concurrent Scan Root Regions 4.746ms
[2024-10-08T18:52:38.016+0200][gc,marking  ] GC(6) Concurrent Mark
[2024-10-08T18:52:38.016+0200][gc,marking  ] GC(6) Concurrent Mark From Roots
[2024-10-08T18:52:38.016+0200][gc,task     ] GC(6) Using 3 workers of 3 for marking
[2024-10-08T18:52:38.050+0200][gc,marking  ] GC(6) Concurrent Mark From Roots 34.210ms
[2024-10-08T18:52:38.051+0200][gc,marking  ] GC(6) Concurrent Preclean
[2024-10-08T18:52:38.051+0200][gc,marking  ] GC(6) Concurrent Preclean 0.356ms
[2024-10-08T18:52:38.051+0200][gc,start    ] GC(6) Pause Remark
[2024-10-08T18:52:38.061+0200][gc          ] GC(6) Pause Remark 145M->145M(1024M) 10.292ms
[2024-10-08T18:52:38.062+0200][gc,cpu      ] GC(6) User=0.06s Sys=0.00s Real=0.01s
[2024-10-08T18:52:38.062+0200][gc,marking  ] GC(6) Concurrent Mark 45.521ms
[2024-10-08T18:52:38.062+0200][gc,marking  ] GC(6) Concurrent Rebuild Remembered Sets and Scrub Regions
[2024-10-08T18:52:38.081+0200][gc,marking  ] GC(6) Concurrent Rebuild Remembered Sets and Scrub Regions 19.396ms
[2024-10-08T18:52:38.081+0200][gc,start    ] GC(6) Pause Cleanup
[2024-10-08T18:52:38.082+0200][gc          ] GC(6) Pause Cleanup 145M->145M(1024M) 0.532ms
[2024-10-08T18:52:38.082+0200][gc,cpu      ] GC(6) User=0.00s Sys=0.00s Real=0.00s
[2024-10-08T18:52:38.082+0200][gc,marking  ] GC(6) Concurrent Clear Claimed Marks
[2024-10-08T18:52:38.082+0200][gc,marking  ] GC(6) Concurrent Clear Claimed Marks 0.100ms
[2024-10-08T18:52:38.082+0200][gc,marking  ] GC(6) Concurrent Cleanup for Next Mark
[2024-10-08T18:52:38.084+0200][gc,marking  ] GC(6) Concurrent Cleanup for Next Mark 1.546ms
[2024-10-08T18:52:38.084+0200][gc          ] GC(6) Concurrent Mark Cycle 72.990ms
[2024-10-08T19:21:07.730+0200][gc,heap,exit] Heap
[2024-10-08T19:21:07.730+0200][gc,heap,exit]  garbage-first heap   total reserved 1048576K, committed 1048576K, used 172940K [0x00000000c0000000, 0x0000000100000000)
[2024-10-08T19:21:07.730+0200][gc,heap,exit]   region size 1024K, 25 young (25600K), 1 survivors (1024K)
[2024-10-08T19:21:07.730+0200][gc,heap,exit]  Metaspace       used 37271K, committed 37632K, reserved 1114112K
[2024-10-08T19:21:07.730+0200][gc,heap,exit]   class space    used 4319K, committed 4480K, reserved 1048576K
