[2024-10-04T23:53:44.484+0200][gc,init] CardTable entry size: 512
[2024-10-04T23:53:44.484+0200][gc     ] Using G1
[2024-10-04T23:53:44.517+0200][gc,init] Version: 22.0.2+9 (release)
[2024-10-04T23:53:44.518+0200][gc,init] CPUs: 12 total, 12 available
[2024-10-04T23:53:44.518+0200][gc,init] Memory: 31933M
[2024-10-04T23:53:44.518+0200][gc,init] Large Page Support: Disabled
[2024-10-04T23:53:44.518+0200][gc,init] NUMA Support: Disabled
[2024-10-04T23:53:44.518+0200][gc,init] Compressed Oops: Enabled (32-bit)
[2024-10-04T23:53:44.518+0200][gc,init] Heap Region Size: 1M
[2024-10-04T23:53:44.518+0200][gc,init] Heap Min Capacity: 1G
[2024-10-04T23:53:44.518+0200][gc,init] Heap Initial Capacity: 1G
[2024-10-04T23:53:44.518+0200][gc,init] Heap Max Capacity: 1G
[2024-10-04T23:53:44.518+0200][gc,init] Pre-touch: Disabled
[2024-10-04T23:53:44.518+0200][gc,init] Parallel Workers: 10
[2024-10-04T23:53:44.518+0200][gc,init] Concurrent Workers: 3
[2024-10-04T23:53:44.518+0200][gc,init] Concurrent Refinement Workers: 10
[2024-10-04T23:53:44.518+0200][gc,init] Periodic GC: Disabled
[2024-10-04T23:53:44.551+0200][gc,metaspace] CDS archive(s) mapped at: [0x00007f8c1a000000-0x00007f8c1ac75000-0x00007f8c1ac75000), size 13062144, SharedBaseAddress: 0x00007f8c1a000000, ArchiveRelocationMode: 1.
[2024-10-04T23:53:44.551+0200][gc,metaspace] Compressed class space mapped at: 0x00007f8c1b000000-0x00007f8c5b000000, reserved size: 1073741824
[2024-10-04T23:53:44.551+0200][gc,metaspace] Narrow klass base: 0x00007f8c1a000000, Narrow klass shift: 0, Narrow klass range: 0x100000000
[2024-10-04T23:53:52.352+0200][gc,start    ] GC(0) Pause Young (Normal) (G1 Evacuation Pause)
[2024-10-04T23:53:52.355+0200][gc,task     ] GC(0) Using 10 workers of 10 for evacuation
[2024-10-04T23:53:52.378+0200][gc,mmu      ] GC(0) MMU target violated: 21.0ms (20.0ms/21.0ms)
[2024-10-04T23:53:52.378+0200][gc,phases   ] GC(0)   Pre Evacuate Collection Set: 0.52ms
[2024-10-04T23:53:52.378+0200][gc,phases   ] GC(0)   Merge Heap Roots: 0.29ms
[2024-10-04T23:53:52.379+0200][gc,phases   ] GC(0)   Evacuate Collection Set: 20.26ms
[2024-10-04T23:53:52.379+0200][gc,phases   ] GC(0)   Post Evacuate Collection Set: 2.08ms
[2024-10-04T23:53:52.379+0200][gc,phases   ] GC(0)   Other: 3.27ms
[2024-10-04T23:53:52.379+0200][gc,heap     ] GC(0) Eden regions: 51->0(44)
[2024-10-04T23:53:52.379+0200][gc,heap     ] GC(0) Survivor regions: 0->7(7)
[2024-10-04T23:53:52.379+0200][gc,heap     ] GC(0) Old regions: 2->4
[2024-10-04T23:53:52.379+0200][gc,heap     ] GC(0) Humongous regions: 0->0
[2024-10-04T23:53:52.379+0200][gc,metaspace] GC(0) Metaspace: 17024K(17280K)->17024K(17280K) NonClass: 15002K(15168K)->15002K(15168K) Class: 2022K(2112K)->2022K(2112K)
[2024-10-04T23:53:52.379+0200][gc          ] GC(0) Pause Young (Normal) (G1 Evacuation Pause) 52M->9M(1024M) 27.352ms
[2024-10-04T23:53:52.379+0200][gc,cpu      ] GC(0) User=0.05s Sys=0.14s Real=0.03s
[2024-10-04T23:53:52.672+0200][gc,start    ] GC(1) Pause Young (Concurrent Start) (Metadata GC Threshold)
[2024-10-04T23:53:52.672+0200][gc,task     ] GC(1) Using 10 workers of 10 for evacuation
[2024-10-04T23:53:52.681+0200][gc,phases   ] GC(1)   Pre Evacuate Collection Set: 0.20ms
[2024-10-04T23:53:52.681+0200][gc,phases   ] GC(1)   Merge Heap Roots: 0.03ms
[2024-10-04T23:53:52.681+0200][gc,phases   ] GC(1)   Evacuate Collection Set: 8.83ms
[2024-10-04T23:53:52.681+0200][gc,phases   ] GC(1)   Post Evacuate Collection Set: 0.44ms
[2024-10-04T23:53:52.681+0200][gc,phases   ] GC(1)   Other: 0.08ms
[2024-10-04T23:53:52.681+0200][gc,heap     ] GC(1) Eden regions: 17->0(49)
[2024-10-04T23:53:52.681+0200][gc,heap     ] GC(1) Survivor regions: 7->2(7)
[2024-10-04T23:53:52.681+0200][gc,heap     ] GC(1) Old regions: 4->11
[2024-10-04T23:53:52.681+0200][gc,heap     ] GC(1) Humongous regions: 0->0
[2024-10-04T23:53:52.681+0200][gc,metaspace] GC(1) Metaspace: 21222K(21504K)->21222K(21504K) NonClass: 18682K(18816K)->18682K(18816K) Class: 2540K(2688K)->2540K(2688K)
[2024-10-04T23:53:52.681+0200][gc          ] GC(1) Pause Young (Concurrent Start) (Metadata GC Threshold) 25M->10M(1024M) 9.775ms
[2024-10-04T23:53:52.681+0200][gc,cpu      ] GC(1) User=0.04s Sys=0.04s Real=0.01s
[2024-10-04T23:53:52.681+0200][gc          ] GC(2) Concurrent Mark Cycle
[2024-10-04T23:53:52.681+0200][gc,marking  ] GC(2) Concurrent Scan Root Regions
[2024-10-04T23:53:52.683+0200][gc,marking  ] GC(2) Concurrent Scan Root Regions 2.052ms
[2024-10-04T23:53:52.684+0200][gc,marking  ] GC(2) Concurrent Mark
[2024-10-04T23:53:52.684+0200][gc,marking  ] GC(2) Concurrent Mark From Roots
[2024-10-04T23:53:52.684+0200][gc,task     ] GC(2) Using 3 workers of 3 for marking
[2024-10-04T23:53:52.686+0200][gc,marking  ] GC(2) Concurrent Mark From Roots 2.018ms
[2024-10-04T23:53:52.686+0200][gc,marking  ] GC(2) Concurrent Preclean
[2024-10-04T23:53:52.686+0200][gc,marking  ] GC(2) Concurrent Preclean 0.014ms
[2024-10-04T23:53:52.686+0200][gc,start    ] GC(2) Pause Remark
[2024-10-04T23:53:52.687+0200][gc          ] GC(2) Pause Remark 11M->11M(1024M) 1.249ms
[2024-10-04T23:53:52.687+0200][gc,cpu      ] GC(2) User=0.00s Sys=0.00s Real=0.00s
[2024-10-04T23:53:52.687+0200][gc,marking  ] GC(2) Concurrent Mark 3.545ms
[2024-10-04T23:53:52.687+0200][gc,marking  ] GC(2) Concurrent Rebuild Remembered Sets and Scrub Regions
[2024-10-04T23:53:52.689+0200][gc,marking  ] GC(2) Concurrent Rebuild Remembered Sets and Scrub Regions 1.768ms
[2024-10-04T23:53:52.689+0200][gc,start    ] GC(2) Pause Cleanup
[2024-10-04T23:53:52.689+0200][gc          ] GC(2) Pause Cleanup 11M->11M(1024M) 0.138ms
[2024-10-04T23:53:52.689+0200][gc,cpu      ] GC(2) User=0.00s Sys=0.00s Real=0.00s
[2024-10-04T23:53:52.689+0200][gc,marking  ] GC(2) Concurrent Clear Claimed Marks
[2024-10-04T23:53:52.689+0200][gc,marking  ] GC(2) Concurrent Clear Claimed Marks 0.023ms
[2024-10-04T23:53:52.689+0200][gc,marking  ] GC(2) Concurrent Cleanup for Next Mark
[2024-10-04T23:53:52.692+0200][gc,marking  ] GC(2) Concurrent Cleanup for Next Mark 2.545ms
[2024-10-04T23:53:52.692+0200][gc          ] GC(2) Concurrent Mark Cycle 10.409ms
[2024-10-04T23:53:53.762+0200][gc,start    ] GC(3) Pause Young (Prepare Mixed) (G1 Evacuation Pause)
[2024-10-04T23:53:53.762+0200][gc,task     ] GC(3) Using 10 workers of 10 for evacuation
[2024-10-04T23:53:53.765+0200][gc,phases   ] GC(3)   Pre Evacuate Collection Set: 0.21ms
[2024-10-04T23:53:53.765+0200][gc,phases   ] GC(3)   Merge Heap Roots: 0.05ms
[2024-10-04T23:53:53.765+0200][gc,phases   ] GC(3)   Evacuate Collection Set: 2.56ms
[2024-10-04T23:53:53.765+0200][gc,phases   ] GC(3)   Post Evacuate Collection Set: 0.49ms
[2024-10-04T23:53:53.765+0200][gc,phases   ] GC(3)   Other: 0.05ms
[2024-10-04T23:53:53.765+0200][gc,heap     ] GC(3) Eden regions: 49->0(45)
[2024-10-04T23:53:53.765+0200][gc,heap     ] GC(3) Survivor regions: 2->6(7)
[2024-10-04T23:53:53.765+0200][gc,heap     ] GC(3) Old regions: 11->11
[2024-10-04T23:53:53.765+0200][gc,heap     ] GC(3) Humongous regions: 129->0
[2024-10-04T23:53:53.765+0200][gc,metaspace] GC(3) Metaspace: 31927K(32320K)->31927K(32320K) NonClass: 28183K(28416K)->28183K(28416K) Class: 3744K(3904K)->3744K(3904K)
[2024-10-04T23:53:53.765+0200][gc          ] GC(3) Pause Young (Prepare Mixed) (G1 Evacuation Pause) 188M->14M(1024M) 3.536ms
[2024-10-04T23:53:53.765+0200][gc,cpu      ] GC(3) User=0.02s Sys=0.01s Real=0.01s
[2024-10-04T23:53:53.786+0200][gc,heap,exit] Heap
[2024-10-04T23:53:53.786+0200][gc,heap,exit]  garbage-first heap   total reserved 1048576K, committed 1048576K, used 18597K [0x00000000c0000000, 0x0000000100000000)
[2024-10-04T23:53:53.786+0200][gc,heap,exit]   region size 1024K, 10 young (10240K), 6 survivors (6144K)
[2024-10-04T23:53:53.786+0200][gc,heap,exit]  Metaspace       used 32003K, committed 32320K, reserved 1114112K
[2024-10-04T23:53:53.786+0200][gc,heap,exit]   class space    used 3754K, committed 3904K, reserved 1048576K
