[2024-09-23T21:57:58.062+0200][gc,init] CardTable entry size: 512
[2024-09-23T21:57:58.062+0200][gc     ] Using G1
[2024-09-23T21:57:58.069+0200][gc,init] Version: 22.0.2+9 (release)
[2024-09-23T21:57:58.069+0200][gc,init] CPUs: 12 total, 12 available
[2024-09-23T21:57:58.069+0200][gc,init] Memory: 31933M
[2024-09-23T21:57:58.069+0200][gc,init] Large Page Support: Disabled
[2024-09-23T21:57:58.069+0200][gc,init] NUMA Support: Disabled
[2024-09-23T21:57:58.069+0200][gc,init] Compressed Oops: Enabled (32-bit)
[2024-09-23T21:57:58.069+0200][gc,init] Heap Region Size: 1M
[2024-09-23T21:57:58.069+0200][gc,init] Heap Min Capacity: 1G
[2024-09-23T21:57:58.069+0200][gc,init] Heap Initial Capacity: 1G
[2024-09-23T21:57:58.069+0200][gc,init] Heap Max Capacity: 1G
[2024-09-23T21:57:58.069+0200][gc,init] Pre-touch: Disabled
[2024-09-23T21:57:58.069+0200][gc,init] Parallel Workers: 10
[2024-09-23T21:57:58.069+0200][gc,init] Concurrent Workers: 3
[2024-09-23T21:57:58.069+0200][gc,init] Concurrent Refinement Workers: 10
[2024-09-23T21:57:58.069+0200][gc,init] Periodic GC: Disabled
[2024-09-23T21:57:58.076+0200][gc,metaspace] CDS archive(s) mapped at: [0x00007f1332000000-0x00007f1332c75000-0x00007f1332c75000), size 13062144, SharedBaseAddress: 0x00007f1332000000, ArchiveRelocationMode: 1.
[2024-09-23T21:57:58.076+0200][gc,metaspace] Compressed class space mapped at: 0x00007f1333000000-0x00007f1373000000, reserved size: 1073741824
[2024-09-23T21:57:58.076+0200][gc,metaspace] Narrow klass base: 0x00007f1332000000, Narrow klass shift: 0, Narrow klass range: 0x100000000
[2024-09-23T21:58:04.485+0200][gc,start    ] GC(0) Pause Young (Normal) (G1 Evacuation Pause)
[2024-09-23T21:58:04.486+0200][gc,task     ] GC(0) Using 10 workers of 10 for evacuation
[2024-09-23T21:58:04.494+0200][gc,phases   ] GC(0)   Pre Evacuate Collection Set: 0.14ms
[2024-09-23T21:58:04.494+0200][gc,phases   ] GC(0)   Merge Heap Roots: 0.07ms
[2024-09-23T21:58:04.494+0200][gc,phases   ] GC(0)   Evacuate Collection Set: 7.13ms
[2024-09-23T21:58:04.494+0200][gc,phases   ] GC(0)   Post Evacuate Collection Set: 0.45ms
[2024-09-23T21:58:04.494+0200][gc,phases   ] GC(0)   Other: 1.17ms
[2024-09-23T21:58:04.494+0200][gc,heap     ] GC(0) Eden regions: 51->0(44)
[2024-09-23T21:58:04.494+0200][gc,heap     ] GC(0) Survivor regions: 0->7(7)
[2024-09-23T21:58:04.494+0200][gc,heap     ] GC(0) Old regions: 2->4
[2024-09-23T21:58:04.494+0200][gc,heap     ] GC(0) Humongous regions: 0->0
[2024-09-23T21:58:04.494+0200][gc,metaspace] GC(0) Metaspace: 17278K(17472K)->17278K(17472K) NonClass: 15239K(15360K)->15239K(15360K) Class: 2039K(2112K)->2039K(2112K)
[2024-09-23T21:58:04.494+0200][gc          ] GC(0) Pause Young (Normal) (G1 Evacuation Pause) 52M->9M(1024M) 9.139ms
[2024-09-23T21:58:04.494+0200][gc,cpu      ] GC(0) User=0.05s Sys=0.03s Real=0.01s
[2024-09-23T21:58:05.110+0200][gc,start    ] GC(1) Pause Young (Concurrent Start) (Metadata GC Threshold)
[2024-09-23T21:58:05.111+0200][gc,task     ] GC(1) Using 10 workers of 10 for evacuation
[2024-09-23T21:58:05.117+0200][gc,phases   ] GC(1)   Pre Evacuate Collection Set: 0.26ms
[2024-09-23T21:58:05.117+0200][gc,phases   ] GC(1)   Merge Heap Roots: 0.04ms
[2024-09-23T21:58:05.117+0200][gc,phases   ] GC(1)   Evacuate Collection Set: 5.77ms
[2024-09-23T21:58:05.117+0200][gc,phases   ] GC(1)   Post Evacuate Collection Set: 0.50ms
[2024-09-23T21:58:05.117+0200][gc,phases   ] GC(1)   Other: 0.09ms
[2024-09-23T21:58:05.117+0200][gc,heap     ] GC(1) Eden regions: 16->0(49)
[2024-09-23T21:58:05.117+0200][gc,heap     ] GC(1) Survivor regions: 7->2(7)
[2024-09-23T21:58:05.117+0200][gc,heap     ] GC(1) Old regions: 4->11
[2024-09-23T21:58:05.117+0200][gc,heap     ] GC(1) Humongous regions: 0->0
[2024-09-23T21:58:05.117+0200][gc,metaspace] GC(1) Metaspace: 21323K(21504K)->21323K(21504K) NonClass: 18779K(18880K)->18779K(18880K) Class: 2544K(2624K)->2544K(2624K)
[2024-09-23T21:58:05.117+0200][gc          ] GC(1) Pause Young (Concurrent Start) (Metadata GC Threshold) 25M->10M(1024M) 6.774ms
[2024-09-23T21:58:05.117+0200][gc,cpu      ] GC(1) User=0.05s Sys=0.01s Real=0.00s
[2024-09-23T21:58:05.117+0200][gc          ] GC(2) Concurrent Mark Cycle
[2024-09-23T21:58:05.117+0200][gc,marking  ] GC(2) Concurrent Scan Root Regions
[2024-09-23T21:58:05.119+0200][gc,marking  ] GC(2) Concurrent Scan Root Regions 1.415ms
[2024-09-23T21:58:05.119+0200][gc,marking  ] GC(2) Concurrent Mark
[2024-09-23T21:58:05.119+0200][gc,marking  ] GC(2) Concurrent Mark From Roots
[2024-09-23T21:58:05.119+0200][gc,task     ] GC(2) Using 3 workers of 3 for marking
[2024-09-23T21:58:05.121+0200][gc,marking  ] GC(2) Concurrent Mark From Roots 2.206ms
[2024-09-23T21:58:05.121+0200][gc,marking  ] GC(2) Concurrent Preclean
[2024-09-23T21:58:05.121+0200][gc,marking  ] GC(2) Concurrent Preclean 0.016ms
[2024-09-23T21:58:05.121+0200][gc,start    ] GC(2) Pause Remark
[2024-09-23T21:58:05.122+0200][gc          ] GC(2) Pause Remark 11M->11M(1024M) 1.275ms
[2024-09-23T21:58:05.122+0200][gc,cpu      ] GC(2) User=0.01s Sys=0.00s Real=0.00s
[2024-09-23T21:58:05.122+0200][gc,marking  ] GC(2) Concurrent Mark 3.676ms
[2024-09-23T21:58:05.122+0200][gc,marking  ] GC(2) Concurrent Rebuild Remembered Sets and Scrub Regions
[2024-09-23T21:58:05.124+0200][gc,marking  ] GC(2) Concurrent Rebuild Remembered Sets and Scrub Regions 1.282ms
[2024-09-23T21:58:05.124+0200][gc,start    ] GC(2) Pause Cleanup
[2024-09-23T21:58:05.124+0200][gc          ] GC(2) Pause Cleanup 11M->11M(1024M) 0.166ms
[2024-09-23T21:58:05.124+0200][gc,cpu      ] GC(2) User=0.00s Sys=0.00s Real=0.00s
[2024-09-23T21:58:05.124+0200][gc,marking  ] GC(2) Concurrent Clear Claimed Marks
[2024-09-23T21:58:05.124+0200][gc,marking  ] GC(2) Concurrent Clear Claimed Marks 0.025ms
[2024-09-23T21:58:05.124+0200][gc,marking  ] GC(2) Concurrent Cleanup for Next Mark
[2024-09-23T21:58:05.126+0200][gc,marking  ] GC(2) Concurrent Cleanup for Next Mark 1.455ms
[2024-09-23T21:58:05.126+0200][gc          ] GC(2) Concurrent Mark Cycle 8.331ms
[2024-09-23T21:58:08.093+0200][gc,start    ] GC(3) Pause Young (Prepare Mixed) (G1 Evacuation Pause)
[2024-09-23T21:58:08.093+0200][gc,task     ] GC(3) Using 10 workers of 10 for evacuation
[2024-09-23T21:58:08.096+0200][gc,phases   ] GC(3)   Pre Evacuate Collection Set: 0.24ms
[2024-09-23T21:58:08.096+0200][gc,phases   ] GC(3)   Merge Heap Roots: 0.06ms
[2024-09-23T21:58:08.096+0200][gc,phases   ] GC(3)   Evacuate Collection Set: 2.34ms
[2024-09-23T21:58:08.096+0200][gc,phases   ] GC(3)   Post Evacuate Collection Set: 0.37ms
[2024-09-23T21:58:08.096+0200][gc,phases   ] GC(3)   Other: 0.06ms
[2024-09-23T21:58:08.096+0200][gc,heap     ] GC(3) Eden regions: 49->0(44)
[2024-09-23T21:58:08.096+0200][gc,heap     ] GC(3) Survivor regions: 2->7(7)
[2024-09-23T21:58:08.096+0200][gc,heap     ] GC(3) Old regions: 11->11
[2024-09-23T21:58:08.096+0200][gc,heap     ] GC(3) Humongous regions: 129->129
[2024-09-23T21:58:08.096+0200][gc,metaspace] GC(3) Metaspace: 32482K(32768K)->32482K(32768K) NonClass: 28842K(28992K)->28842K(28992K) Class: 3640K(3776K)->3640K(3776K)
[2024-09-23T21:58:08.096+0200][gc          ] GC(3) Pause Young (Prepare Mixed) (G1 Evacuation Pause) 188M->144M(1024M) 3.204ms
[2024-09-23T21:58:08.096+0200][gc,cpu      ] GC(3) User=0.03s Sys=0.00s Real=0.00s
[2024-09-23T21:58:08.611+0200][gc,start    ] GC(4) Pause Young (Mixed) (Metadata GC Threshold)
[2024-09-23T21:58:08.611+0200][gc,task     ] GC(4) Using 10 workers of 10 for evacuation
[2024-09-23T21:58:08.618+0200][gc,phases   ] GC(4)   Pre Evacuate Collection Set: 0.23ms
[2024-09-23T21:58:08.618+0200][gc,phases   ] GC(4)   Merge Heap Roots: 0.05ms
[2024-09-23T21:58:08.618+0200][gc,phases   ] GC(4)   Evacuate Collection Set: 5.84ms
[2024-09-23T21:58:08.618+0200][gc,phases   ] GC(4)   Post Evacuate Collection Set: 0.47ms
[2024-09-23T21:58:08.618+0200][gc,phases   ] GC(4)   Other: 0.05ms
[2024-09-23T21:58:08.618+0200][gc,heap     ] GC(4) Eden regions: 15->0(49)
[2024-09-23T21:58:08.618+0200][gc,heap     ] GC(4) Survivor regions: 7->2(7)
[2024-09-23T21:58:08.618+0200][gc,heap     ] GC(4) Old regions: 11->16
[2024-09-23T21:58:08.618+0200][gc,heap     ] GC(4) Humongous regions: 129->129
[2024-09-23T21:58:08.618+0200][gc,metaspace] GC(4) Metaspace: 35641K(35968K)->35641K(35968K) NonClass: 31582K(31744K)->31582K(31744K) Class: 4059K(4224K)->4059K(4224K)
[2024-09-23T21:58:08.618+0200][gc          ] GC(4) Pause Young (Mixed) (Metadata GC Threshold) 158M->145M(1024M) 6.819ms
[2024-09-23T21:58:08.618+0200][gc,cpu      ] GC(4) User=0.03s Sys=0.03s Real=0.01s
[2024-09-23T21:58:35.133+0200][gc,start    ] GC(5) Pause Young (Concurrent Start) (Metadata GC Threshold)
[2024-09-23T21:58:35.133+0200][gc,task     ] GC(5) Using 10 workers of 10 for evacuation
[2024-09-23T21:58:35.135+0200][gc,phases   ] GC(5)   Pre Evacuate Collection Set: 0.25ms
[2024-09-23T21:58:35.135+0200][gc,phases   ] GC(5)   Merge Heap Roots: 0.04ms
[2024-09-23T21:58:35.135+0200][gc,phases   ] GC(5)   Evacuate Collection Set: 0.74ms
[2024-09-23T21:58:35.135+0200][gc,phases   ] GC(5)   Post Evacuate Collection Set: 0.22ms
[2024-09-23T21:58:35.135+0200][gc,phases   ] GC(5)   Other: 0.04ms
[2024-09-23T21:58:35.135+0200][gc,heap     ] GC(5) Eden regions: 5->0(50)
[2024-09-23T21:58:35.135+0200][gc,heap     ] GC(5) Survivor regions: 2->1(7)
[2024-09-23T21:58:35.135+0200][gc,heap     ] GC(5) Old regions: 16->16
[2024-09-23T21:58:35.135+0200][gc,heap     ] GC(5) Humongous regions: 129->129
[2024-09-23T21:58:35.135+0200][gc,metaspace] GC(5) Metaspace: 35946K(36288K)->35946K(36288K) NonClass: 31830K(32000K)->31830K(32000K) Class: 4116K(4288K)->4116K(4288K)
[2024-09-23T21:58:35.135+0200][gc          ] GC(5) Pause Young (Concurrent Start) (Metadata GC Threshold) 150M->145M(1024M) 1.462ms
[2024-09-23T21:58:35.135+0200][gc,cpu      ] GC(5) User=0.01s Sys=0.00s Real=0.00s
[2024-09-23T21:58:35.135+0200][gc          ] GC(6) Concurrent Mark Cycle
[2024-09-23T21:58:35.135+0200][gc,marking  ] GC(6) Concurrent Scan Root Regions
[2024-09-23T21:58:35.136+0200][gc,marking  ] GC(6) Concurrent Scan Root Regions 1.334ms
[2024-09-23T21:58:35.136+0200][gc,marking  ] GC(6) Concurrent Mark
[2024-09-23T21:58:35.136+0200][gc,marking  ] GC(6) Concurrent Mark From Roots
[2024-09-23T21:58:35.136+0200][gc,task     ] GC(6) Using 3 workers of 3 for marking
[2024-09-23T21:58:35.145+0200][gc,marking  ] GC(6) Concurrent Mark From Roots 8.625ms
[2024-09-23T21:58:35.145+0200][gc,marking  ] GC(6) Concurrent Preclean
[2024-09-23T21:58:35.145+0200][gc,marking  ] GC(6) Concurrent Preclean 0.035ms
[2024-09-23T21:58:35.145+0200][gc,start    ] GC(6) Pause Remark
[2024-09-23T21:58:35.146+0200][gc          ] GC(6) Pause Remark 146M->146M(1024M) 1.391ms
[2024-09-23T21:58:35.146+0200][gc,cpu      ] GC(6) User=0.00s Sys=0.00s Real=0.00s
[2024-09-23T21:58:35.147+0200][gc,marking  ] GC(6) Concurrent Mark 10.234ms
[2024-09-23T21:58:35.147+0200][gc,marking  ] GC(6) Concurrent Rebuild Remembered Sets and Scrub Regions
[2024-09-23T21:58:35.151+0200][gc,marking  ] GC(6) Concurrent Rebuild Remembered Sets and Scrub Regions 4.532ms
[2024-09-23T21:58:35.151+0200][gc,start    ] GC(6) Pause Cleanup
[2024-09-23T21:58:35.151+0200][gc          ] GC(6) Pause Cleanup 147M->147M(1024M) 0.154ms
[2024-09-23T21:58:35.151+0200][gc,cpu      ] GC(6) User=0.00s Sys=0.00s Real=0.00s
[2024-09-23T21:58:35.151+0200][gc,marking  ] GC(6) Concurrent Clear Claimed Marks
[2024-09-23T21:58:35.151+0200][gc,marking  ] GC(6) Concurrent Clear Claimed Marks 0.031ms
[2024-09-23T21:58:35.151+0200][gc,marking  ] GC(6) Concurrent Cleanup for Next Mark
[2024-09-23T21:58:35.152+0200][gc,marking  ] GC(6) Concurrent Cleanup for Next Mark 0.700ms
[2024-09-23T21:58:35.152+0200][gc          ] GC(6) Concurrent Mark Cycle 17.252ms
[2024-09-23T22:31:39.853+0200][gc,start    ] GC(7) Pause Young (Prepare Mixed) (G1 Evacuation Pause)
[2024-09-23T22:31:39.853+0200][gc,task     ] GC(7) Using 10 workers of 10 for evacuation
[2024-09-23T22:31:39.855+0200][gc,phases   ] GC(7)   Pre Evacuate Collection Set: 0.25ms
[2024-09-23T22:31:39.855+0200][gc,phases   ] GC(7)   Merge Heap Roots: 0.12ms
[2024-09-23T22:31:39.855+0200][gc,phases   ] GC(7)   Evacuate Collection Set: 1.57ms
[2024-09-23T22:31:39.855+0200][gc,phases   ] GC(7)   Post Evacuate Collection Set: 0.49ms
[2024-09-23T22:31:39.855+0200][gc,phases   ] GC(7)   Other: 0.05ms
[2024-09-23T22:31:39.855+0200][gc,heap     ] GC(7) Eden regions: 50->0(48)
[2024-09-23T22:31:39.855+0200][gc,heap     ] GC(7) Survivor regions: 1->3(7)
[2024-09-23T22:31:39.855+0200][gc,heap     ] GC(7) Old regions: 16->16
[2024-09-23T22:31:39.855+0200][gc,heap     ] GC(7) Humongous regions: 129->129
[2024-09-23T22:31:39.855+0200][gc,metaspace] GC(7) Metaspace: 39716K(40192K)->39716K(40192K) NonClass: 35038K(35328K)->35038K(35328K) Class: 4677K(4864K)->4677K(4864K)
[2024-09-23T22:31:39.855+0200][gc          ] GC(7) Pause Young (Prepare Mixed) (G1 Evacuation Pause) 195M->147M(1024M) 2.614ms
[2024-09-23T22:31:39.855+0200][gc,cpu      ] GC(7) User=0.01s Sys=0.00s Real=0.00s
[2024-09-23T22:48:47.620+0200][gc,start    ] GC(8) Pause Young (Mixed) (G1 Evacuation Pause)
[2024-09-23T22:48:47.620+0200][gc,task     ] GC(8) Using 10 workers of 10 for evacuation
[2024-09-23T22:48:47.627+0200][gc,phases   ] GC(8)   Pre Evacuate Collection Set: 0.27ms
[2024-09-23T22:48:47.627+0200][gc,phases   ] GC(8)   Merge Heap Roots: 0.20ms
[2024-09-23T22:48:47.627+0200][gc,phases   ] GC(8)   Evacuate Collection Set: 4.81ms
[2024-09-23T22:48:47.627+0200][gc,phases   ] GC(8)   Post Evacuate Collection Set: 1.19ms
[2024-09-23T22:48:47.627+0200][gc,phases   ] GC(8)   Other: 0.05ms
[2024-09-23T22:48:47.627+0200][gc,heap     ] GC(8) Eden regions: 48->0(45)
[2024-09-23T22:48:47.627+0200][gc,heap     ] GC(8) Survivor regions: 3->6(7)
[2024-09-23T22:48:47.627+0200][gc,heap     ] GC(8) Old regions: 16->16
[2024-09-23T22:48:47.627+0200][gc,heap     ] GC(8) Humongous regions: 129->129
[2024-09-23T22:48:47.627+0200][gc,metaspace] GC(8) Metaspace: 43869K(44480K)->43869K(44480K) NonClass: 38658K(39040K)->38658K(39040K) Class: 5211K(5440K)->5211K(5440K)
[2024-09-23T22:48:47.627+0200][gc          ] GC(8) Pause Young (Mixed) (G1 Evacuation Pause) 195M->150M(1024M) 6.658ms
[2024-09-23T22:48:47.627+0200][gc,cpu      ] GC(8) User=0.05s Sys=0.00s Real=0.00s
[2024-09-23T23:00:26.569+0200][gc,start    ] GC(9) Pause Young (Normal) (G1 Evacuation Pause)
[2024-09-23T23:00:26.569+0200][gc,task     ] GC(9) Using 10 workers of 10 for evacuation
[2024-09-23T23:00:26.572+0200][gc,phases   ] GC(9)   Pre Evacuate Collection Set: 0.22ms
[2024-09-23T23:00:26.572+0200][gc,phases   ] GC(9)   Merge Heap Roots: 0.08ms
[2024-09-23T23:00:26.573+0200][gc,phases   ] GC(9)   Evacuate Collection Set: 2.49ms
[2024-09-23T23:00:26.573+0200][gc,phases   ] GC(9)   Post Evacuate Collection Set: 0.54ms
[2024-09-23T23:00:26.573+0200][gc,phases   ] GC(9)   Other: 0.06ms
[2024-09-23T23:00:26.573+0200][gc,heap     ] GC(9) Eden regions: 45->0(46)
[2024-09-23T23:00:26.573+0200][gc,heap     ] GC(9) Survivor regions: 6->5(7)
[2024-09-23T23:00:26.573+0200][gc,heap     ] GC(9) Old regions: 16->18
[2024-09-23T23:00:26.573+0200][gc,heap     ] GC(9) Humongous regions: 129->129
[2024-09-23T23:00:26.573+0200][gc,metaspace] GC(9) Metaspace: 44056K(44672K)->44056K(44672K) NonClass: 38839K(39232K)->38839K(39232K) Class: 5217K(5440K)->5217K(5440K)
[2024-09-23T23:00:26.573+0200][gc          ] GC(9) Pause Young (Normal) (G1 Evacuation Pause) 195M->151M(1024M) 3.599ms
[2024-09-23T23:00:26.573+0200][gc,cpu      ] GC(9) User=0.03s Sys=0.00s Real=0.00s
[2024-09-23T23:13:48.216+0200][gc,start    ] GC(10) Pause Young (Normal) (G1 Evacuation Pause)
[2024-09-23T23:13:48.216+0200][gc,task     ] GC(10) Using 10 workers of 10 for evacuation
[2024-09-23T23:13:48.219+0200][gc,phases   ] GC(10)   Pre Evacuate Collection Set: 0.28ms
[2024-09-23T23:13:48.219+0200][gc,phases   ] GC(10)   Merge Heap Roots: 0.05ms
[2024-09-23T23:13:48.219+0200][gc,phases   ] GC(10)   Evacuate Collection Set: 2.03ms
[2024-09-23T23:13:48.219+0200][gc,phases   ] GC(10)   Post Evacuate Collection Set: 0.33ms
[2024-09-23T23:13:48.219+0200][gc,phases   ] GC(10)   Other: 0.05ms
[2024-09-23T23:13:48.219+0200][gc,heap     ] GC(10) Eden regions: 46->0(48)
[2024-09-23T23:13:48.219+0200][gc,heap     ] GC(10) Survivor regions: 5->3(7)
[2024-09-23T23:13:48.219+0200][gc,heap     ] GC(10) Old regions: 18->20
[2024-09-23T23:13:48.219+0200][gc,heap     ] GC(10) Humongous regions: 129->129
[2024-09-23T23:13:48.219+0200][gc,metaspace] GC(10) Metaspace: 44134K(44736K)->44134K(44736K) NonClass: 38916K(39296K)->38916K(39296K) Class: 5217K(5440K)->5217K(5440K)
[2024-09-23T23:13:48.219+0200][gc          ] GC(10) Pause Young (Normal) (G1 Evacuation Pause) 197M->151M(1024M) 2.932ms
[2024-09-23T23:13:48.219+0200][gc,cpu      ] GC(10) User=0.01s Sys=0.03s Real=0.01s
[2024-09-23T23:31:06.001+0200][gc,start    ] GC(11) Pause Young (Normal) (G1 Evacuation Pause)
[2024-09-23T23:31:06.001+0200][gc,task     ] GC(11) Using 10 workers of 10 for evacuation
[2024-09-23T23:31:06.004+0200][gc,phases   ] GC(11)   Pre Evacuate Collection Set: 0.24ms
[2024-09-23T23:31:06.004+0200][gc,phases   ] GC(11)   Merge Heap Roots: 0.11ms
[2024-09-23T23:31:06.004+0200][gc,phases   ] GC(11)   Evacuate Collection Set: 2.30ms
[2024-09-23T23:31:06.004+0200][gc,phases   ] GC(11)   Post Evacuate Collection Set: 0.26ms
[2024-09-23T23:31:06.004+0200][gc,phases   ] GC(11)   Other: 0.05ms
[2024-09-23T23:31:06.004+0200][gc,heap     ] GC(11) Eden regions: 55->0(128)
[2024-09-23T23:31:06.004+0200][gc,heap     ] GC(11) Survivor regions: 3->3(8)
[2024-09-23T23:31:06.004+0200][gc,heap     ] GC(11) Old regions: 20->20
[2024-09-23T23:31:06.004+0200][gc,heap     ] GC(11) Humongous regions: 129->129
[2024-09-23T23:31:06.004+0200][gc,metaspace] GC(11) Metaspace: 44155K(44736K)->44155K(44736K) NonClass: 38938K(39296K)->38938K(39296K) Class: 5217K(5440K)->5217K(5440K)
[2024-09-23T23:31:06.004+0200][gc          ] GC(11) Pause Young (Normal) (G1 Evacuation Pause) 206M->151M(1024M) 3.115ms
[2024-09-23T23:31:06.004+0200][gc,cpu      ] GC(11) User=0.01s Sys=0.01s Real=0.00s
[2024-09-24T13:00:03.149+0200][gc,start    ] GC(12) Pause Young (Normal) (G1 Evacuation Pause)
[2024-09-24T13:00:03.149+0200][gc,task     ] GC(12) Using 10 workers of 10 for evacuation
[2024-09-24T13:00:03.153+0200][gc,phases   ] GC(12)   Pre Evacuate Collection Set: 0.25ms
[2024-09-24T13:00:03.153+0200][gc,phases   ] GC(12)   Merge Heap Roots: 0.10ms
[2024-09-24T13:00:03.153+0200][gc,phases   ] GC(12)   Evacuate Collection Set: 3.01ms
[2024-09-24T13:00:03.153+0200][gc,phases   ] GC(12)   Post Evacuate Collection Set: 0.48ms
[2024-09-24T13:00:03.153+0200][gc,phases   ] GC(12)   Other: 0.09ms
[2024-09-24T13:00:03.153+0200][gc,heap     ] GC(12) Eden regions: 220->0(583)
[2024-09-24T13:00:03.153+0200][gc,heap     ] GC(12) Survivor regions: 3->3(28)
[2024-09-24T13:00:03.153+0200][gc,heap     ] GC(12) Old regions: 20->20
[2024-09-24T13:00:03.153+0200][gc,heap     ] GC(12) Humongous regions: 129->129
[2024-09-24T13:00:03.153+0200][gc,metaspace] GC(12) Metaspace: 44216K(44800K)->44216K(44800K) NonClass: 38998K(39360K)->38998K(39360K) Class: 5217K(5440K)->5217K(5440K)
[2024-09-24T13:00:03.153+0200][gc          ] GC(12) Pause Young (Normal) (G1 Evacuation Pause) 371M->151M(1024M) 4.106ms
[2024-09-24T13:00:03.153+0200][gc,cpu      ] GC(12) User=0.00s Sys=0.02s Real=0.00s
[2024-09-24T15:47:10.514+0200][gc,start    ] GC(13) Pause Young (Normal) (G1 Evacuation Pause)
[2024-09-24T15:47:10.515+0200][gc,task     ] GC(13) Using 10 workers of 10 for evacuation
[2024-09-24T15:47:10.519+0200][gc,phases   ] GC(13)   Pre Evacuate Collection Set: 0.29ms
[2024-09-24T15:47:10.519+0200][gc,phases   ] GC(13)   Merge Heap Roots: 0.21ms
[2024-09-24T15:47:10.519+0200][gc,phases   ] GC(13)   Evacuate Collection Set: 3.12ms
[2024-09-24T15:47:10.519+0200][gc,phases   ] GC(13)   Post Evacuate Collection Set: 0.73ms
[2024-09-24T15:47:10.519+0200][gc,phases   ] GC(13)   Other: 0.16ms
[2024-09-24T15:47:10.519+0200][gc,heap     ] GC(13) Eden regions: 508->0(611)
[2024-09-24T15:47:10.519+0200][gc,heap     ] GC(13) Survivor regions: 3->3(64)
[2024-09-24T15:47:10.519+0200][gc,heap     ] GC(13) Old regions: 20->20
[2024-09-24T15:47:10.519+0200][gc,heap     ] GC(13) Humongous regions: 129->129
[2024-09-24T15:47:10.519+0200][gc,metaspace] GC(13) Metaspace: 44902K(45568K)->44902K(45568K) NonClass: 39536K(39936K)->39536K(39936K) Class: 5366K(5632K)->5366K(5632K)
[2024-09-24T15:47:10.519+0200][gc          ] GC(13) Pause Young (Normal) (G1 Evacuation Pause) 659M->151M(1024M) 4.786ms
[2024-09-24T15:47:10.519+0200][gc,cpu      ] GC(13) User=0.01s Sys=0.03s Real=0.01s
[2024-09-24T15:47:10.851+0200][gc,heap,exit] Heap
[2024-09-24T15:47:10.851+0200][gc,heap,exit]  garbage-first heap   total reserved 1048576K, committed 1048576K, used 162749K [0x00000000c0000000, 0x0000000100000000)
[2024-09-24T15:47:10.851+0200][gc,heap,exit]   region size 1024K, 11 young (11264K), 3 survivors (3072K)
[2024-09-24T15:47:10.851+0200][gc,heap,exit]  Metaspace       used 45240K, committed 45888K, reserved 1114112K
[2024-09-24T15:47:10.851+0200][gc,heap,exit]   class space    used 5426K, committed 5696K, reserved 1048576K
