[2024-10-04T23:51:23.758+0200][gc,init] CardTable entry size: 512
[2024-10-04T23:51:23.758+0200][gc     ] Using G1
[2024-10-04T23:51:23.797+0200][gc,init] Version: 22.0.2+9 (release)
[2024-10-04T23:51:23.797+0200][gc,init] CPUs: 12 total, 12 available
[2024-10-04T23:51:23.797+0200][gc,init] Memory: 31933M
[2024-10-04T23:51:23.797+0200][gc,init] Large Page Support: Disabled
[2024-10-04T23:51:23.797+0200][gc,init] NUMA Support: Disabled
[2024-10-04T23:51:23.797+0200][gc,init] Compressed Oops: Enabled (32-bit)
[2024-10-04T23:51:23.797+0200][gc,init] Heap Region Size: 1M
[2024-10-04T23:51:23.797+0200][gc,init] Heap Min Capacity: 1G
[2024-10-04T23:51:23.797+0200][gc,init] Heap Initial Capacity: 1G
[2024-10-04T23:51:23.797+0200][gc,init] Heap Max Capacity: 1G
[2024-10-04T23:51:23.797+0200][gc,init] Pre-touch: Disabled
[2024-10-04T23:51:23.797+0200][gc,init] Parallel Workers: 10
[2024-10-04T23:51:23.797+0200][gc,init] Concurrent Workers: 3
[2024-10-04T23:51:23.797+0200][gc,init] Concurrent Refinement Workers: 10
[2024-10-04T23:51:23.797+0200][gc,init] Periodic GC: Disabled
[2024-10-04T23:51:23.829+0200][gc,metaspace] CDS archive(s) mapped at: [0x00007f8e0a000000-0x00007f8e0ac75000-0x00007f8e0ac75000), size 13062144, SharedBaseAddress: 0x00007f8e0a000000, ArchiveRelocationMode: 1.
[2024-10-04T23:51:23.829+0200][gc,metaspace] Compressed class space mapped at: 0x00007f8e0b000000-0x00007f8e4b000000, reserved size: 1073741824
[2024-10-04T23:51:23.829+0200][gc,metaspace] Narrow klass base: 0x00007f8e0a000000, Narrow klass shift: 0, Narrow klass range: 0x100000000
[2024-10-04T23:51:33.118+0200][gc,start    ] GC(0) Pause Young (Normal) (G1 Evacuation Pause)
[2024-10-04T23:51:33.123+0200][gc,task     ] GC(0) Using 10 workers of 10 for evacuation
[2024-10-04T23:51:33.140+0200][gc,phases   ] GC(0)   Pre Evacuate Collection Set: 0.52ms
[2024-10-04T23:51:33.140+0200][gc,phases   ] GC(0)   Merge Heap Roots: 0.33ms
[2024-10-04T23:51:33.140+0200][gc,phases   ] GC(0)   Evacuate Collection Set: 14.46ms
[2024-10-04T23:51:33.140+0200][gc,phases   ] GC(0)   Post Evacuate Collection Set: 2.03ms
[2024-10-04T23:51:33.140+0200][gc,phases   ] GC(0)   Other: 4.19ms
[2024-10-04T23:51:33.140+0200][gc,heap     ] GC(0) Eden regions: 51->0(44)
[2024-10-04T23:51:33.140+0200][gc,heap     ] GC(0) Survivor regions: 0->7(7)
[2024-10-04T23:51:33.140+0200][gc,heap     ] GC(0) Old regions: 2->3
[2024-10-04T23:51:33.140+0200][gc,heap     ] GC(0) Humongous regions: 0->0
[2024-10-04T23:51:33.140+0200][gc,metaspace] GC(0) Metaspace: 17147K(17344K)->17147K(17344K) NonClass: 15117K(15232K)->15117K(15232K) Class: 2030K(2112K)->2030K(2112K)
[2024-10-04T23:51:33.141+0200][gc          ] GC(0) Pause Young (Normal) (G1 Evacuation Pause) 52M->8M(1024M) 22.174ms
[2024-10-04T23:51:33.141+0200][gc,cpu      ] GC(0) User=0.04s Sys=0.11s Real=0.02s
[2024-10-04T23:51:40.377+0200][gc,start    ] GC(1) Pause Young (Concurrent Start) (Metadata GC Threshold)
[2024-10-04T23:51:40.377+0200][gc,task     ] GC(1) Using 10 workers of 10 for evacuation
[2024-10-04T23:51:40.409+0200][gc,mmu      ] GC(1) MMU target violated: 21.0ms (20.0ms/21.0ms)
[2024-10-04T23:51:40.409+0200][gc,phases   ] GC(1)   Pre Evacuate Collection Set: 0.63ms
[2024-10-04T23:51:40.409+0200][gc,phases   ] GC(1)   Merge Heap Roots: 0.17ms
[2024-10-04T23:51:40.410+0200][gc,phases   ] GC(1)   Evacuate Collection Set: 30.03ms
[2024-10-04T23:51:40.410+0200][gc,phases   ] GC(1)   Post Evacuate Collection Set: 1.18ms
[2024-10-04T23:51:40.410+0200][gc,phases   ] GC(1)   Other: 0.41ms
[2024-10-04T23:51:40.410+0200][gc,heap     ] GC(1) Eden regions: 17->0(49)
[2024-10-04T23:51:40.410+0200][gc,heap     ] GC(1) Survivor regions: 7->2(7)
[2024-10-04T23:51:40.410+0200][gc,heap     ] GC(1) Old regions: 3->10
[2024-10-04T23:51:40.410+0200][gc,heap     ] GC(1) Humongous regions: 0->0
[2024-10-04T23:51:40.410+0200][gc,metaspace] GC(1) Metaspace: 21352K(21504K)->21352K(21504K) NonClass: 18809K(18880K)->18809K(18880K) Class: 2542K(2624K)->2542K(2624K)
[2024-10-04T23:51:40.410+0200][gc          ] GC(1) Pause Young (Concurrent Start) (Metadata GC Threshold) 25M->10M(1024M) 33.028ms
[2024-10-04T23:51:40.410+0200][gc,cpu      ] GC(1) User=0.09s Sys=0.18s Real=0.03s
[2024-10-04T23:51:40.410+0200][gc          ] GC(2) Concurrent Mark Cycle
[2024-10-04T23:51:40.410+0200][gc,marking  ] GC(2) Concurrent Scan Root Regions
[2024-10-04T23:51:40.417+0200][gc,marking  ] GC(2) Concurrent Scan Root Regions 6.681ms
[2024-10-04T23:51:40.417+0200][gc,marking  ] GC(2) Concurrent Mark
[2024-10-04T23:51:40.417+0200][gc,marking  ] GC(2) Concurrent Mark From Roots
[2024-10-04T23:51:40.417+0200][gc,task     ] GC(2) Using 3 workers of 3 for marking
[2024-10-04T23:51:40.424+0200][gc,marking  ] GC(2) Concurrent Mark From Roots 7.293ms
[2024-10-04T23:51:40.424+0200][gc,marking  ] GC(2) Concurrent Preclean
[2024-10-04T23:51:40.424+0200][gc,marking  ] GC(2) Concurrent Preclean 0.035ms
[2024-10-04T23:51:40.425+0200][gc,start    ] GC(2) Pause Remark
[2024-10-04T23:51:40.430+0200][gc          ] GC(2) Pause Remark 11M->11M(1024M) 4.968ms
[2024-10-04T23:51:40.430+0200][gc,cpu      ] GC(2) User=0.01s Sys=0.01s Real=0.01s
[2024-10-04T23:51:40.430+0200][gc,marking  ] GC(2) Concurrent Mark 12.923ms
[2024-10-04T23:51:40.430+0200][gc,marking  ] GC(2) Concurrent Rebuild Remembered Sets and Scrub Regions
[2024-10-04T23:51:40.436+0200][gc,marking  ] GC(2) Concurrent Rebuild Remembered Sets and Scrub Regions 6.436ms
[2024-10-04T23:51:40.437+0200][gc,start    ] GC(2) Pause Cleanup
[2024-10-04T23:51:40.438+0200][gc          ] GC(2) Pause Cleanup 11M->11M(1024M) 0.659ms
[2024-10-04T23:51:40.438+0200][gc,cpu      ] GC(2) User=0.01s Sys=0.00s Real=0.00s
[2024-10-04T23:51:40.438+0200][gc,marking  ] GC(2) Concurrent Clear Claimed Marks
[2024-10-04T23:51:40.438+0200][gc,marking  ] GC(2) Concurrent Clear Claimed Marks 0.077ms
[2024-10-04T23:51:40.438+0200][gc,marking  ] GC(2) Concurrent Cleanup for Next Mark
[2024-10-04T23:51:40.442+0200][gc,marking  ] GC(2) Concurrent Cleanup for Next Mark 4.148ms
[2024-10-04T23:51:40.442+0200][gc          ] GC(2) Concurrent Mark Cycle 32.110ms
[2024-10-04T23:51:42.468+0200][gc,start    ] GC(3) Pause Young (Prepare Mixed) (G1 Evacuation Pause)
[2024-10-04T23:51:42.468+0200][gc,task     ] GC(3) Using 10 workers of 10 for evacuation
[2024-10-04T23:51:42.473+0200][gc,phases   ] GC(3)   Pre Evacuate Collection Set: 0.18ms
[2024-10-04T23:51:42.473+0200][gc,phases   ] GC(3)   Merge Heap Roots: 0.07ms
[2024-10-04T23:51:42.473+0200][gc,phases   ] GC(3)   Evacuate Collection Set: 3.62ms
[2024-10-04T23:51:42.473+0200][gc,phases   ] GC(3)   Post Evacuate Collection Set: 0.47ms
[2024-10-04T23:51:42.473+0200][gc,phases   ] GC(3)   Other: 0.08ms
[2024-10-04T23:51:42.473+0200][gc,heap     ] GC(3) Eden regions: 49->0(44)
[2024-10-04T23:51:42.473+0200][gc,heap     ] GC(3) Survivor regions: 2->7(7)
[2024-10-04T23:51:42.473+0200][gc,heap     ] GC(3) Old regions: 10->10
[2024-10-04T23:51:42.473+0200][gc,heap     ] GC(3) Humongous regions: 129->129
[2024-10-04T23:51:42.473+0200][gc,metaspace] GC(3) Metaspace: 32095K(32384K)->32095K(32384K) NonClass: 28446K(28608K)->28446K(28608K) Class: 3648K(3776K)->3648K(3776K)
[2024-10-04T23:51:42.473+0200][gc          ] GC(3) Pause Young (Prepare Mixed) (G1 Evacuation Pause) 188M->144M(1024M) 4.684ms
[2024-10-04T23:51:42.473+0200][gc,cpu      ] GC(3) User=0.03s Sys=0.01s Real=0.00s
[2024-10-04T23:52:03.127+0200][gc,start    ] GC(4) Pause Young (Mixed) (Metadata GC Threshold)
[2024-10-04T23:52:03.127+0200][gc,task     ] GC(4) Using 10 workers of 10 for evacuation
[2024-10-04T23:52:03.149+0200][gc,mmu      ] GC(4) MMU target violated: 21.0ms (20.0ms/21.0ms)
[2024-10-04T23:52:03.149+0200][gc,phases   ] GC(4)   Pre Evacuate Collection Set: 0.59ms
[2024-10-04T23:52:03.149+0200][gc,phases   ] GC(4)   Merge Heap Roots: 0.15ms
[2024-10-04T23:52:03.149+0200][gc,phases   ] GC(4)   Evacuate Collection Set: 19.97ms
[2024-10-04T23:52:03.149+0200][gc,phases   ] GC(4)   Post Evacuate Collection Set: 0.96ms
[2024-10-04T23:52:03.149+0200][gc,phases   ] GC(4)   Other: 0.29ms
[2024-10-04T23:52:03.149+0200][gc,heap     ] GC(4) Eden regions: 16->0(49)
[2024-10-04T23:52:03.149+0200][gc,heap     ] GC(4) Survivor regions: 7->2(7)
[2024-10-04T23:52:03.149+0200][gc,heap     ] GC(4) Old regions: 10->16
[2024-10-04T23:52:03.149+0200][gc,heap     ] GC(4) Humongous regions: 129->129
[2024-10-04T23:52:03.149+0200][gc,metaspace] GC(4) Metaspace: 35837K(36096K)->35837K(36096K) NonClass: 31746K(31872K)->31746K(31872K) Class: 4090K(4224K)->4090K(4224K)
[2024-10-04T23:52:03.149+0200][gc          ] GC(4) Pause Young (Mixed) (Metadata GC Threshold) 160M->145M(1024M) 22.482ms
[2024-10-04T23:52:03.149+0200][gc,cpu      ] GC(4) User=0.07s Sys=0.12s Real=0.02s
[2024-10-04T23:52:26.476+0200][gc,start    ] GC(5) Pause Young (Concurrent Start) (Metadata GC Threshold)
[2024-10-04T23:52:26.494+0200][gc,task     ] GC(5) Using 10 workers of 10 for evacuation
[2024-10-04T23:52:26.495+0200][gc,phases   ] GC(5)   Pre Evacuate Collection Set: 0.31ms
[2024-10-04T23:52:26.495+0200][gc,phases   ] GC(5)   Merge Heap Roots: 0.05ms
[2024-10-04T23:52:26.495+0200][gc,phases   ] GC(5)   Evacuate Collection Set: 1.08ms
[2024-10-04T23:52:26.495+0200][gc,phases   ] GC(5)   Post Evacuate Collection Set: 0.27ms
[2024-10-04T23:52:26.495+0200][gc,phases   ] GC(5)   Other: 0.15ms
[2024-10-04T23:52:26.495+0200][gc,heap     ] GC(5) Eden regions: 5->0(50)
[2024-10-04T23:52:26.495+0200][gc,heap     ] GC(5) Survivor regions: 2->1(7)
[2024-10-04T23:52:26.495+0200][gc,heap     ] GC(5) Old regions: 16->16
[2024-10-04T23:52:26.495+0200][gc,heap     ] GC(5) Humongous regions: 129->129
[2024-10-04T23:52:26.496+0200][gc,metaspace] GC(5) Metaspace: 36118K(36416K)->36118K(36416K) NonClass: 31976K(32128K)->31976K(32128K) Class: 4142K(4288K)->4142K(4288K)
[2024-10-04T23:52:26.496+0200][gc          ] GC(5) Pause Young (Concurrent Start) (Metadata GC Threshold) 150M->145M(1024M) 19.744ms
[2024-10-04T23:52:26.496+0200][gc          ] GC(6) Concurrent Mark Cycle
[2024-10-04T23:52:26.496+0200][gc,marking  ] GC(6) Concurrent Scan Root Regions
[2024-10-04T23:52:26.496+0200][gc,cpu      ] GC(5) User=0.00s Sys=0.01s Real=0.02s
[2024-10-04T23:52:26.497+0200][gc,marking  ] GC(6) Concurrent Scan Root Regions 1.550ms
[2024-10-04T23:52:26.497+0200][gc,marking  ] GC(6) Concurrent Mark
[2024-10-04T23:52:26.497+0200][gc,marking  ] GC(6) Concurrent Mark From Roots
[2024-10-04T23:52:26.497+0200][gc,task     ] GC(6) Using 3 workers of 3 for marking
[2024-10-04T23:52:26.507+0200][gc,marking  ] GC(6) Concurrent Mark From Roots 10.165ms
[2024-10-04T23:52:26.507+0200][gc,marking  ] GC(6) Concurrent Preclean
[2024-10-04T23:52:26.507+0200][gc,marking  ] GC(6) Concurrent Preclean 0.053ms
[2024-10-04T23:52:26.508+0200][gc,start    ] GC(6) Pause Remark
[2024-10-04T23:52:26.510+0200][gc          ] GC(6) Pause Remark 145M->145M(1024M) 2.619ms
[2024-10-04T23:52:26.510+0200][gc,cpu      ] GC(6) User=0.01s Sys=0.00s Real=0.00s
[2024-10-04T23:52:26.510+0200][gc,marking  ] GC(6) Concurrent Mark 13.193ms
[2024-10-04T23:52:26.510+0200][gc,marking  ] GC(6) Concurrent Rebuild Remembered Sets and Scrub Regions
[2024-10-04T23:52:26.516+0200][gc,marking  ] GC(6) Concurrent Rebuild Remembered Sets and Scrub Regions 5.736ms
[2024-10-04T23:52:26.516+0200][gc,start    ] GC(6) Pause Cleanup
[2024-10-04T23:52:26.517+0200][gc          ] GC(6) Pause Cleanup 146M->146M(1024M) 0.248ms
[2024-10-04T23:52:26.517+0200][gc,cpu      ] GC(6) User=0.00s Sys=0.00s Real=0.00s
[2024-10-04T23:52:26.517+0200][gc,marking  ] GC(6) Concurrent Clear Claimed Marks
[2024-10-04T23:52:26.517+0200][gc,marking  ] GC(6) Concurrent Clear Claimed Marks 0.054ms
[2024-10-04T23:52:26.517+0200][gc,marking  ] GC(6) Concurrent Cleanup for Next Mark
[2024-10-04T23:52:26.517+0200][gc,marking  ] GC(6) Concurrent Cleanup for Next Mark 0.691ms
[2024-10-04T23:52:26.518+0200][gc          ] GC(6) Concurrent Mark Cycle 21.972ms
[2024-10-04T23:53:35.366+0200][gc,heap,exit] Heap
[2024-10-04T23:53:35.366+0200][gc,heap,exit]  garbage-first heap   total reserved 1048576K, committed 1048576K, used 173417K [0x00000000c0000000, 0x0000000100000000)
[2024-10-04T23:53:35.367+0200][gc,heap,exit]   region size 1024K, 25 young (25600K), 1 survivors (1024K)
[2024-10-04T23:53:35.367+0200][gc,heap,exit]  Metaspace       used 39696K, committed 40256K, reserved 1114112K
[2024-10-04T23:53:35.367+0200][gc,heap,exit]   class space    used 4850K, committed 5056K, reserved 1048576K
