[2024-10-07T16:47:20.752+0200][gc,init] CardTable entry size: 512
[2024-10-07T16:47:20.753+0200][gc     ] Using G1
[2024-10-07T16:47:20.788+0200][gc,init] Version: 22.0.2+9 (release)
[2024-10-07T16:47:20.788+0200][gc,init] CPUs: 12 total, 12 available
[2024-10-07T16:47:20.789+0200][gc,init] Memory: 31933M
[2024-10-07T16:47:20.789+0200][gc,init] Large Page Support: Disabled
[2024-10-07T16:47:20.789+0200][gc,init] NUMA Support: Disabled
[2024-10-07T16:47:20.789+0200][gc,init] Compressed Oops: Enabled (32-bit)
[2024-10-07T16:47:20.789+0200][gc,init] Heap Region Size: 1M
[2024-10-07T16:47:20.789+0200][gc,init] Heap Min Capacity: 1G
[2024-10-07T16:47:20.789+0200][gc,init] Heap Initial Capacity: 1G
[2024-10-07T16:47:20.789+0200][gc,init] Heap Max Capacity: 1G
[2024-10-07T16:47:20.789+0200][gc,init] Pre-touch: Disabled
[2024-10-07T16:47:20.789+0200][gc,init] Parallel Workers: 10
[2024-10-07T16:47:20.789+0200][gc,init] Concurrent Workers: 3
[2024-10-07T16:47:20.789+0200][gc,init] Concurrent Refinement Workers: 10
[2024-10-07T16:47:20.789+0200][gc,init] Periodic GC: Disabled
[2024-10-07T16:47:20.820+0200][gc,metaspace] CDS archive(s) mapped at: [0x00007f594e000000-0x00007f594ec75000-0x00007f594ec75000), size 13062144, SharedBaseAddress: 0x00007f594e000000, ArchiveRelocationMode: 1.
[2024-10-07T16:47:20.820+0200][gc,metaspace] Compressed class space mapped at: 0x00007f594f000000-0x00007f598f000000, reserved size: 1073741824
[2024-10-07T16:47:20.820+0200][gc,metaspace] Narrow klass base: 0x00007f594e000000, Narrow klass shift: 0, Narrow klass range: 0x100000000
[2024-10-07T16:47:29.470+0200][gc,start    ] GC(0) Pause Young (Normal) (G1 Evacuation Pause)
[2024-10-07T16:47:29.474+0200][gc,task     ] GC(0) Using 10 workers of 10 for evacuation
[2024-10-07T16:47:29.488+0200][gc,phases   ] GC(0)   Pre Evacuate Collection Set: 0.80ms
[2024-10-07T16:47:29.488+0200][gc,phases   ] GC(0)   Merge Heap Roots: 0.38ms
[2024-10-07T16:47:29.488+0200][gc,phases   ] GC(0)   Evacuate Collection Set: 11.37ms
[2024-10-07T16:47:29.488+0200][gc,phases   ] GC(0)   Post Evacuate Collection Set: 1.49ms
[2024-10-07T16:47:29.488+0200][gc,phases   ] GC(0)   Other: 4.27ms
[2024-10-07T16:47:29.489+0200][gc,heap     ] GC(0) Eden regions: 51->0(44)
[2024-10-07T16:47:29.489+0200][gc,heap     ] GC(0) Survivor regions: 0->7(7)
[2024-10-07T16:47:29.489+0200][gc,heap     ] GC(0) Old regions: 2->4
[2024-10-07T16:47:29.489+0200][gc,heap     ] GC(0) Humongous regions: 0->0
[2024-10-07T16:47:29.489+0200][gc,metaspace] GC(0) Metaspace: 17119K(17344K)->17119K(17344K) NonClass: 15091K(15232K)->15091K(15232K) Class: 2028K(2112K)->2028K(2112K)
[2024-10-07T16:47:29.489+0200][gc          ] GC(0) Pause Young (Normal) (G1 Evacuation Pause) 52M->9M(1024M) 19.064ms
[2024-10-07T16:47:29.489+0200][gc,cpu      ] GC(0) User=0.07s Sys=0.04s Real=0.02s
[2024-10-07T16:47:30.392+0200][gc,start    ] GC(1) Pause Young (Concurrent Start) (Metadata GC Threshold)
[2024-10-07T16:47:30.392+0200][gc,task     ] GC(1) Using 10 workers of 10 for evacuation
[2024-10-07T16:47:30.405+0200][gc,phases   ] GC(1)   Pre Evacuate Collection Set: 0.90ms
[2024-10-07T16:47:30.405+0200][gc,phases   ] GC(1)   Merge Heap Roots: 0.14ms
[2024-10-07T16:47:30.405+0200][gc,phases   ] GC(1)   Evacuate Collection Set: 10.08ms
[2024-10-07T16:47:30.405+0200][gc,phases   ] GC(1)   Post Evacuate Collection Set: 1.18ms
[2024-10-07T16:47:30.405+0200][gc,phases   ] GC(1)   Other: 0.42ms
[2024-10-07T16:47:30.405+0200][gc,heap     ] GC(1) Eden regions: 17->0(49)
[2024-10-07T16:47:30.405+0200][gc,heap     ] GC(1) Survivor regions: 7->2(7)
[2024-10-07T16:47:30.405+0200][gc,heap     ] GC(1) Old regions: 4->10
[2024-10-07T16:47:30.405+0200][gc,heap     ] GC(1) Humongous regions: 0->0
[2024-10-07T16:47:30.405+0200][gc,metaspace] GC(1) Metaspace: 21251K(21504K)->21251K(21504K) NonClass: 18714K(18880K)->18714K(18880K) Class: 2536K(2624K)->2536K(2624K)
[2024-10-07T16:47:30.405+0200][gc          ] GC(1) Pause Young (Concurrent Start) (Metadata GC Threshold) 25M->10M(1024M) 13.351ms
[2024-10-07T16:47:30.405+0200][gc,cpu      ] GC(1) User=0.07s Sys=0.02s Real=0.01s
[2024-10-07T16:47:30.405+0200][gc          ] GC(2) Concurrent Mark Cycle
[2024-10-07T16:47:30.405+0200][gc,marking  ] GC(2) Concurrent Scan Root Regions
[2024-10-07T16:47:30.412+0200][gc,marking  ] GC(2) Concurrent Scan Root Regions 6.604ms
[2024-10-07T16:47:30.412+0200][gc,marking  ] GC(2) Concurrent Mark
[2024-10-07T16:47:30.412+0200][gc,marking  ] GC(2) Concurrent Mark From Roots
[2024-10-07T16:47:30.412+0200][gc,task     ] GC(2) Using 3 workers of 3 for marking
[2024-10-07T16:47:30.419+0200][gc,marking  ] GC(2) Concurrent Mark From Roots 7.199ms
[2024-10-07T16:47:30.420+0200][gc,marking  ] GC(2) Concurrent Preclean
[2024-10-07T16:47:30.420+0200][gc,marking  ] GC(2) Concurrent Preclean 0.029ms
[2024-10-07T16:47:30.420+0200][gc,start    ] GC(2) Pause Remark
[2024-10-07T16:47:30.424+0200][gc          ] GC(2) Pause Remark 11M->11M(1024M) 4.663ms
[2024-10-07T16:47:30.425+0200][gc,cpu      ] GC(2) User=0.01s Sys=0.00s Real=0.00s
[2024-10-07T16:47:30.425+0200][gc,marking  ] GC(2) Concurrent Mark 12.479ms
[2024-10-07T16:47:30.425+0200][gc,marking  ] GC(2) Concurrent Rebuild Remembered Sets and Scrub Regions
[2024-10-07T16:47:30.432+0200][gc,marking  ] GC(2) Concurrent Rebuild Remembered Sets and Scrub Regions 6.917ms
[2024-10-07T16:47:30.434+0200][gc,start    ] GC(2) Pause Cleanup
[2024-10-07T16:47:30.435+0200][gc          ] GC(2) Pause Cleanup 11M->11M(1024M) 0.675ms
[2024-10-07T16:47:30.435+0200][gc,cpu      ] GC(2) User=0.00s Sys=0.00s Real=0.00s
[2024-10-07T16:47:30.435+0200][gc,marking  ] GC(2) Concurrent Clear Claimed Marks
[2024-10-07T16:47:30.435+0200][gc,marking  ] GC(2) Concurrent Clear Claimed Marks 0.075ms
[2024-10-07T16:47:30.435+0200][gc,marking  ] GC(2) Concurrent Cleanup for Next Mark
[2024-10-07T16:47:30.447+0200][gc,marking  ] GC(2) Concurrent Cleanup for Next Mark 11.543ms
[2024-10-07T16:47:30.447+0200][gc          ] GC(2) Concurrent Mark Cycle 41.498ms
[2024-10-07T16:47:32.566+0200][gc,start    ] GC(3) Pause Young (Prepare Mixed) (G1 Evacuation Pause)
[2024-10-07T16:47:32.566+0200][gc,task     ] GC(3) Using 10 workers of 10 for evacuation
[2024-10-07T16:47:32.574+0200][gc,phases   ] GC(3)   Pre Evacuate Collection Set: 0.41ms
[2024-10-07T16:47:32.574+0200][gc,phases   ] GC(3)   Merge Heap Roots: 0.17ms
[2024-10-07T16:47:32.574+0200][gc,phases   ] GC(3)   Evacuate Collection Set: 6.04ms
[2024-10-07T16:47:32.574+0200][gc,phases   ] GC(3)   Post Evacuate Collection Set: 1.09ms
[2024-10-07T16:47:32.574+0200][gc,phases   ] GC(3)   Other: 0.15ms
[2024-10-07T16:47:32.574+0200][gc,heap     ] GC(3) Eden regions: 49->0(45)
[2024-10-07T16:47:32.574+0200][gc,heap     ] GC(3) Survivor regions: 2->6(7)
[2024-10-07T16:47:32.574+0200][gc,heap     ] GC(3) Old regions: 10->10
[2024-10-07T16:47:32.574+0200][gc,heap     ] GC(3) Humongous regions: 129->129
[2024-10-07T16:47:32.574+0200][gc,metaspace] GC(3) Metaspace: 30314K(30592K)->30314K(30592K) NonClass: 26874K(27008K)->26874K(27008K) Class: 3439K(3584K)->3439K(3584K)
[2024-10-07T16:47:32.574+0200][gc          ] GC(3) Pause Young (Prepare Mixed) (G1 Evacuation Pause) 188M->143M(1024M) 8.352ms
[2024-10-07T16:47:32.574+0200][gc,cpu      ] GC(3) User=0.05s Sys=0.01s Real=0.01s
[2024-10-07T16:47:33.204+0200][gc,start    ] GC(4) Pause Young (Mixed) (Metadata GC Threshold)
[2024-10-07T16:47:33.204+0200][gc,task     ] GC(4) Using 10 workers of 10 for evacuation
[2024-10-07T16:47:33.220+0200][gc,phases   ] GC(4)   Pre Evacuate Collection Set: 0.43ms
[2024-10-07T16:47:33.220+0200][gc,phases   ] GC(4)   Merge Heap Roots: 0.13ms
[2024-10-07T16:47:33.220+0200][gc,phases   ] GC(4)   Evacuate Collection Set: 14.35ms
[2024-10-07T16:47:33.220+0200][gc,phases   ] GC(4)   Post Evacuate Collection Set: 0.84ms
[2024-10-07T16:47:33.220+0200][gc,phases   ] GC(4)   Other: 0.16ms
[2024-10-07T16:47:33.220+0200][gc,heap     ] GC(4) Eden regions: 23->0(48)
[2024-10-07T16:47:33.220+0200][gc,heap     ] GC(4) Survivor regions: 6->3(7)
[2024-10-07T16:47:33.220+0200][gc,heap     ] GC(4) Old regions: 10->15
[2024-10-07T16:47:33.220+0200][gc,heap     ] GC(4) Humongous regions: 129->129
[2024-10-07T16:47:33.220+0200][gc,metaspace] GC(4) Metaspace: 35680K(35968K)->35680K(35968K) NonClass: 31676K(31808K)->31676K(31808K) Class: 4003K(4160K)->4003K(4160K)
[2024-10-07T16:47:33.220+0200][gc          ] GC(4) Pause Young (Mixed) (Metadata GC Threshold) 166M->145M(1024M) 16.656ms
[2024-10-07T16:47:33.220+0200][gc,cpu      ] GC(4) User=0.09s Sys=0.02s Real=0.02s
[2024-10-07T16:47:33.282+0200][gc,start    ] GC(5) Pause Young (Concurrent Start) (Metadata GC Threshold)
[2024-10-07T16:47:33.282+0200][gc,task     ] GC(5) Using 10 workers of 10 for evacuation
[2024-10-07T16:47:33.288+0200][gc,phases   ] GC(5)   Pre Evacuate Collection Set: 0.68ms
[2024-10-07T16:47:33.288+0200][gc,phases   ] GC(5)   Merge Heap Roots: 0.13ms
[2024-10-07T16:47:33.288+0200][gc,phases   ] GC(5)   Evacuate Collection Set: 3.73ms
[2024-10-07T16:47:33.288+0200][gc,phases   ] GC(5)   Post Evacuate Collection Set: 0.76ms
[2024-10-07T16:47:33.288+0200][gc,phases   ] GC(5)   Other: 0.23ms
[2024-10-07T16:47:33.288+0200][gc,heap     ] GC(5) Eden regions: 2->0(48)
[2024-10-07T16:47:33.288+0200][gc,heap     ] GC(5) Survivor regions: 3->3(7)
[2024-10-07T16:47:33.288+0200][gc,heap     ] GC(5) Old regions: 15->15
[2024-10-07T16:47:33.288+0200][gc,heap     ] GC(5) Humongous regions: 129->129
[2024-10-07T16:47:33.288+0200][gc,metaspace] GC(5) Metaspace: 35908K(36288K)->35908K(36288K) NonClass: 31866K(32064K)->31866K(32064K) Class: 4042K(4224K)->4042K(4224K)
[2024-10-07T16:47:33.288+0200][gc          ] GC(5) Pause Young (Concurrent Start) (Metadata GC Threshold) 146M->145M(1024M) 6.095ms
[2024-10-07T16:47:33.288+0200][gc          ] GC(6) Concurrent Mark Cycle
[2024-10-07T16:47:33.288+0200][gc,marking  ] GC(6) Concurrent Scan Root Regions
[2024-10-07T16:47:33.288+0200][gc,cpu      ] GC(5) User=0.04s Sys=0.00s Real=0.01s
[2024-10-07T16:47:33.293+0200][gc,marking  ] GC(6) Concurrent Scan Root Regions 4.732ms
[2024-10-07T16:47:33.293+0200][gc,marking  ] GC(6) Concurrent Mark
[2024-10-07T16:47:33.293+0200][gc,marking  ] GC(6) Concurrent Mark From Roots
[2024-10-07T16:47:33.293+0200][gc,task     ] GC(6) Using 3 workers of 3 for marking
[2024-10-07T16:47:33.328+0200][gc,marking  ] GC(6) Concurrent Mark From Roots 34.343ms
[2024-10-07T16:47:33.328+0200][gc,marking  ] GC(6) Concurrent Preclean
[2024-10-07T16:47:33.328+0200][gc,marking  ] GC(6) Concurrent Preclean 0.302ms
[2024-10-07T16:47:33.329+0200][gc,start    ] GC(6) Pause Remark
[2024-10-07T16:47:33.336+0200][gc          ] GC(6) Pause Remark 146M->146M(1024M) 6.930ms
[2024-10-07T16:47:33.336+0200][gc,cpu      ] GC(6) User=0.03s Sys=0.00s Real=0.00s
[2024-10-07T16:47:33.336+0200][gc,marking  ] GC(6) Concurrent Mark 42.407ms
[2024-10-07T16:47:33.336+0200][gc,marking  ] GC(6) Concurrent Rebuild Remembered Sets and Scrub Regions
[2024-10-07T16:47:33.351+0200][gc,marking  ] GC(6) Concurrent Rebuild Remembered Sets and Scrub Regions 14.881ms
[2024-10-07T16:47:33.351+0200][gc,start    ] GC(6) Pause Cleanup
[2024-10-07T16:47:33.352+0200][gc          ] GC(6) Pause Cleanup 146M->146M(1024M) 0.534ms
[2024-10-07T16:47:33.352+0200][gc,cpu      ] GC(6) User=0.00s Sys=0.00s Real=0.00s
[2024-10-07T16:47:33.352+0200][gc,marking  ] GC(6) Concurrent Clear Claimed Marks
[2024-10-07T16:47:33.352+0200][gc,marking  ] GC(6) Concurrent Clear Claimed Marks 0.100ms
[2024-10-07T16:47:33.352+0200][gc,marking  ] GC(6) Concurrent Cleanup for Next Mark
[2024-10-07T16:47:33.353+0200][gc,marking  ] GC(6) Concurrent Cleanup for Next Mark 1.582ms
[2024-10-07T16:47:33.354+0200][gc          ] GC(6) Concurrent Mark Cycle 65.151ms
[2024-10-07T16:49:17.048+0200][gc,start    ] GC(7) Pause Young (Prepare Mixed) (G1 Evacuation Pause)
[2024-10-07T16:49:17.048+0200][gc,task     ] GC(7) Using 10 workers of 10 for evacuation
[2024-10-07T16:49:17.063+0200][gc,phases   ] GC(7)   Pre Evacuate Collection Set: 0.77ms
[2024-10-07T16:49:17.063+0200][gc,phases   ] GC(7)   Merge Heap Roots: 0.21ms
[2024-10-07T16:49:17.063+0200][gc,phases   ] GC(7)   Evacuate Collection Set: 11.13ms
[2024-10-07T16:49:17.063+0200][gc,phases   ] GC(7)   Post Evacuate Collection Set: 2.30ms
[2024-10-07T16:49:17.063+0200][gc,phases   ] GC(7)   Other: 0.23ms
[2024-10-07T16:49:17.063+0200][gc,heap     ] GC(7) Eden regions: 48->0(45)
[2024-10-07T16:49:17.063+0200][gc,heap     ] GC(7) Survivor regions: 3->6(7)
[2024-10-07T16:49:17.063+0200][gc,heap     ] GC(7) Old regions: 15->15
[2024-10-07T16:49:17.063+0200][gc,heap     ] GC(7) Humongous regions: 249->129
[2024-10-07T16:49:17.063+0200][gc,metaspace] GC(7) Metaspace: 43511K(44288K)->43511K(44288K) NonClass: 38209K(38656K)->38209K(38656K) Class: 5302K(5632K)->5302K(5632K)
[2024-10-07T16:49:17.063+0200][gc          ] GC(7) Pause Young (Prepare Mixed) (G1 Evacuation Pause) 313M->149M(1024M) 15.304ms
[2024-10-07T16:49:17.063+0200][gc,cpu      ] GC(7) User=0.10s Sys=0.00s Real=0.01s
[2024-10-07T16:53:48.009+0200][gc,start    ] GC(8) Pause Young (Mixed) (G1 Evacuation Pause)
[2024-10-07T16:53:48.009+0200][gc,task     ] GC(8) Using 10 workers of 10 for evacuation
[2024-10-07T16:53:48.024+0200][gc,phases   ] GC(8)   Pre Evacuate Collection Set: 0.55ms
[2024-10-07T16:53:48.025+0200][gc,phases   ] GC(8)   Merge Heap Roots: 0.30ms
[2024-10-07T16:53:48.025+0200][gc,phases   ] GC(8)   Evacuate Collection Set: 12.94ms
[2024-10-07T16:53:48.025+0200][gc,phases   ] GC(8)   Post Evacuate Collection Set: 1.41ms
[2024-10-07T16:53:48.025+0200][gc,phases   ] GC(8)   Other: 0.20ms
[2024-10-07T16:53:48.025+0200][gc,heap     ] GC(8) Eden regions: 45->0(48)
[2024-10-07T16:53:48.025+0200][gc,heap     ] GC(8) Survivor regions: 6->3(7)
[2024-10-07T16:53:48.025+0200][gc,heap     ] GC(8) Old regions: 15->19
[2024-10-07T16:53:48.025+0200][gc,heap     ] GC(8) Humongous regions: 129->129
[2024-10-07T16:53:48.025+0200][gc,metaspace] GC(8) Metaspace: 43757K(44544K)->43757K(44544K) NonClass: 38442K(38912K)->38442K(38912K) Class: 5315K(5632K)->5315K(5632K)
[2024-10-07T16:53:48.025+0200][gc          ] GC(8) Pause Young (Mixed) (G1 Evacuation Pause) 194M->150M(1024M) 16.069ms
[2024-10-07T16:53:48.025+0200][gc,cpu      ] GC(8) User=0.12s Sys=0.00s Real=0.01s
[2024-10-07T16:59:16.765+0200][gc,start    ] GC(9) Pause Young (Normal) (G1 Evacuation Pause)
[2024-10-07T16:59:16.766+0200][gc,task     ] GC(9) Using 10 workers of 10 for evacuation
[2024-10-07T16:59:16.777+0200][gc,phases   ] GC(9)   Pre Evacuate Collection Set: 0.49ms
[2024-10-07T16:59:16.777+0200][gc,phases   ] GC(9)   Merge Heap Roots: 0.19ms
[2024-10-07T16:59:16.777+0200][gc,phases   ] GC(9)   Evacuate Collection Set: 9.89ms
[2024-10-07T16:59:16.777+0200][gc,phases   ] GC(9)   Post Evacuate Collection Set: 0.98ms
[2024-10-07T16:59:16.778+0200][gc,phases   ] GC(9)   Other: 0.20ms
[2024-10-07T16:59:16.778+0200][gc,heap     ] GC(9) Eden regions: 48->0(44)
[2024-10-07T16:59:16.778+0200][gc,heap     ] GC(9) Survivor regions: 3->7(7)
[2024-10-07T16:59:16.778+0200][gc,heap     ] GC(9) Old regions: 19->19
[2024-10-07T16:59:16.778+0200][gc,heap     ] GC(9) Humongous regions: 129->129
[2024-10-07T16:59:16.778+0200][gc,metaspace] GC(9) Metaspace: 43905K(44800K)->43905K(44800K) NonClass: 38570K(39104K)->38570K(39104K) Class: 5335K(5696K)->5335K(5696K)
[2024-10-07T16:59:16.778+0200][gc          ] GC(9) Pause Young (Normal) (G1 Evacuation Pause) 198M->153M(1024M) 12.398ms
[2024-10-07T16:59:16.778+0200][gc,cpu      ] GC(9) User=0.08s Sys=0.01s Real=0.02s
[2024-10-07T17:04:48.229+0200][gc,start    ] GC(10) Pause Young (Normal) (G1 Evacuation Pause)
[2024-10-07T17:04:48.229+0200][gc,task     ] GC(10) Using 10 workers of 10 for evacuation
[2024-10-07T17:04:48.240+0200][gc,phases   ] GC(10)   Pre Evacuate Collection Set: 0.29ms
[2024-10-07T17:04:48.240+0200][gc,phases   ] GC(10)   Merge Heap Roots: 0.09ms
[2024-10-07T17:04:48.240+0200][gc,phases   ] GC(10)   Evacuate Collection Set: 10.20ms
[2024-10-07T17:04:48.240+0200][gc,phases   ] GC(10)   Post Evacuate Collection Set: 0.54ms
[2024-10-07T17:04:48.240+0200][gc,phases   ] GC(10)   Other: 0.14ms
[2024-10-07T17:04:48.240+0200][gc,heap     ] GC(10) Eden regions: 44->0(45)
[2024-10-07T17:04:48.240+0200][gc,heap     ] GC(10) Survivor regions: 7->6(7)
[2024-10-07T17:04:48.240+0200][gc,heap     ] GC(10) Old regions: 19->25
[2024-10-07T17:04:48.240+0200][gc,heap     ] GC(10) Humongous regions: 129->129
[2024-10-07T17:04:48.240+0200][gc,metaspace] GC(10) Metaspace: 43937K(44800K)->43937K(44800K) NonClass: 38602K(39104K)->38602K(39104K) Class: 5335K(5696K)->5335K(5696K)
[2024-10-07T17:04:48.240+0200][gc          ] GC(10) Pause Young (Normal) (G1 Evacuation Pause) 197M->158M(1024M) 11.718ms
[2024-10-07T17:04:48.240+0200][gc,cpu      ] GC(10) User=0.08s Sys=0.00s Real=0.01s
[2024-10-07T17:10:25.770+0200][gc,start    ] GC(11) Pause Young (Normal) (G1 Evacuation Pause)
[2024-10-07T17:10:25.771+0200][gc,task     ] GC(11) Using 10 workers of 10 for evacuation
[2024-10-07T17:10:25.776+0200][gc,phases   ] GC(11)   Pre Evacuate Collection Set: 0.23ms
[2024-10-07T17:10:25.776+0200][gc,phases   ] GC(11)   Merge Heap Roots: 0.07ms
[2024-10-07T17:10:25.776+0200][gc,phases   ] GC(11)   Evacuate Collection Set: 4.63ms
[2024-10-07T17:10:25.776+0200][gc,phases   ] GC(11)   Post Evacuate Collection Set: 0.33ms
[2024-10-07T17:10:25.776+0200][gc,phases   ] GC(11)   Other: 0.08ms
[2024-10-07T17:10:25.776+0200][gc,heap     ] GC(11) Eden regions: 45->0(45)
[2024-10-07T17:10:25.776+0200][gc,heap     ] GC(11) Survivor regions: 6->6(7)
[2024-10-07T17:10:25.776+0200][gc,heap     ] GC(11) Old regions: 25->29
[2024-10-07T17:10:25.776+0200][gc,heap     ] GC(11) Humongous regions: 129->129
[2024-10-07T17:10:25.776+0200][gc,metaspace] GC(11) Metaspace: 43997K(44864K)->43997K(44864K) NonClass: 38661K(39168K)->38661K(39168K) Class: 5335K(5696K)->5335K(5696K)
[2024-10-07T17:10:25.776+0200][gc          ] GC(11) Pause Young (Normal) (G1 Evacuation Pause) 203M->163M(1024M) 5.600ms
[2024-10-07T17:10:25.776+0200][gc,cpu      ] GC(11) User=0.04s Sys=0.00s Real=0.00s
[2024-10-07T17:16:05.769+0200][gc,start    ] GC(12) Pause Young (Normal) (G1 Evacuation Pause)
[2024-10-07T17:16:05.769+0200][gc,task     ] GC(12) Using 10 workers of 10 for evacuation
[2024-10-07T17:16:05.790+0200][gc,mmu      ] GC(12) MMU target violated: 20.9ms (20.0ms/21.0ms)
[2024-10-07T17:16:05.790+0200][gc,phases   ] GC(12)   Pre Evacuate Collection Set: 0.82ms
[2024-10-07T17:16:05.791+0200][gc,phases   ] GC(12)   Merge Heap Roots: 0.25ms
[2024-10-07T17:16:05.791+0200][gc,phases   ] GC(12)   Evacuate Collection Set: 18.44ms
[2024-10-07T17:16:05.791+0200][gc,phases   ] GC(12)   Post Evacuate Collection Set: 1.26ms
[2024-10-07T17:16:05.791+0200][gc,phases   ] GC(12)   Other: 0.35ms
[2024-10-07T17:16:05.791+0200][gc,heap     ] GC(12) Eden regions: 45->0(45)
[2024-10-07T17:16:05.791+0200][gc,heap     ] GC(12) Survivor regions: 6->6(7)
[2024-10-07T17:16:05.791+0200][gc,heap     ] GC(12) Old regions: 29->33
[2024-10-07T17:16:05.791+0200][gc,heap     ] GC(12) Humongous regions: 129->129
[2024-10-07T17:16:05.791+0200][gc,metaspace] GC(12) Metaspace: 44073K(44928K)->44073K(44928K) NonClass: 38737K(39232K)->38737K(39232K) Class: 5336K(5696K)->5336K(5696K)
[2024-10-07T17:16:05.791+0200][gc          ] GC(12) Pause Young (Normal) (G1 Evacuation Pause) 208M->167M(1024M) 21.850ms
[2024-10-07T17:16:05.791+0200][gc,cpu      ] GC(12) User=0.13s Sys=0.02s Real=0.02s
[2024-10-07T17:21:44.190+0200][gc,start    ] GC(13) Pause Young (Normal) (G1 Evacuation Pause)
[2024-10-07T17:21:44.190+0200][gc,task     ] GC(13) Using 10 workers of 10 for evacuation
[2024-10-07T17:21:44.195+0200][gc,phases   ] GC(13)   Pre Evacuate Collection Set: 0.27ms
[2024-10-07T17:21:44.195+0200][gc,phases   ] GC(13)   Merge Heap Roots: 0.07ms
[2024-10-07T17:21:44.195+0200][gc,phases   ] GC(13)   Evacuate Collection Set: 4.66ms
[2024-10-07T17:21:44.195+0200][gc,phases   ] GC(13)   Post Evacuate Collection Set: 0.32ms
[2024-10-07T17:21:44.195+0200][gc,phases   ] GC(13)   Other: 0.08ms
[2024-10-07T17:21:44.195+0200][gc,heap     ] GC(13) Eden regions: 45->0(46)
[2024-10-07T17:21:44.195+0200][gc,heap     ] GC(13) Survivor regions: 6->5(7)
[2024-10-07T17:21:44.195+0200][gc,heap     ] GC(13) Old regions: 33->38
[2024-10-07T17:21:44.195+0200][gc,heap     ] GC(13) Humongous regions: 129->129
[2024-10-07T17:21:44.195+0200][gc,metaspace] GC(13) Metaspace: 44122K(44992K)->44122K(44992K) NonClass: 38785K(39296K)->38785K(39296K) Class: 5336K(5696K)->5336K(5696K)
[2024-10-07T17:21:44.195+0200][gc          ] GC(13) Pause Young (Normal) (G1 Evacuation Pause) 212M->171M(1024M) 5.673ms
[2024-10-07T17:21:44.195+0200][gc,cpu      ] GC(13) User=0.04s Sys=0.00s Real=0.00s
[2024-10-07T17:27:36.903+0200][gc,start    ] GC(14) Pause Young (Normal) (G1 Evacuation Pause)
[2024-10-07T17:27:36.903+0200][gc,task     ] GC(14) Using 10 workers of 10 for evacuation
[2024-10-07T17:27:36.915+0200][gc,phases   ] GC(14)   Pre Evacuate Collection Set: 0.53ms
[2024-10-07T17:27:36.915+0200][gc,phases   ] GC(14)   Merge Heap Roots: 0.09ms
[2024-10-07T17:27:36.915+0200][gc,phases   ] GC(14)   Evacuate Collection Set: 10.82ms
[2024-10-07T17:27:36.915+0200][gc,phases   ] GC(14)   Post Evacuate Collection Set: 0.38ms
[2024-10-07T17:27:36.915+0200][gc,phases   ] GC(14)   Other: 0.10ms
[2024-10-07T17:27:36.915+0200][gc,heap     ] GC(14) Eden regions: 46->0(45)
[2024-10-07T17:27:36.915+0200][gc,heap     ] GC(14) Survivor regions: 5->6(7)
[2024-10-07T17:27:36.915+0200][gc,heap     ] GC(14) Old regions: 38->43
[2024-10-07T17:27:36.915+0200][gc,heap     ] GC(14) Humongous regions: 129->129
[2024-10-07T17:27:36.915+0200][gc,metaspace] GC(14) Metaspace: 44143K(44992K)->44143K(44992K) NonClass: 38807K(39296K)->38807K(39296K) Class: 5336K(5696K)->5336K(5696K)
[2024-10-07T17:27:36.915+0200][gc          ] GC(14) Pause Young (Normal) (G1 Evacuation Pause) 217M->177M(1024M) 12.271ms
[2024-10-07T17:27:36.915+0200][gc,cpu      ] GC(14) User=0.07s Sys=0.00s Real=0.01s
[2024-10-07T17:33:26.562+0200][gc,start    ] GC(15) Pause Young (Normal) (G1 Evacuation Pause)
[2024-10-07T17:33:26.562+0200][gc,task     ] GC(15) Using 10 workers of 10 for evacuation
[2024-10-07T17:33:26.583+0200][gc,mmu      ] GC(15) MMU target violated: 20.9ms (20.0ms/21.0ms)
[2024-10-07T17:33:26.583+0200][gc,phases   ] GC(15)   Pre Evacuate Collection Set: 1.54ms
[2024-10-07T17:33:26.583+0200][gc,phases   ] GC(15)   Merge Heap Roots: 0.49ms
[2024-10-07T17:33:26.583+0200][gc,phases   ] GC(15)   Evacuate Collection Set: 18.04ms
[2024-10-07T17:33:26.583+0200][gc,phases   ] GC(15)   Post Evacuate Collection Set: 0.70ms
[2024-10-07T17:33:26.583+0200][gc,phases   ] GC(15)   Other: 0.31ms
[2024-10-07T17:33:26.583+0200][gc,heap     ] GC(15) Eden regions: 45->0(45)
[2024-10-07T17:33:26.583+0200][gc,heap     ] GC(15) Survivor regions: 6->6(7)
[2024-10-07T17:33:26.583+0200][gc,heap     ] GC(15) Old regions: 43->48
[2024-10-07T17:33:26.583+0200][gc,heap     ] GC(15) Humongous regions: 129->129
[2024-10-07T17:33:26.583+0200][gc,metaspace] GC(15) Metaspace: 44190K(45056K)->44190K(45056K) NonClass: 38853K(39360K)->38853K(39360K) Class: 5336K(5696K)->5336K(5696K)
[2024-10-07T17:33:26.583+0200][gc          ] GC(15) Pause Young (Normal) (G1 Evacuation Pause) 222M->182M(1024M) 21.582ms
[2024-10-07T17:33:26.583+0200][gc,cpu      ] GC(15) User=0.15s Sys=0.00s Real=0.02s
[2024-10-07T17:39:14.472+0200][gc,start    ] GC(16) Pause Young (Normal) (G1 Evacuation Pause)
[2024-10-07T17:39:14.472+0200][gc,task     ] GC(16) Using 10 workers of 10 for evacuation
[2024-10-07T17:39:14.488+0200][gc,phases   ] GC(16)   Pre Evacuate Collection Set: 0.43ms
[2024-10-07T17:39:14.488+0200][gc,phases   ] GC(16)   Merge Heap Roots: 0.28ms
[2024-10-07T17:39:14.488+0200][gc,phases   ] GC(16)   Evacuate Collection Set: 14.36ms
[2024-10-07T17:39:14.488+0200][gc,phases   ] GC(16)   Post Evacuate Collection Set: 0.74ms
[2024-10-07T17:39:14.488+0200][gc,phases   ] GC(16)   Other: 0.19ms
[2024-10-07T17:39:14.488+0200][gc,heap     ] GC(16) Eden regions: 45->0(45)
[2024-10-07T17:39:14.488+0200][gc,heap     ] GC(16) Survivor regions: 6->6(7)
[2024-10-07T17:39:14.488+0200][gc,heap     ] GC(16) Old regions: 48->52
[2024-10-07T17:39:14.488+0200][gc,heap     ] GC(16) Humongous regions: 129->129
[2024-10-07T17:39:14.488+0200][gc,metaspace] GC(16) Metaspace: 44202K(45056K)->44202K(45056K) NonClass: 38865K(39360K)->38865K(39360K) Class: 5336K(5696K)->5336K(5696K)
[2024-10-07T17:39:14.489+0200][gc          ] GC(16) Pause Young (Normal) (G1 Evacuation Pause) 227M->186M(1024M) 16.625ms
[2024-10-07T17:39:14.489+0200][gc,cpu      ] GC(16) User=0.12s Sys=0.01s Real=0.02s
[2024-10-07T17:44:39.024+0200][gc,start    ] GC(17) Pause Young (Normal) (G1 Evacuation Pause)
[2024-10-07T17:44:39.024+0200][gc,task     ] GC(17) Using 10 workers of 10 for evacuation
[2024-10-07T17:44:39.047+0200][gc,mmu      ] GC(17) MMU target violated: 21.0ms (20.0ms/21.0ms)
[2024-10-07T17:44:39.047+0200][gc,phases   ] GC(17)   Pre Evacuate Collection Set: 0.90ms
[2024-10-07T17:44:39.047+0200][gc,phases   ] GC(17)   Merge Heap Roots: 0.29ms
[2024-10-07T17:44:39.047+0200][gc,phases   ] GC(17)   Evacuate Collection Set: 20.47ms
[2024-10-07T17:44:39.047+0200][gc,phases   ] GC(17)   Post Evacuate Collection Set: 0.84ms
[2024-10-07T17:44:39.047+0200][gc,phases   ] GC(17)   Other: 0.40ms
[2024-10-07T17:44:39.047+0200][gc,heap     ] GC(17) Eden regions: 45->0(44)
[2024-10-07T17:44:39.047+0200][gc,heap     ] GC(17) Survivor regions: 6->7(7)
[2024-10-07T17:44:39.047+0200][gc,heap     ] GC(17) Old regions: 52->57
[2024-10-07T17:44:39.047+0200][gc,heap     ] GC(17) Humongous regions: 129->129
[2024-10-07T17:44:39.047+0200][gc,metaspace] GC(17) Metaspace: 44253K(45120K)->44253K(45120K) NonClass: 38917K(39424K)->38917K(39424K) Class: 5336K(5696K)->5336K(5696K)
[2024-10-07T17:44:39.048+0200][gc          ] GC(17) Pause Young (Normal) (G1 Evacuation Pause) 231M->191M(1024M) 23.512ms
[2024-10-07T17:44:39.048+0200][gc,cpu      ] GC(17) User=0.14s Sys=0.01s Real=0.03s
[2024-10-07T17:49:47.224+0200][gc,start    ] GC(18) Pause Young (Normal) (G1 Evacuation Pause)
[2024-10-07T17:49:47.225+0200][gc,task     ] GC(18) Using 10 workers of 10 for evacuation
[2024-10-07T17:49:47.242+0200][gc,phases   ] GC(18)   Pre Evacuate Collection Set: 0.39ms
[2024-10-07T17:49:47.243+0200][gc,phases   ] GC(18)   Merge Heap Roots: 0.25ms
[2024-10-07T17:49:47.243+0200][gc,phases   ] GC(18)   Evacuate Collection Set: 16.04ms
[2024-10-07T17:49:47.243+0200][gc,phases   ] GC(18)   Post Evacuate Collection Set: 1.08ms
[2024-10-07T17:49:47.243+0200][gc,phases   ] GC(18)   Other: 0.20ms
[2024-10-07T17:49:47.243+0200][gc,heap     ] GC(18) Eden regions: 44->0(45)
[2024-10-07T17:49:47.243+0200][gc,heap     ] GC(18) Survivor regions: 7->6(7)
[2024-10-07T17:49:47.243+0200][gc,heap     ] GC(18) Old regions: 57->62
[2024-10-07T17:49:47.243+0200][gc,heap     ] GC(18) Humongous regions: 129->129
[2024-10-07T17:49:47.243+0200][gc,metaspace] GC(18) Metaspace: 44285K(45120K)->44285K(45120K) NonClass: 38945K(39424K)->38945K(39424K) Class: 5339K(5696K)->5339K(5696K)
[2024-10-07T17:49:47.243+0200][gc          ] GC(18) Pause Young (Normal) (G1 Evacuation Pause) 235M->196M(1024M) 18.581ms
[2024-10-07T17:49:47.243+0200][gc,cpu      ] GC(18) User=0.13s Sys=0.00s Real=0.02s
[2024-10-07T17:55:36.394+0200][gc,start    ] GC(19) Pause Young (Normal) (G1 Evacuation Pause)
[2024-10-07T17:55:36.394+0200][gc,task     ] GC(19) Using 10 workers of 10 for evacuation
[2024-10-07T17:55:36.407+0200][gc,phases   ] GC(19)   Pre Evacuate Collection Set: 0.75ms
[2024-10-07T17:55:36.407+0200][gc,phases   ] GC(19)   Merge Heap Roots: 0.22ms
[2024-10-07T17:55:36.407+0200][gc,phases   ] GC(19)   Evacuate Collection Set: 10.76ms
[2024-10-07T17:55:36.407+0200][gc,phases   ] GC(19)   Post Evacuate Collection Set: 0.88ms
[2024-10-07T17:55:36.407+0200][gc,phases   ] GC(19)   Other: 0.21ms
[2024-10-07T17:55:36.407+0200][gc,heap     ] GC(19) Eden regions: 45->0(70)
[2024-10-07T17:55:36.407+0200][gc,heap     ] GC(19) Survivor regions: 6->3(7)
[2024-10-07T17:55:36.407+0200][gc,heap     ] GC(19) Old regions: 62->65
[2024-10-07T17:55:36.407+0200][gc,heap     ] GC(19) Humongous regions: 129->129
[2024-10-07T17:55:36.407+0200][gc,metaspace] GC(19) Metaspace: 44308K(45120K)->44308K(45120K) NonClass: 38968K(39424K)->38968K(39424K) Class: 5339K(5696K)->5339K(5696K)
[2024-10-07T17:55:36.407+0200][gc          ] GC(19) Pause Young (Normal) (G1 Evacuation Pause) 241M->196M(1024M) 13.550ms
[2024-10-07T17:55:36.408+0200][gc,cpu      ] GC(19) User=0.08s Sys=0.00s Real=0.02s
[2024-10-07T18:06:14.316+0200][gc,start    ] GC(20) Pause Young (Normal) (G1 Evacuation Pause)
[2024-10-07T18:06:14.316+0200][gc,task     ] GC(20) Using 10 workers of 10 for evacuation
[2024-10-07T18:06:14.341+0200][gc,mmu      ] GC(20) MMU target violated: 21.0ms (20.0ms/21.0ms)
[2024-10-07T18:06:14.341+0200][gc,phases   ] GC(20)   Pre Evacuate Collection Set: 0.52ms
[2024-10-07T18:06:14.341+0200][gc,phases   ] GC(20)   Merge Heap Roots: 0.20ms
[2024-10-07T18:06:14.341+0200][gc,phases   ] GC(20)   Evacuate Collection Set: 22.22ms
[2024-10-07T18:06:14.341+0200][gc,phases   ] GC(20)   Post Evacuate Collection Set: 1.24ms
[2024-10-07T18:06:14.341+0200][gc,phases   ] GC(20)   Other: 0.33ms
[2024-10-07T18:06:14.341+0200][gc,heap     ] GC(20) Eden regions: 81->0(41)
[2024-10-07T18:06:14.341+0200][gc,heap     ] GC(20) Survivor regions: 3->10(11)
[2024-10-07T18:06:14.341+0200][gc,heap     ] GC(20) Old regions: 65->65
[2024-10-07T18:06:14.341+0200][gc,heap     ] GC(20) Humongous regions: 129->129
[2024-10-07T18:06:14.341+0200][gc,metaspace] GC(20) Metaspace: 44313K(45120K)->44313K(45120K) NonClass: 38974K(39424K)->38974K(39424K) Class: 5339K(5696K)->5339K(5696K)
[2024-10-07T18:06:14.341+0200][gc          ] GC(20) Pause Young (Normal) (G1 Evacuation Pause) 277M->203M(1024M) 24.978ms
[2024-10-07T18:06:14.341+0200][gc,cpu      ] GC(20) User=0.16s Sys=0.02s Real=0.02s
[2024-10-07T18:11:34.698+0200][gc,start    ] GC(21) Pause Young (Normal) (G1 Evacuation Pause)
[2024-10-07T18:11:34.698+0200][gc,task     ] GC(21) Using 10 workers of 10 for evacuation
[2024-10-07T18:11:34.726+0200][gc,mmu      ] GC(21) MMU target violated: 21.0ms (20.0ms/21.0ms)
[2024-10-07T18:11:34.726+0200][gc,phases   ] GC(21)   Pre Evacuate Collection Set: 0.54ms
[2024-10-07T18:11:34.727+0200][gc,phases   ] GC(21)   Merge Heap Roots: 0.19ms
[2024-10-07T18:11:34.727+0200][gc,phases   ] GC(21)   Evacuate Collection Set: 25.80ms
[2024-10-07T18:11:34.727+0200][gc,phases   ] GC(21)   Post Evacuate Collection Set: 1.50ms
[2024-10-07T18:11:34.727+0200][gc,phases   ] GC(21)   Other: 0.40ms
[2024-10-07T18:11:34.727+0200][gc,heap     ] GC(21) Eden regions: 41->0(45)
[2024-10-07T18:11:34.727+0200][gc,heap     ] GC(21) Survivor regions: 10->6(7)
[2024-10-07T18:11:34.727+0200][gc,heap     ] GC(21) Old regions: 65->74
[2024-10-07T18:11:34.727+0200][gc,heap     ] GC(21) Humongous regions: 129->129
[2024-10-07T18:11:34.727+0200][gc,metaspace] GC(21) Metaspace: 44316K(45120K)->44316K(45120K) NonClass: 38976K(39424K)->38976K(39424K) Class: 5339K(5696K)->5339K(5696K)
[2024-10-07T18:11:34.727+0200][gc          ] GC(21) Pause Young (Normal) (G1 Evacuation Pause) 244M->208M(1024M) 29.144ms
[2024-10-07T18:11:34.727+0200][gc,cpu      ] GC(21) User=0.17s Sys=0.00s Real=0.03s
[2024-10-07T18:17:26.002+0200][gc,start    ] GC(22) Pause Young (Normal) (G1 Evacuation Pause)
[2024-10-07T18:17:26.003+0200][gc,task     ] GC(22) Using 10 workers of 10 for evacuation
[2024-10-07T18:17:26.024+0200][gc,mmu      ] GC(22) MMU target violated: 21.0ms (20.0ms/21.0ms)
[2024-10-07T18:17:26.024+0200][gc,phases   ] GC(22)   Pre Evacuate Collection Set: 0.62ms
[2024-10-07T18:17:26.024+0200][gc,phases   ] GC(22)   Merge Heap Roots: 0.34ms
[2024-10-07T18:17:26.024+0200][gc,phases   ] GC(22)   Evacuate Collection Set: 19.49ms
[2024-10-07T18:17:26.024+0200][gc,phases   ] GC(22)   Post Evacuate Collection Set: 0.76ms
[2024-10-07T18:17:26.024+0200][gc,phases   ] GC(22)   Other: 0.33ms
[2024-10-07T18:17:26.024+0200][gc,heap     ] GC(22) Eden regions: 45->0(45)
[2024-10-07T18:17:26.024+0200][gc,heap     ] GC(22) Survivor regions: 6->6(7)
[2024-10-07T18:17:26.024+0200][gc,heap     ] GC(22) Old regions: 74->79
[2024-10-07T18:17:26.024+0200][gc,heap     ] GC(22) Humongous regions: 129->129
[2024-10-07T18:17:26.025+0200][gc,metaspace] GC(22) Metaspace: 44319K(45184K)->44319K(45184K) NonClass: 38979K(39488K)->38979K(39488K) Class: 5339K(5696K)->5339K(5696K)
[2024-10-07T18:17:26.025+0200][gc          ] GC(22) Pause Young (Normal) (G1 Evacuation Pause) 253M->213M(1024M) 22.180ms
[2024-10-07T18:17:26.025+0200][gc,cpu      ] GC(22) User=0.13s Sys=0.00s Real=0.02s
[2024-10-07T18:23:19.047+0200][gc,start    ] GC(23) Pause Young (Normal) (G1 Evacuation Pause)
[2024-10-07T18:23:19.047+0200][gc,task     ] GC(23) Using 10 workers of 10 for evacuation
[2024-10-07T18:23:19.053+0200][gc,phases   ] GC(23)   Pre Evacuate Collection Set: 0.29ms
[2024-10-07T18:23:19.053+0200][gc,phases   ] GC(23)   Merge Heap Roots: 0.08ms
[2024-10-07T18:23:19.053+0200][gc,phases   ] GC(23)   Evacuate Collection Set: 4.94ms
[2024-10-07T18:23:19.053+0200][gc,phases   ] GC(23)   Post Evacuate Collection Set: 0.36ms
[2024-10-07T18:23:19.053+0200][gc,phases   ] GC(23)   Other: 0.08ms
[2024-10-07T18:23:19.053+0200][gc,heap     ] GC(23) Eden regions: 45->0(48)
[2024-10-07T18:23:19.053+0200][gc,heap     ] GC(23) Survivor regions: 6->6(7)
[2024-10-07T18:23:19.053+0200][gc,heap     ] GC(23) Old regions: 79->83
[2024-10-07T18:23:19.053+0200][gc,heap     ] GC(23) Humongous regions: 129->129
[2024-10-07T18:23:19.053+0200][gc,metaspace] GC(23) Metaspace: 44341K(45184K)->44341K(45184K) NonClass: 39001K(39488K)->39001K(39488K) Class: 5339K(5696K)->5339K(5696K)
[2024-10-07T18:23:19.053+0200][gc          ] GC(23) Pause Young (Normal) (G1 Evacuation Pause) 258M->217M(1024M) 6.059ms
[2024-10-07T18:23:19.053+0200][gc,cpu      ] GC(23) User=0.04s Sys=0.00s Real=0.00s
[2024-10-07T18:29:36.331+0200][gc,start    ] GC(24) Pause Young (Normal) (G1 Evacuation Pause)
[2024-10-07T18:29:36.331+0200][gc,task     ] GC(24) Using 10 workers of 10 for evacuation
[2024-10-07T18:29:36.350+0200][gc,phases   ] GC(24)   Pre Evacuate Collection Set: 0.61ms
[2024-10-07T18:29:36.350+0200][gc,phases   ] GC(24)   Merge Heap Roots: 0.21ms
[2024-10-07T18:29:36.350+0200][gc,phases   ] GC(24)   Evacuate Collection Set: 17.21ms
[2024-10-07T18:29:36.351+0200][gc,phases   ] GC(24)   Post Evacuate Collection Set: 0.82ms
[2024-10-07T18:29:36.351+0200][gc,phases   ] GC(24)   Other: 0.27ms
[2024-10-07T18:29:36.351+0200][gc,heap     ] GC(24) Eden regions: 48->0(47)
[2024-10-07T18:29:36.351+0200][gc,heap     ] GC(24) Survivor regions: 6->6(7)
[2024-10-07T18:29:36.351+0200][gc,heap     ] GC(24) Old regions: 83->88
[2024-10-07T18:29:36.351+0200][gc,heap     ] GC(24) Humongous regions: 129->129
[2024-10-07T18:29:36.351+0200][gc,metaspace] GC(24) Metaspace: 44352K(45184K)->44352K(45184K) NonClass: 39012K(39488K)->39012K(39488K) Class: 5339K(5696K)->5339K(5696K)
[2024-10-07T18:29:36.351+0200][gc          ] GC(24) Pause Young (Normal) (G1 Evacuation Pause) 265M->222M(1024M) 19.840ms
[2024-10-07T18:29:36.351+0200][gc,cpu      ] GC(24) User=0.14s Sys=0.00s Real=0.02s
[2024-10-07T18:35:48.646+0200][gc,start    ] GC(25) Pause Young (Normal) (G1 Evacuation Pause)
[2024-10-07T18:35:48.646+0200][gc,task     ] GC(25) Using 10 workers of 10 for evacuation
[2024-10-07T18:35:48.665+0200][gc,phases   ] GC(25)   Pre Evacuate Collection Set: 0.49ms
[2024-10-07T18:35:48.665+0200][gc,phases   ] GC(25)   Merge Heap Roots: 0.22ms
[2024-10-07T18:35:48.665+0200][gc,phases   ] GC(25)   Evacuate Collection Set: 17.01ms
[2024-10-07T18:35:48.665+0200][gc,phases   ] GC(25)   Post Evacuate Collection Set: 0.75ms
[2024-10-07T18:35:48.665+0200][gc,phases   ] GC(25)   Other: 0.16ms
[2024-10-07T18:35:48.665+0200][gc,heap     ] GC(25) Eden regions: 47->0(47)
[2024-10-07T18:35:48.665+0200][gc,heap     ] GC(25) Survivor regions: 6->6(7)
[2024-10-07T18:35:48.665+0200][gc,heap     ] GC(25) Old regions: 88->93
[2024-10-07T18:35:48.665+0200][gc,heap     ] GC(25) Humongous regions: 129->129
[2024-10-07T18:35:48.665+0200][gc,metaspace] GC(25) Metaspace: 44355K(45184K)->44355K(45184K) NonClass: 39015K(39488K)->39015K(39488K) Class: 5339K(5696K)->5339K(5696K)
[2024-10-07T18:35:48.665+0200][gc          ] GC(25) Pause Young (Normal) (G1 Evacuation Pause) 269M->227M(1024M) 19.106ms
[2024-10-07T18:35:48.665+0200][gc,cpu      ] GC(25) User=0.14s Sys=0.00s Real=0.01s
[2024-10-07T18:42:05.033+0200][gc,start    ] GC(26) Pause Young (Normal) (G1 Evacuation Pause)
[2024-10-07T18:42:05.033+0200][gc,task     ] GC(26) Using 10 workers of 10 for evacuation
[2024-10-07T18:42:05.050+0200][gc,phases   ] GC(26)   Pre Evacuate Collection Set: 0.47ms
[2024-10-07T18:42:05.050+0200][gc,phases   ] GC(26)   Merge Heap Roots: 0.21ms
[2024-10-07T18:42:05.051+0200][gc,phases   ] GC(26)   Evacuate Collection Set: 16.06ms
[2024-10-07T18:42:05.051+0200][gc,phases   ] GC(26)   Post Evacuate Collection Set: 0.74ms
[2024-10-07T18:42:05.051+0200][gc,phases   ] GC(26)   Other: 0.18ms
[2024-10-07T18:42:05.051+0200][gc,heap     ] GC(26) Eden regions: 48->0(49)
[2024-10-07T18:42:05.051+0200][gc,heap     ] GC(26) Survivor regions: 6->6(7)
[2024-10-07T18:42:05.051+0200][gc,heap     ] GC(26) Old regions: 93->98
[2024-10-07T18:42:05.051+0200][gc,heap     ] GC(26) Humongous regions: 129->129
[2024-10-07T18:42:05.051+0200][gc,metaspace] GC(26) Metaspace: 44368K(45184K)->44368K(45184K) NonClass: 39028K(39488K)->39028K(39488K) Class: 5339K(5696K)->5339K(5696K)
[2024-10-07T18:42:05.051+0200][gc          ] GC(26) Pause Young (Normal) (G1 Evacuation Pause) 275M->232M(1024M) 18.259ms
[2024-10-07T18:42:05.051+0200][gc,cpu      ] GC(26) User=0.14s Sys=0.00s Real=0.02s
[2024-10-07T18:48:11.041+0200][gc,start    ] GC(27) Pause Young (Normal) (G1 Evacuation Pause)
[2024-10-07T18:48:11.042+0200][gc,task     ] GC(27) Using 10 workers of 10 for evacuation
[2024-10-07T18:48:11.065+0200][gc,mmu      ] GC(27) MMU target violated: 21.0ms (20.0ms/21.0ms)
[2024-10-07T18:48:11.065+0200][gc,phases   ] GC(27)   Pre Evacuate Collection Set: 0.59ms
[2024-10-07T18:48:11.065+0200][gc,phases   ] GC(27)   Merge Heap Roots: 0.30ms
[2024-10-07T18:48:11.065+0200][gc,phases   ] GC(27)   Evacuate Collection Set: 21.37ms
[2024-10-07T18:48:11.065+0200][gc,phases   ] GC(27)   Post Evacuate Collection Set: 1.02ms
[2024-10-07T18:48:11.065+0200][gc,phases   ] GC(27)   Other: 0.32ms
[2024-10-07T18:48:11.065+0200][gc,heap     ] GC(27) Eden regions: 49->0(44)
[2024-10-07T18:48:11.065+0200][gc,heap     ] GC(27) Survivor regions: 6->7(7)
[2024-10-07T18:48:11.066+0200][gc,heap     ] GC(27) Old regions: 98->104
[2024-10-07T18:48:11.066+0200][gc,heap     ] GC(27) Humongous regions: 129->129
[2024-10-07T18:48:11.066+0200][gc,metaspace] GC(27) Metaspace: 44380K(45184K)->44380K(45184K) NonClass: 39040K(39488K)->39040K(39488K) Class: 5339K(5696K)->5339K(5696K)
[2024-10-07T18:48:11.066+0200][gc          ] GC(27) Pause Young (Normal) (G1 Evacuation Pause) 281M->239M(1024M) 24.277ms
[2024-10-07T18:48:11.066+0200][gc,cpu      ] GC(27) User=0.16s Sys=0.00s Real=0.03s
[2024-10-07T18:53:53.822+0200][gc,start    ] GC(28) Pause Young (Normal) (G1 Evacuation Pause)
[2024-10-07T18:53:53.823+0200][gc,task     ] GC(28) Using 10 workers of 10 for evacuation
[2024-10-07T18:53:53.840+0200][gc,phases   ] GC(28)   Pre Evacuate Collection Set: 0.59ms
[2024-10-07T18:53:53.840+0200][gc,phases   ] GC(28)   Merge Heap Roots: 0.20ms
[2024-10-07T18:53:53.840+0200][gc,phases   ] GC(28)   Evacuate Collection Set: 15.22ms
[2024-10-07T18:53:53.840+0200][gc,phases   ] GC(28)   Post Evacuate Collection Set: 1.00ms
[2024-10-07T18:53:53.840+0200][gc,phases   ] GC(28)   Other: 0.26ms
[2024-10-07T18:53:53.841+0200][gc,heap     ] GC(28) Eden regions: 44->0(75)
[2024-10-07T18:53:53.841+0200][gc,heap     ] GC(28) Survivor regions: 7->3(7)
[2024-10-07T18:53:53.841+0200][gc,heap     ] GC(28) Old regions: 104->109
[2024-10-07T18:53:53.841+0200][gc,heap     ] GC(28) Humongous regions: 129->129
[2024-10-07T18:53:53.841+0200][gc,metaspace] GC(28) Metaspace: 44384K(45184K)->44384K(45184K) NonClass: 39044K(39488K)->39044K(39488K) Class: 5339K(5696K)->5339K(5696K)
[2024-10-07T18:53:53.841+0200][gc          ] GC(28) Pause Young (Normal) (G1 Evacuation Pause) 283M->240M(1024M) 18.541ms
[2024-10-07T18:53:53.841+0200][gc,cpu      ] GC(28) User=0.11s Sys=0.01s Real=0.02s
[2024-10-07T19:04:25.034+0200][gc,start    ] GC(29) Pause Young (Normal) (G1 Evacuation Pause)
[2024-10-07T19:04:25.034+0200][gc,task     ] GC(29) Using 10 workers of 10 for evacuation
[2024-10-07T19:04:25.053+0200][gc,phases   ] GC(29)   Pre Evacuate Collection Set: 0.63ms
[2024-10-07T19:04:25.053+0200][gc,phases   ] GC(29)   Merge Heap Roots: 0.22ms
[2024-10-07T19:04:25.053+0200][gc,phases   ] GC(29)   Evacuate Collection Set: 17.38ms
[2024-10-07T19:04:25.053+0200][gc,phases   ] GC(29)   Post Evacuate Collection Set: 0.83ms
[2024-10-07T19:04:25.053+0200][gc,phases   ] GC(29)   Other: 0.17ms
[2024-10-07T19:04:25.053+0200][gc,heap     ] GC(29) Eden regions: 80->0(40)
[2024-10-07T19:04:25.053+0200][gc,heap     ] GC(29) Survivor regions: 3->11(11)
[2024-10-07T19:04:25.053+0200][gc,heap     ] GC(29) Old regions: 109->109
[2024-10-07T19:04:25.054+0200][gc,heap     ] GC(29) Humongous regions: 129->129
[2024-10-07T19:04:25.054+0200][gc,metaspace] GC(29) Metaspace: 44401K(45248K)->44401K(45248K) NonClass: 39061K(39552K)->39061K(39552K) Class: 5339K(5696K)->5339K(5696K)
[2024-10-07T19:04:25.054+0200][gc          ] GC(29) Pause Young (Normal) (G1 Evacuation Pause) 320M->247M(1024M) 19.742ms
[2024-10-07T19:04:25.054+0200][gc,cpu      ] GC(29) User=0.15s Sys=0.00s Real=0.02s
[2024-10-07T19:09:38.646+0200][gc,start    ] GC(30) Pause Young (Normal) (G1 Evacuation Pause)
[2024-10-07T19:09:38.646+0200][gc,task     ] GC(30) Using 10 workers of 10 for evacuation
[2024-10-07T19:09:38.670+0200][gc,mmu      ] GC(30) MMU target violated: 21.0ms (20.0ms/21.0ms)
[2024-10-07T19:09:38.670+0200][gc,phases   ] GC(30)   Pre Evacuate Collection Set: 0.45ms
[2024-10-07T19:09:38.670+0200][gc,phases   ] GC(30)   Merge Heap Roots: 0.20ms
[2024-10-07T19:09:38.670+0200][gc,phases   ] GC(30)   Evacuate Collection Set: 22.43ms
[2024-10-07T19:09:38.670+0200][gc,phases   ] GC(30)   Post Evacuate Collection Set: 0.66ms
[2024-10-07T19:09:38.670+0200][gc,phases   ] GC(30)   Other: 0.34ms
[2024-10-07T19:09:38.670+0200][gc,heap     ] GC(30) Eden regions: 40->0(49)
[2024-10-07T19:09:38.670+0200][gc,heap     ] GC(30) Survivor regions: 11->6(7)
[2024-10-07T19:09:38.670+0200][gc,heap     ] GC(30) Old regions: 109->119
[2024-10-07T19:09:38.670+0200][gc,heap     ] GC(30) Humongous regions: 129->129
[2024-10-07T19:09:38.670+0200][gc,metaspace] GC(30) Metaspace: 44401K(45248K)->44401K(45248K) NonClass: 39062K(39552K)->39062K(39552K) Class: 5339K(5696K)->5339K(5696K)
[2024-10-07T19:09:38.670+0200][gc          ] GC(30) Pause Young (Normal) (G1 Evacuation Pause) 287M->253M(1024M) 24.692ms
[2024-10-07T19:09:38.670+0200][gc,cpu      ] GC(30) User=0.17s Sys=0.02s Real=0.02s
[2024-10-07T19:16:04.002+0200][gc,start    ] GC(31) Pause Young (Normal) (G1 Evacuation Pause)
[2024-10-07T19:16:04.002+0200][gc,task     ] GC(31) Using 10 workers of 10 for evacuation
[2024-10-07T19:16:04.021+0200][gc,phases   ] GC(31)   Pre Evacuate Collection Set: 0.48ms
[2024-10-07T19:16:04.021+0200][gc,phases   ] GC(31)   Merge Heap Roots: 0.25ms
[2024-10-07T19:16:04.021+0200][gc,phases   ] GC(31)   Evacuate Collection Set: 17.17ms
[2024-10-07T19:16:04.021+0200][gc,phases   ] GC(31)   Post Evacuate Collection Set: 0.92ms
[2024-10-07T19:16:04.021+0200][gc,phases   ] GC(31)   Other: 0.23ms
[2024-10-07T19:16:04.021+0200][gc,heap     ] GC(31) Eden regions: 49->0(44)
[2024-10-07T19:16:04.021+0200][gc,heap     ] GC(31) Survivor regions: 6->7(7)
[2024-10-07T19:16:04.021+0200][gc,heap     ] GC(31) Old regions: 119->124
[2024-10-07T19:16:04.021+0200][gc,heap     ] GC(31) Humongous regions: 129->129
[2024-10-07T19:16:04.022+0200][gc,metaspace] GC(31) Metaspace: 44407K(45248K)->44407K(45248K) NonClass: 39067K(39552K)->39067K(39552K) Class: 5339K(5696K)->5339K(5696K)
[2024-10-07T19:16:04.022+0200][gc          ] GC(31) Pause Young (Normal) (G1 Evacuation Pause) 302M->258M(1024M) 19.789ms
[2024-10-07T19:16:04.022+0200][gc,cpu      ] GC(31) User=0.14s Sys=0.00s Real=0.02s
[2024-10-07T19:21:52.151+0200][gc,start    ] GC(32) Pause Young (Normal) (G1 Evacuation Pause)
[2024-10-07T19:21:52.151+0200][gc,task     ] GC(32) Using 10 workers of 10 for evacuation
[2024-10-07T19:21:52.168+0200][gc,phases   ] GC(32)   Pre Evacuate Collection Set: 0.46ms
[2024-10-07T19:21:52.168+0200][gc,phases   ] GC(32)   Merge Heap Roots: 0.27ms
[2024-10-07T19:21:52.168+0200][gc,phases   ] GC(32)   Evacuate Collection Set: 14.83ms
[2024-10-07T19:21:52.168+0200][gc,phases   ] GC(32)   Post Evacuate Collection Set: 0.89ms
[2024-10-07T19:21:52.168+0200][gc,phases   ] GC(32)   Other: 0.23ms
[2024-10-07T19:21:52.168+0200][gc,heap     ] GC(32) Eden regions: 44->0(54)
[2024-10-07T19:21:52.168+0200][gc,heap     ] GC(32) Survivor regions: 7->6(7)
[2024-10-07T19:21:52.168+0200][gc,heap     ] GC(32) Old regions: 124->129
[2024-10-07T19:21:52.168+0200][gc,heap     ] GC(32) Humongous regions: 129->129
[2024-10-07T19:21:52.168+0200][gc,metaspace] GC(32) Metaspace: 44407K(45248K)->44407K(45248K) NonClass: 39067K(39552K)->39067K(39552K) Class: 5339K(5696K)->5339K(5696K)
[2024-10-07T19:21:52.168+0200][gc          ] GC(32) Pause Young (Normal) (G1 Evacuation Pause) 302M->262M(1024M) 17.497ms
[2024-10-07T19:21:52.168+0200][gc,cpu      ] GC(32) User=0.14s Sys=0.00s Real=0.02s
[2024-10-07T19:28:56.231+0200][gc,start    ] GC(33) Pause Young (Normal) (G1 Evacuation Pause)
[2024-10-07T19:28:56.232+0200][gc,task     ] GC(33) Using 10 workers of 10 for evacuation
[2024-10-07T19:28:56.253+0200][gc,mmu      ] GC(33) MMU target violated: 21.0ms (20.0ms/21.0ms)
[2024-10-07T19:28:56.253+0200][gc,phases   ] GC(33)   Pre Evacuate Collection Set: 0.77ms
[2024-10-07T19:28:56.253+0200][gc,phases   ] GC(33)   Merge Heap Roots: 0.29ms
[2024-10-07T19:28:56.253+0200][gc,phases   ] GC(33)   Evacuate Collection Set: 19.60ms
[2024-10-07T19:28:56.253+0200][gc,phases   ] GC(33)   Post Evacuate Collection Set: 0.80ms
[2024-10-07T19:28:56.254+0200][gc,phases   ] GC(33)   Other: 0.40ms
[2024-10-07T19:28:56.254+0200][gc,heap     ] GC(33) Eden regions: 54->0(43)
[2024-10-07T19:28:56.254+0200][gc,heap     ] GC(33) Survivor regions: 6->8(8)
[2024-10-07T19:28:56.254+0200][gc,heap     ] GC(33) Old regions: 129->133
[2024-10-07T19:28:56.254+0200][gc,heap     ] GC(33) Humongous regions: 129->129
[2024-10-07T19:28:56.254+0200][gc,metaspace] GC(33) Metaspace: 44408K(45248K)->44408K(45248K) NonClass: 39068K(39552K)->39068K(39552K) Class: 5339K(5696K)->5339K(5696K)
[2024-10-07T19:28:56.254+0200][gc          ] GC(33) Pause Young (Normal) (G1 Evacuation Pause) 316M->269M(1024M) 22.489ms
[2024-10-07T19:28:56.254+0200][gc,cpu      ] GC(33) User=0.15s Sys=0.00s Real=0.02s
[2024-10-07T19:34:31.155+0200][gc,start    ] GC(34) Pause Young (Normal) (G1 Evacuation Pause)
[2024-10-07T19:34:31.155+0200][gc,task     ] GC(34) Using 10 workers of 10 for evacuation
[2024-10-07T19:34:31.176+0200][gc,mmu      ] GC(34) MMU target violated: 20.7ms (20.0ms/21.0ms)
[2024-10-07T19:34:31.176+0200][gc,phases   ] GC(34)   Pre Evacuate Collection Set: 0.50ms
[2024-10-07T19:34:31.176+0200][gc,phases   ] GC(34)   Merge Heap Roots: 0.21ms
[2024-10-07T19:34:31.176+0200][gc,phases   ] GC(34)   Evacuate Collection Set: 19.00ms
[2024-10-07T19:34:31.176+0200][gc,phases   ] GC(34)   Post Evacuate Collection Set: 0.91ms
[2024-10-07T19:34:31.176+0200][gc,phases   ] GC(34)   Other: 0.32ms
[2024-10-07T19:34:31.176+0200][gc,heap     ] GC(34) Eden regions: 43->0(51)
[2024-10-07T19:34:31.176+0200][gc,heap     ] GC(34) Survivor regions: 8->6(7)
[2024-10-07T19:34:31.176+0200][gc,heap     ] GC(34) Old regions: 133->139
[2024-10-07T19:34:31.176+0200][gc,heap     ] GC(34) Humongous regions: 129->129
[2024-10-07T19:34:31.177+0200][gc,metaspace] GC(34) Metaspace: 44409K(45248K)->44409K(45248K) NonClass: 39069K(39552K)->39069K(39552K) Class: 5339K(5696K)->5339K(5696K)
[2024-10-07T19:34:31.177+0200][gc          ] GC(34) Pause Young (Normal) (G1 Evacuation Pause) 312M->273M(1024M) 21.358ms
[2024-10-07T19:34:31.177+0200][gc,cpu      ] GC(34) User=0.14s Sys=0.02s Real=0.03s
[2024-10-07T19:41:10.851+0200][gc,start    ] GC(35) Pause Young (Normal) (G1 Evacuation Pause)
[2024-10-07T19:41:10.852+0200][gc,task     ] GC(35) Using 10 workers of 10 for evacuation
[2024-10-07T19:41:10.873+0200][gc,mmu      ] GC(35) MMU target violated: 20.9ms (20.0ms/21.0ms)
[2024-10-07T19:41:10.873+0200][gc,phases   ] GC(35)   Pre Evacuate Collection Set: 0.58ms
[2024-10-07T19:41:10.873+0200][gc,phases   ] GC(35)   Merge Heap Roots: 0.24ms
[2024-10-07T19:41:10.873+0200][gc,phases   ] GC(35)   Evacuate Collection Set: 18.39ms
[2024-10-07T19:41:10.873+0200][gc,phases   ] GC(35)   Post Evacuate Collection Set: 1.59ms
[2024-10-07T19:41:10.873+0200][gc,phases   ] GC(35)   Other: 0.46ms
[2024-10-07T19:41:10.873+0200][gc,heap     ] GC(35) Eden regions: 51->0(44)
[2024-10-07T19:41:10.873+0200][gc,heap     ] GC(35) Survivor regions: 6->7(8)
[2024-10-07T19:41:10.873+0200][gc,heap     ] GC(35) Old regions: 139->143
[2024-10-07T19:41:10.873+0200][gc,heap     ] GC(35) Humongous regions: 129->129
[2024-10-07T19:41:10.873+0200][gc,metaspace] GC(35) Metaspace: 44411K(45248K)->44411K(45248K) NonClass: 39071K(39552K)->39071K(39552K) Class: 5339K(5696K)->5339K(5696K)
[2024-10-07T19:41:10.873+0200][gc          ] GC(35) Pause Young (Normal) (G1 Evacuation Pause) 324M->278M(1024M) 22.065ms
[2024-10-07T19:41:10.874+0200][gc,cpu      ] GC(35) User=0.14s Sys=0.02s Real=0.02s
[2024-10-07T19:46:57.841+0200][gc,start    ] GC(36) Pause Young (Normal) (G1 Evacuation Pause)
[2024-10-07T19:46:57.842+0200][gc,task     ] GC(36) Using 10 workers of 10 for evacuation
[2024-10-07T19:46:57.865+0200][gc,mmu      ] GC(36) MMU target violated: 21.0ms (20.0ms/21.0ms)
[2024-10-07T19:46:57.866+0200][gc,phases   ] GC(36)   Pre Evacuate Collection Set: 0.61ms
[2024-10-07T19:46:57.866+0200][gc,phases   ] GC(36)   Merge Heap Roots: 0.22ms
[2024-10-07T19:46:57.866+0200][gc,phases   ] GC(36)   Evacuate Collection Set: 20.74ms
[2024-10-07T19:46:57.866+0200][gc,phases   ] GC(36)   Post Evacuate Collection Set: 2.04ms
[2024-10-07T19:46:57.866+0200][gc,phases   ] GC(36)   Other: 0.44ms
[2024-10-07T19:46:57.866+0200][gc,heap     ] GC(36) Eden regions: 44->0(45)
[2024-10-07T19:46:57.866+0200][gc,heap     ] GC(36) Survivor regions: 7->6(7)
[2024-10-07T19:46:57.866+0200][gc,heap     ] GC(36) Old regions: 143->149
[2024-10-07T19:46:57.866+0200][gc,heap     ] GC(36) Humongous regions: 129->129
[2024-10-07T19:46:57.866+0200][gc,metaspace] GC(36) Metaspace: 44425K(45248K)->44425K(45248K) NonClass: 39086K(39552K)->39086K(39552K) Class: 5339K(5696K)->5339K(5696K)
[2024-10-07T19:46:57.866+0200][gc          ] GC(36) Pause Young (Normal) (G1 Evacuation Pause) 322M->283M(1024M) 24.676ms
[2024-10-07T19:46:57.866+0200][gc,cpu      ] GC(36) User=0.16s Sys=0.01s Real=0.03s
[2024-10-07T19:52:27.230+0200][gc,start    ] GC(37) Pause Young (Normal) (G1 Evacuation Pause)
[2024-10-07T19:52:27.231+0200][gc,task     ] GC(37) Using 10 workers of 10 for evacuation
[2024-10-07T19:52:27.247+0200][gc,phases   ] GC(37)   Pre Evacuate Collection Set: 0.62ms
[2024-10-07T19:52:27.247+0200][gc,phases   ] GC(37)   Merge Heap Roots: 0.22ms
[2024-10-07T19:52:27.247+0200][gc,phases   ] GC(37)   Evacuate Collection Set: 14.11ms
[2024-10-07T19:52:27.247+0200][gc,phases   ] GC(37)   Post Evacuate Collection Set: 0.96ms
[2024-10-07T19:52:27.247+0200][gc,phases   ] GC(37)   Other: 0.24ms
[2024-10-07T19:52:27.247+0200][gc,heap     ] GC(37) Eden regions: 45->0(61)
[2024-10-07T19:52:27.247+0200][gc,heap     ] GC(37) Survivor regions: 6->4(7)
[2024-10-07T19:52:27.247+0200][gc,heap     ] GC(37) Old regions: 149->154
[2024-10-07T19:52:27.247+0200][gc,heap     ] GC(37) Humongous regions: 129->129
[2024-10-07T19:52:27.247+0200][gc,metaspace] GC(37) Metaspace: 44427K(45248K)->44427K(45248K) NonClass: 39087K(39552K)->39087K(39552K) Class: 5339K(5696K)->5339K(5696K)
[2024-10-07T19:52:27.247+0200][gc          ] GC(37) Pause Young (Normal) (G1 Evacuation Pause) 328M->285M(1024M) 17.082ms
[2024-10-07T19:52:27.248+0200][gc,cpu      ] GC(37) User=0.12s Sys=0.01s Real=0.02s
[2024-10-07T20:00:10.923+0200][gc,start    ] GC(38) Pause Young (Normal) (G1 Evacuation Pause)
[2024-10-07T20:00:10.923+0200][gc,task     ] GC(38) Using 10 workers of 10 for evacuation
[2024-10-07T20:00:10.937+0200][gc,phases   ] GC(38)   Pre Evacuate Collection Set: 0.81ms
[2024-10-07T20:00:10.937+0200][gc,phases   ] GC(38)   Merge Heap Roots: 0.27ms
[2024-10-07T20:00:10.937+0200][gc,phases   ] GC(38)   Evacuate Collection Set: 9.52ms
[2024-10-07T20:00:10.937+0200][gc,phases   ] GC(38)   Post Evacuate Collection Set: 2.90ms
[2024-10-07T20:00:10.937+0200][gc,phases   ] GC(38)   Other: 0.25ms
[2024-10-07T20:00:10.937+0200][gc,heap     ] GC(38) Eden regions: 59->0(55)
[2024-10-07T20:00:10.937+0200][gc,heap     ] GC(38) Survivor regions: 4->5(8)
[2024-10-07T20:00:10.937+0200][gc,heap     ] GC(38) Old regions: 154->154
[2024-10-07T20:00:10.937+0200][gc,heap     ] GC(38) Humongous regions: 129->129
[2024-10-07T20:00:10.937+0200][gc,metaspace] GC(38) Metaspace: 44434K(45248K)->44434K(45248K) NonClass: 39094K(39552K)->39094K(39552K) Class: 5339K(5696K)->5339K(5696K)
[2024-10-07T20:00:10.937+0200][gc          ] GC(38) Pause Young (Normal) (G1 Evacuation Pause) 344M->286M(1024M) 14.676ms
[2024-10-07T20:00:10.939+0200][gc,cpu      ] GC(38) User=0.08s Sys=0.00s Real=0.02s
[2024-10-07T20:07:22.875+0200][gc,start    ] GC(39) Pause Young (Normal) (G1 Evacuation Pause)
[2024-10-07T20:07:22.875+0200][gc,task     ] GC(39) Using 10 workers of 10 for evacuation
[2024-10-07T20:07:22.884+0200][gc,phases   ] GC(39)   Pre Evacuate Collection Set: 0.48ms
[2024-10-07T20:07:22.884+0200][gc,phases   ] GC(39)   Merge Heap Roots: 0.21ms
[2024-10-07T20:07:22.884+0200][gc,phases   ] GC(39)   Evacuate Collection Set: 6.71ms
[2024-10-07T20:07:22.884+0200][gc,phases   ] GC(39)   Post Evacuate Collection Set: 0.84ms
[2024-10-07T20:07:22.884+0200][gc,phases   ] GC(39)   Other: 0.21ms
[2024-10-07T20:07:22.884+0200][gc,heap     ] GC(39) Eden regions: 55->0(105)
[2024-10-07T20:07:22.884+0200][gc,heap     ] GC(39) Survivor regions: 5->3(8)
[2024-10-07T20:07:22.884+0200][gc,heap     ] GC(39) Old regions: 154->155
[2024-10-07T20:07:22.884+0200][gc,heap     ] GC(39) Humongous regions: 129->129
[2024-10-07T20:07:22.884+0200][gc,metaspace] GC(39) Metaspace: 44454K(45312K)->44454K(45312K) NonClass: 39114K(39616K)->39114K(39616K) Class: 5339K(5696K)->5339K(5696K)
[2024-10-07T20:07:22.884+0200][gc          ] GC(39) Pause Young (Normal) (G1 Evacuation Pause) 341M->285M(1024M) 9.083ms
[2024-10-07T20:07:22.884+0200][gc,cpu      ] GC(39) User=0.07s Sys=0.00s Real=0.01s
[2024-10-07T20:22:26.177+0200][gc,start    ] GC(40) Pause Young (Normal) (G1 Evacuation Pause)
[2024-10-07T20:22:26.177+0200][gc,task     ] GC(40) Using 10 workers of 10 for evacuation
[2024-10-07T20:22:26.186+0200][gc,phases   ] GC(40)   Pre Evacuate Collection Set: 0.65ms
[2024-10-07T20:22:26.186+0200][gc,phases   ] GC(40)   Merge Heap Roots: 0.24ms
[2024-10-07T20:22:26.186+0200][gc,phases   ] GC(40)   Evacuate Collection Set: 6.54ms
[2024-10-07T20:22:26.186+0200][gc,phases   ] GC(40)   Post Evacuate Collection Set: 1.10ms
[2024-10-07T20:22:26.186+0200][gc,phases   ] GC(40)   Other: 0.23ms
[2024-10-07T20:22:26.186+0200][gc,heap     ] GC(40) Eden regions: 114->0(249)
[2024-10-07T20:22:26.186+0200][gc,heap     ] GC(40) Survivor regions: 3->4(15)
[2024-10-07T20:22:26.186+0200][gc,heap     ] GC(40) Old regions: 155->155
[2024-10-07T20:22:26.186+0200][gc,heap     ] GC(40) Humongous regions: 129->129
[2024-10-07T20:22:26.186+0200][gc,metaspace] GC(40) Metaspace: 44461K(45312K)->44461K(45312K) NonClass: 39121K(39616K)->39121K(39616K) Class: 5339K(5696K)->5339K(5696K)
[2024-10-07T20:22:26.186+0200][gc          ] GC(40) Pause Young (Normal) (G1 Evacuation Pause) 399M->286M(1024M) 9.324ms
[2024-10-07T20:22:26.186+0200][gc,cpu      ] GC(40) User=0.05s Sys=0.01s Real=0.01s
[2024-10-07T20:59:20.853+0200][gc,start    ] GC(41) Pause Young (Normal) (G1 Evacuation Pause)
[2024-10-07T20:59:20.854+0200][gc,task     ] GC(41) Using 10 workers of 10 for evacuation
[2024-10-07T20:59:20.861+0200][gc,phases   ] GC(41)   Pre Evacuate Collection Set: 0.27ms
[2024-10-07T20:59:20.861+0200][gc,phases   ] GC(41)   Merge Heap Roots: 0.21ms
[2024-10-07T20:59:20.861+0200][gc,phases   ] GC(41)   Evacuate Collection Set: 6.14ms
[2024-10-07T20:59:20.861+0200][gc,phases   ] GC(41)   Post Evacuate Collection Set: 0.41ms
[2024-10-07T20:59:20.861+0200][gc,phases   ] GC(41)   Other: 0.12ms
[2024-10-07T20:59:20.861+0200][gc,heap     ] GC(41) Eden regions: 283->0(236)
[2024-10-07T20:59:20.861+0200][gc,heap     ] GC(41) Survivor regions: 4->6(36)
[2024-10-07T20:59:20.861+0200][gc,heap     ] GC(41) Old regions: 155->155
[2024-10-07T20:59:20.861+0200][gc,heap     ] GC(41) Humongous regions: 129->129
[2024-10-07T20:59:20.861+0200][gc,metaspace] GC(41) Metaspace: 44510K(45376K)->44510K(45376K) NonClass: 39170K(39680K)->39170K(39680K) Class: 5339K(5696K)->5339K(5696K)
[2024-10-07T20:59:20.861+0200][gc          ] GC(41) Pause Young (Normal) (G1 Evacuation Pause) 569M->288M(1024M) 7.429ms
[2024-10-07T20:59:20.861+0200][gc,cpu      ] GC(41) User=0.03s Sys=0.01s Real=0.01s
[2024-10-07T21:30:59.111+0200][gc,start    ] GC(42) Pause Young (Normal) (G1 Evacuation Pause)
[2024-10-07T21:30:59.111+0200][gc,task     ] GC(42) Using 10 workers of 10 for evacuation
[2024-10-07T21:30:59.116+0200][gc,phases   ] GC(42)   Pre Evacuate Collection Set: 0.26ms
[2024-10-07T21:30:59.116+0200][gc,phases   ] GC(42)   Merge Heap Roots: 0.13ms
[2024-10-07T21:30:59.116+0200][gc,phases   ] GC(42)   Evacuate Collection Set: 3.48ms
[2024-10-07T21:30:59.116+0200][gc,phases   ] GC(42)   Post Evacuate Collection Set: 0.48ms
[2024-10-07T21:30:59.116+0200][gc,phases   ] GC(42)   Other: 0.11ms
[2024-10-07T21:30:59.116+0200][gc,heap     ] GC(42) Eden regions: 236->0(608)
[2024-10-07T21:30:59.116+0200][gc,heap     ] GC(42) Survivor regions: 6->6(31)
[2024-10-07T21:30:59.116+0200][gc,heap     ] GC(42) Old regions: 155->155
[2024-10-07T21:30:59.116+0200][gc,heap     ] GC(42) Humongous regions: 129->129
[2024-10-07T21:30:59.116+0200][gc,metaspace] GC(42) Metaspace: 44519K(45376K)->44519K(45376K) NonClass: 39179K(39680K)->39179K(39680K) Class: 5339K(5696K)->5339K(5696K)
[2024-10-07T21:30:59.116+0200][gc          ] GC(42) Pause Young (Normal) (G1 Evacuation Pause) 524M->289M(1024M) 4.776ms
[2024-10-07T21:30:59.116+0200][gc,cpu      ] GC(42) User=0.03s Sys=0.00s Real=0.00s
[2024-10-07T22:51:47.677+0200][gc,start    ] GC(43) Pause Young (Normal) (G1 Evacuation Pause)
[2024-10-07T22:51:47.677+0200][gc,task     ] GC(43) Using 10 workers of 10 for evacuation
[2024-10-07T22:51:47.693+0200][gc,phases   ] GC(43)   Pre Evacuate Collection Set: 0.64ms
[2024-10-07T22:51:47.693+0200][gc,phases   ] GC(43)   Merge Heap Roots: 0.52ms
[2024-10-07T22:51:47.693+0200][gc,phases   ] GC(43)   Evacuate Collection Set: 12.97ms
[2024-10-07T22:51:47.693+0200][gc,phases   ] GC(43)   Post Evacuate Collection Set: 1.50ms
[2024-10-07T22:51:47.693+0200][gc,phases   ] GC(43)   Other: 0.62ms
[2024-10-07T22:51:47.693+0200][gc,heap     ] GC(43) Eden regions: 608->0(607)
[2024-10-07T22:51:47.693+0200][gc,heap     ] GC(43) Survivor regions: 6->7(77)
[2024-10-07T22:51:47.693+0200][gc,heap     ] GC(43) Old regions: 155->155
[2024-10-07T22:51:47.693+0200][gc,heap     ] GC(43) Humongous regions: 129->129
[2024-10-07T22:51:47.693+0200][gc,metaspace] GC(43) Metaspace: 44541K(45376K)->44541K(45376K) NonClass: 39201K(39680K)->39201K(39680K) Class: 5339K(5696K)->5339K(5696K)
[2024-10-07T22:51:47.694+0200][gc          ] GC(43) Pause Young (Normal) (G1 Evacuation Pause) 897M->290M(1024M) 16.949ms
[2024-10-07T22:51:47.694+0200][gc,cpu      ] GC(43) User=0.10s Sys=0.01s Real=0.02s
