[2024-10-04T23:54:37.249+0200][gc,init] CardTable entry size: 512
[2024-10-04T23:54:37.250+0200][gc     ] Using G1
[2024-10-04T23:54:37.288+0200][gc,init] Version: 22.0.2+9 (release)
[2024-10-04T23:54:37.289+0200][gc,init] CPUs: 12 total, 12 available
[2024-10-04T23:54:37.289+0200][gc,init] Memory: 31933M
[2024-10-04T23:54:37.289+0200][gc,init] Large Page Support: Disabled
[2024-10-04T23:54:37.289+0200][gc,init] NUMA Support: Disabled
[2024-10-04T23:54:37.289+0200][gc,init] Compressed Oops: Enabled (32-bit)
[2024-10-04T23:54:37.289+0200][gc,init] Heap Region Size: 1M
[2024-10-04T23:54:37.289+0200][gc,init] Heap Min Capacity: 1G
[2024-10-04T23:54:37.289+0200][gc,init] Heap Initial Capacity: 1G
[2024-10-04T23:54:37.289+0200][gc,init] Heap Max Capacity: 1G
[2024-10-04T23:54:37.289+0200][gc,init] Pre-touch: Disabled
[2024-10-04T23:54:37.289+0200][gc,init] Parallel Workers: 10
[2024-10-04T23:54:37.289+0200][gc,init] Concurrent Workers: 3
[2024-10-04T23:54:37.289+0200][gc,init] Concurrent Refinement Workers: 10
[2024-10-04T23:54:37.289+0200][gc,init] Periodic GC: Disabled
[2024-10-04T23:54:37.320+0200][gc,metaspace] CDS archive(s) mapped at: [0x00007fb2c6000000-0x00007fb2c6c75000-0x00007fb2c6c75000), size 13062144, SharedBaseAddress: 0x00007fb2c6000000, ArchiveRelocationMode: 1.
[2024-10-04T23:54:37.320+0200][gc,metaspace] Compressed class space mapped at: 0x00007fb2c7000000-0x00007fb307000000, reserved size: 1073741824
[2024-10-04T23:54:37.320+0200][gc,metaspace] Narrow klass base: 0x00007fb2c6000000, Narrow klass shift: 0, Narrow klass range: 0x100000000
[2024-10-04T23:54:38.452+0200][gc,start    ] GC(0) Pause Young (Normal) (G1 Evacuation Pause)
[2024-10-04T23:54:38.455+0200][gc,task     ] GC(0) Using 10 workers of 10 for evacuation
[2024-10-04T23:54:38.487+0200][gc,mmu      ] GC(0) MMU target violated: 21.0ms (20.0ms/21.0ms)
[2024-10-04T23:54:38.487+0200][gc,phases   ] GC(0)   Pre Evacuate Collection Set: 0.47ms
[2024-10-04T23:54:38.487+0200][gc,phases   ] GC(0)   Merge Heap Roots: 0.28ms
[2024-10-04T23:54:38.487+0200][gc,phases   ] GC(0)   Evacuate Collection Set: 28.48ms
[2024-10-04T23:54:38.487+0200][gc,phases   ] GC(0)   Post Evacuate Collection Set: 1.68ms
[2024-10-04T23:54:38.487+0200][gc,phases   ] GC(0)   Other: 3.37ms
[2024-10-04T23:54:38.487+0200][gc,heap     ] GC(0) Eden regions: 51->0(44)
[2024-10-04T23:54:38.487+0200][gc,heap     ] GC(0) Survivor regions: 0->7(7)
[2024-10-04T23:54:38.487+0200][gc,heap     ] GC(0) Old regions: 2->3
[2024-10-04T23:54:38.487+0200][gc,heap     ] GC(0) Humongous regions: 0->0
[2024-10-04T23:54:38.487+0200][gc,metaspace] GC(0) Metaspace: 17105K(17344K)->17105K(17344K) NonClass: 15076K(15232K)->15076K(15232K) Class: 2028K(2112K)->2028K(2112K)
[2024-10-04T23:54:38.487+0200][gc          ] GC(0) Pause Young (Normal) (G1 Evacuation Pause) 52M->8M(1024M) 34.778ms
[2024-10-04T23:54:38.487+0200][gc,cpu      ] GC(0) User=0.10s Sys=0.17s Real=0.04s
[2024-10-04T23:54:39.258+0200][gc,start    ] GC(1) Pause Young (Concurrent Start) (Metadata GC Threshold)
[2024-10-04T23:54:39.258+0200][gc,task     ] GC(1) Using 10 workers of 10 for evacuation
[2024-10-04T23:54:39.281+0200][gc,mmu      ] GC(1) MMU target violated: 21.0ms (20.0ms/21.0ms)
[2024-10-04T23:54:39.281+0200][gc,phases   ] GC(1)   Pre Evacuate Collection Set: 0.73ms
[2024-10-04T23:54:39.281+0200][gc,phases   ] GC(1)   Merge Heap Roots: 0.18ms
[2024-10-04T23:54:39.281+0200][gc,phases   ] GC(1)   Evacuate Collection Set: 20.00ms
[2024-10-04T23:54:39.281+0200][gc,phases   ] GC(1)   Post Evacuate Collection Set: 1.62ms
[2024-10-04T23:54:39.281+0200][gc,phases   ] GC(1)   Other: 0.44ms
[2024-10-04T23:54:39.281+0200][gc,heap     ] GC(1) Eden regions: 17->0(49)
[2024-10-04T23:54:39.281+0200][gc,heap     ] GC(1) Survivor regions: 7->2(7)
[2024-10-04T23:54:39.281+0200][gc,heap     ] GC(1) Old regions: 3->11
[2024-10-04T23:54:39.281+0200][gc,heap     ] GC(1) Humongous regions: 0->0
[2024-10-04T23:54:39.281+0200][gc,metaspace] GC(1) Metaspace: 21274K(21504K)->21274K(21504K) NonClass: 18721K(18816K)->18721K(18816K) Class: 2552K(2688K)->2552K(2688K)
[2024-10-04T23:54:39.281+0200][gc          ] GC(1) Pause Young (Concurrent Start) (Metadata GC Threshold) 25M->10M(1024M) 23.409ms
[2024-10-04T23:54:39.281+0200][gc,cpu      ] GC(1) User=0.08s Sys=0.06s Real=0.02s
[2024-10-04T23:54:39.282+0200][gc          ] GC(2) Concurrent Mark Cycle
[2024-10-04T23:54:39.282+0200][gc,marking  ] GC(2) Concurrent Scan Root Regions
[2024-10-04T23:54:39.289+0200][gc,marking  ] GC(2) Concurrent Scan Root Regions 7.245ms
[2024-10-04T23:54:39.289+0200][gc,marking  ] GC(2) Concurrent Mark
[2024-10-04T23:54:39.289+0200][gc,marking  ] GC(2) Concurrent Mark From Roots
[2024-10-04T23:54:39.289+0200][gc,task     ] GC(2) Using 3 workers of 3 for marking
[2024-10-04T23:54:39.297+0200][gc,marking  ] GC(2) Concurrent Mark From Roots 8.020ms
[2024-10-04T23:54:39.297+0200][gc,marking  ] GC(2) Concurrent Preclean
[2024-10-04T23:54:39.297+0200][gc,marking  ] GC(2) Concurrent Preclean 0.047ms
[2024-10-04T23:54:39.297+0200][gc,start    ] GC(2) Pause Remark
[2024-10-04T23:54:39.302+0200][gc          ] GC(2) Pause Remark 11M->11M(1024M) 4.323ms
[2024-10-04T23:54:39.302+0200][gc,cpu      ] GC(2) User=0.03s Sys=0.00s Real=0.00s
[2024-10-04T23:54:39.302+0200][gc,marking  ] GC(2) Concurrent Mark 13.062ms
[2024-10-04T23:54:39.302+0200][gc,marking  ] GC(2) Concurrent Rebuild Remembered Sets and Scrub Regions
[2024-10-04T23:54:39.308+0200][gc,marking  ] GC(2) Concurrent Rebuild Remembered Sets and Scrub Regions 6.296ms
[2024-10-04T23:54:39.309+0200][gc,start    ] GC(2) Pause Cleanup
[2024-10-04T23:54:39.310+0200][gc          ] GC(2) Pause Cleanup 11M->11M(1024M) 0.867ms
[2024-10-04T23:54:39.310+0200][gc,cpu      ] GC(2) User=0.00s Sys=0.00s Real=0.00s
[2024-10-04T23:54:39.310+0200][gc,marking  ] GC(2) Concurrent Clear Claimed Marks
[2024-10-04T23:54:39.310+0200][gc,marking  ] GC(2) Concurrent Clear Claimed Marks 0.080ms
[2024-10-04T23:54:39.310+0200][gc,marking  ] GC(2) Concurrent Cleanup for Next Mark
[2024-10-04T23:54:39.314+0200][gc,marking  ] GC(2) Concurrent Cleanup for Next Mark 4.182ms
[2024-10-04T23:54:39.314+0200][gc          ] GC(2) Concurrent Mark Cycle 32.599ms
[2024-10-04T23:54:40.461+0200][gc,start    ] GC(3) Pause Young (Prepare Mixed) (G1 Evacuation Pause)
[2024-10-04T23:54:40.461+0200][gc,task     ] GC(3) Using 10 workers of 10 for evacuation
[2024-10-04T23:54:40.469+0200][gc,phases   ] GC(3)   Pre Evacuate Collection Set: 0.35ms
[2024-10-04T23:54:40.469+0200][gc,phases   ] GC(3)   Merge Heap Roots: 0.16ms
[2024-10-04T23:54:40.469+0200][gc,phases   ] GC(3)   Evacuate Collection Set: 6.10ms
[2024-10-04T23:54:40.469+0200][gc,phases   ] GC(3)   Post Evacuate Collection Set: 1.45ms
[2024-10-04T23:54:40.469+0200][gc,phases   ] GC(3)   Other: 0.16ms
[2024-10-04T23:54:40.469+0200][gc,heap     ] GC(3) Eden regions: 49->0(46)
[2024-10-04T23:54:40.469+0200][gc,heap     ] GC(3) Survivor regions: 2->5(7)
[2024-10-04T23:54:40.469+0200][gc,heap     ] GC(3) Old regions: 11->11
[2024-10-04T23:54:40.469+0200][gc,heap     ] GC(3) Humongous regions: 129->0
[2024-10-04T23:54:40.469+0200][gc,metaspace] GC(3) Metaspace: 31841K(32256K)->31841K(32256K) NonClass: 28105K(28352K)->28105K(28352K) Class: 3736K(3904K)->3736K(3904K)
[2024-10-04T23:54:40.469+0200][gc          ] GC(3) Pause Young (Prepare Mixed) (G1 Evacuation Pause) 188M->13M(1024M) 8.713ms
[2024-10-04T23:54:40.470+0200][gc,cpu      ] GC(3) User=0.07s Sys=0.00s Real=0.01s
[2024-10-04T23:54:40.541+0200][gc,heap,exit] Heap
[2024-10-04T23:54:40.541+0200][gc,heap,exit]  garbage-first heap   total reserved 1048576K, committed 1048576K, used 17397K [0x00000000c0000000, 0x0000000100000000)
[2024-10-04T23:54:40.541+0200][gc,heap,exit]   region size 1024K, 8 young (8192K), 5 survivors (5120K)
[2024-10-04T23:54:40.541+0200][gc,heap,exit]  Metaspace       used 31929K, committed 32256K, reserved 1114112K
[2024-10-04T23:54:40.541+0200][gc,heap,exit]   class space    used 3746K, committed 3904K, reserved 1048576K
