[2024-11-19 23:02:48,370] INFO [GroupCoordinator 0]: Dynamic member with unknown member id joins group authGroup in Stable state. Created a new member id consumer-authGroup-1-12bca000-285a-4f5c-93a6-c6c1bd7d6911 and request the member to rejoin with this id. (kafka.coordinator.group.GroupCoordinator)
[2024-11-19 23:02:48,372] INFO [GroupCoordinator 0]: Preparing to rebalance group authGroup in state PreparingRebalance with old generation 10 (__consumer_offsets-33) (reason: Adding new member consumer-authGroup-1-12bca000-285a-4f5c-93a6-c6c1bd7d6911 with group instance id None; client reason: rebalance failed due to MemberIdRequiredException) (kafka.coordinator.group.GroupCoordinator)
[2024-11-19 23:02:54,326] INFO [GroupCoordinator 0]: Stabilized group authGroup generation 11 (__consumer_offsets-33) with 2 members (kafka.coordinator.group.GroupCoordinator)
[2024-11-19 23:02:54,329] INFO [GroupCoordinator 0]: Assignment received from leader consumer-authGroup-1-b5b70e3b-5ff5-422e-8435-6f79936d4c88 for group authGroup for generation 11. The group has 2 members, 0 of which are static. (kafka.coordinator.group.GroupCoordinator)
[2024-11-19 23:02:57,876] INFO [GroupCoordinator 0]: Dynamic member with unknown member id joins group testGroup in Empty state. Created a new member id consumer-testGroup-4-6d5d2e52-efff-417e-b027-b0019f036592 and request the member to rejoin with this id. (kafka.coordinator.group.GroupCoordinator)
[2024-11-19 23:02:57,877] INFO [GroupCoordinator 0]: Preparing to rebalance group testGroup in state PreparingRebalance with old generation 5 (__consumer_offsets-49) (reason: Adding new member consumer-testGroup-4-6d5d2e52-efff-417e-b027-b0019f036592 with group instance id None; client reason: rebalance failed due to MemberIdRequiredException) (kafka.coordinator.group.GroupCoordinator)
[2024-11-19 23:02:57,877] INFO [GroupCoordinator 0]: Stabilized group testGroup generation 6 (__consumer_offsets-49) with 1 members (kafka.coordinator.group.GroupCoordinator)
[2024-11-19 23:02:57,879] INFO [GroupCoordinator 0]: Assignment received from leader consumer-testGroup-4-6d5d2e52-efff-417e-b027-b0019f036592 for group testGroup for generation 6. The group has 1 members, 0 of which are static. (kafka.coordinator.group.GroupCoordinator)
[2024-11-19 23:07:56,548] INFO [GroupCoordinator 0]: Preparing to rebalance group authGroup in state PreparingRebalance with old generation 11 (__consumer_offsets-33) (reason: Removing member consumer-authGroup-1-12bca000-285a-4f5c-93a6-c6c1bd7d6911 on LeaveGroup; client reason: consumer poll timeout has expired.) (kafka.coordinator.group.GroupCoordinator)
[2024-11-19 23:07:56,549] INFO [GroupCoordinator 0]: Member MemberMetadata(memberId=consumer-authGroup-1-12bca000-285a-4f5c-93a6-c6c1bd7d6911, groupInstanceId=None, clientId=consumer-authGroup-1, clientHost=/127.0.0.1, sessionTimeoutMs=45000, rebalanceTimeoutMs=300000, supportedProtocols=List(range, cooperative-sticky)) has left group authGroup through explicit `LeaveGroup`; client reason: consumer poll timeout has expired. (kafka.coordinator.group.GroupCoordinator)
[2024-11-19 23:07:57,364] INFO [GroupCoordinator 0]: Stabilized group authGroup generation 12 (__consumer_offsets-33) with 1 members (kafka.coordinator.group.GroupCoordinator)
[2024-11-19 23:07:57,365] INFO [GroupCoordinator 0]: Assignment received from leader consumer-authGroup-1-b5b70e3b-5ff5-422e-8435-6f79936d4c88 for group authGroup for generation 12. The group has 1 members, 0 of which are static. (kafka.coordinator.group.GroupCoordinator)
[2024-11-19 23:12:54,802] INFO [GroupCoordinator 0]: Preparing to rebalance group authGroup in state PreparingRebalance with old generation 12 (__consumer_offsets-33) (reason: Leader consumer-authGroup-1-b5b70e3b-5ff5-422e-8435-6f79936d4c88 re-joining group during Stable; client reason: cached metadata has changed) (kafka.coordinator.group.GroupCoordinator)
[2024-11-19 23:12:54,803] INFO [GroupCoordinator 0]: Stabilized group authGroup generation 13 (__consumer_offsets-33) with 1 members (kafka.coordinator.group.GroupCoordinator)
[2024-11-19 23:12:54,803] INFO [GroupCoordinator 0]: Assignment received from leader consumer-authGroup-1-b5b70e3b-5ff5-422e-8435-6f79936d4c88 for group authGroup for generation 13. The group has 1 members, 0 of which are static. (kafka.coordinator.group.GroupCoordinator)
[2024-11-19 23:15:24,061] INFO [GroupCoordinator 0]: Preparing to rebalance group testGroup in state PreparingRebalance with old generation 6 (__consumer_offsets-49) (reason: Removing member consumer-testGroup-4-6d5d2e52-efff-417e-b027-b0019f036592 on LeaveGroup; client reason: consumer poll timeout has expired.) (kafka.coordinator.group.GroupCoordinator)
[2024-11-19 23:15:24,062] INFO [GroupCoordinator 0]: Group testGroup with generation 7 is now empty (__consumer_offsets-49) (kafka.coordinator.group.GroupCoordinator)
[2024-11-19 23:15:24,062] INFO [GroupCoordinator 0]: Member MemberMetadata(memberId=consumer-testGroup-4-6d5d2e52-efff-417e-b027-b0019f036592, groupInstanceId=None, clientId=consumer-testGroup-4, clientHost=/127.0.0.1, sessionTimeoutMs=45000, rebalanceTimeoutMs=300000, supportedProtocols=List(range, cooperative-sticky)) has left group testGroup through explicit `LeaveGroup`; client reason: consumer poll timeout has expired. (kafka.coordinator.group.GroupCoordinator)
[2024-11-19 23:16:31,951] INFO [GroupCoordinator 0]: Dynamic member with unknown member id joins group testGroup in Empty state. Created a new member id consumer-testGroup-4-85a27697-01e6-4570-a039-42a94381bad2 and request the member to rejoin with this id. (kafka.coordinator.group.GroupCoordinator)
[2024-11-19 23:16:31,952] INFO [GroupCoordinator 0]: Preparing to rebalance group testGroup in state PreparingRebalance with old generation 7 (__consumer_offsets-49) (reason: Adding new member consumer-testGroup-4-85a27697-01e6-4570-a039-42a94381bad2 with group instance id None; client reason: rebalance failed due to MemberIdRequiredException) (kafka.coordinator.group.GroupCoordinator)
[2024-11-19 23:16:31,953] INFO [GroupCoordinator 0]: Stabilized group testGroup generation 8 (__consumer_offsets-49) with 1 members (kafka.coordinator.group.GroupCoordinator)
[2024-11-19 23:16:31,954] INFO [GroupCoordinator 0]: Assignment received from leader consumer-testGroup-4-85a27697-01e6-4570-a039-42a94381bad2 for group testGroup for generation 8. The group has 1 members, 0 of which are static. (kafka.coordinator.group.GroupCoordinator)
