[2024-10-04T23:51:00.439+0200][gc,init] CardTable entry size: 512
[2024-10-04T23:51:00.440+0200][gc     ] Using G1
[2024-10-04T23:51:00.458+0200][gc,init] Version: 22.0.2+9 (release)
[2024-10-04T23:51:00.459+0200][gc,init] CPUs: 12 total, 12 available
[2024-10-04T23:51:00.459+0200][gc,init] Memory: 31933M
[2024-10-04T23:51:00.459+0200][gc,init] Large Page Support: Disabled
[2024-10-04T23:51:00.459+0200][gc,init] NUMA Support: Disabled
[2024-10-04T23:51:00.459+0200][gc,init] Compressed Oops: Enabled (32-bit)
[2024-10-04T23:51:00.459+0200][gc,init] Heap Region Size: 1M
[2024-10-04T23:51:00.459+0200][gc,init] Heap Min Capacity: 512M
[2024-10-04T23:51:00.459+0200][gc,init] Heap Initial Capacity: 512M
[2024-10-04T23:51:00.459+0200][gc,init] Heap Max Capacity: 512M
[2024-10-04T23:51:00.459+0200][gc,init] Pre-touch: Disabled
[2024-10-04T23:51:00.459+0200][gc,init] Parallel Workers: 10
[2024-10-04T23:51:00.459+0200][gc,init] Concurrent Workers: 3
[2024-10-04T23:51:00.459+0200][gc,init] Concurrent Refinement Workers: 10
[2024-10-04T23:51:00.459+0200][gc,init] Periodic GC: Disabled
[2024-10-04T23:51:00.491+0200][gc,metaspace] CDS archive(s) mapped at: [0x00007f0aea000000-0x00007f0aeac75000-0x00007f0aeac75000), size 13062144, SharedBaseAddress: 0x00007f0aea000000, ArchiveRelocationMode: 1.
[2024-10-04T23:51:00.491+0200][gc,metaspace] Compressed class space mapped at: 0x00007f0aeb000000-0x00007f0b2b000000, reserved size: 1073741824
[2024-10-04T23:51:00.491+0200][gc,metaspace] Narrow klass base: 0x00007f0aea000000, Narrow klass shift: 0, Narrow klass range: 0x100000000
[2024-10-04T23:51:07.357+0200][gc,start    ] GC(0) Pause Young (Normal) (G1 Evacuation Pause)
[2024-10-04T23:51:07.361+0200][gc,task     ] GC(0) Using 10 workers of 10 for evacuation
[2024-10-04T23:51:07.417+0200][gc,mmu      ] GC(0) MMU target violated: 21.0ms (20.0ms/21.0ms)
[2024-10-04T23:51:07.417+0200][gc,phases   ] GC(0)   Pre Evacuate Collection Set: 0.42ms
[2024-10-04T23:51:07.417+0200][gc,phases   ] GC(0)   Merge Heap Roots: 0.29ms
[2024-10-04T23:51:07.417+0200][gc,phases   ] GC(0)   Evacuate Collection Set: 53.57ms
[2024-10-04T23:51:07.417+0200][gc,phases   ] GC(0)   Post Evacuate Collection Set: 1.58ms
[2024-10-04T23:51:07.417+0200][gc,phases   ] GC(0)   Other: 4.30ms
[2024-10-04T23:51:07.417+0200][gc,heap     ] GC(0) Eden regions: 25->0(21)
[2024-10-04T23:51:07.417+0200][gc,heap     ] GC(0) Survivor regions: 0->4(4)
[2024-10-04T23:51:07.417+0200][gc,heap     ] GC(0) Old regions: 2->6
[2024-10-04T23:51:07.418+0200][gc,heap     ] GC(0) Humongous regions: 0->0
[2024-10-04T23:51:07.418+0200][gc,metaspace] GC(0) Metaspace: 7787K(7936K)->7787K(7936K) NonClass: 6959K(7040K)->6959K(7040K) Class: 828K(896K)->828K(896K)
[2024-10-04T23:51:07.418+0200][gc          ] GC(0) Pause Young (Normal) (G1 Evacuation Pause) 26M->8M(512M) 60.918ms
[2024-10-04T23:51:07.418+0200][gc,cpu      ] GC(0) User=0.06s Sys=0.14s Real=0.06s
[2024-10-04T23:53:28.893+0200][gc,heap,exit] Heap
[2024-10-04T23:53:28.893+0200][gc,heap,exit]  garbage-first heap   total reserved 524288K, committed 524288K, used 17366K [0x00000000e0000000, 0x0000000100000000)
[2024-10-04T23:53:28.893+0200][gc,heap,exit]   region size 1024K, 12 young (12288K), 4 survivors (4096K)
[2024-10-04T23:53:28.893+0200][gc,heap,exit]  Metaspace       used 8957K, committed 9152K, reserved 1114112K
[2024-10-04T23:53:28.893+0200][gc,heap,exit]   class space    used 959K, committed 1088K, reserved 1048576K
