[2024-10-04T23:53:49.118+0200][gc,init] CardTable entry size: 512
[2024-10-04T23:53:49.119+0200][gc     ] Using G1
[2024-10-04T23:53:49.140+0200][gc,init] Version: 22.0.2+9 (release)
[2024-10-04T23:53:49.140+0200][gc,init] CPUs: 12 total, 12 available
[2024-10-04T23:53:49.140+0200][gc,init] Memory: 31933M
[2024-10-04T23:53:49.140+0200][gc,init] Large Page Support: Disabled
[2024-10-04T23:53:49.140+0200][gc,init] NUMA Support: Disabled
[2024-10-04T23:53:49.140+0200][gc,init] Compressed Oops: Enabled (32-bit)
[2024-10-04T23:53:49.140+0200][gc,init] Heap Region Size: 1M
[2024-10-04T23:53:49.140+0200][gc,init] Heap Min Capacity: 512M
[2024-10-04T23:53:49.140+0200][gc,init] Heap Initial Capacity: 512M
[2024-10-04T23:53:49.140+0200][gc,init] Heap Max Capacity: 512M
[2024-10-04T23:53:49.140+0200][gc,init] Pre-touch: Disabled
[2024-10-04T23:53:49.140+0200][gc,init] Parallel Workers: 10
[2024-10-04T23:53:49.140+0200][gc,init] Concurrent Workers: 3
[2024-10-04T23:53:49.140+0200][gc,init] Concurrent Refinement Workers: 10
[2024-10-04T23:53:49.140+0200][gc,init] Periodic GC: Disabled
[2024-10-04T23:53:49.172+0200][gc,metaspace] CDS archive(s) mapped at: [0x00007fa94e000000-0x00007fa94ec75000-0x00007fa94ec75000), size 13062144, SharedBaseAddress: 0x00007fa94e000000, ArchiveRelocationMode: 1.
[2024-10-04T23:53:49.172+0200][gc,metaspace] Compressed class space mapped at: 0x00007fa94f000000-0x00007fa98f000000, reserved size: 1073741824
[2024-10-04T23:53:49.172+0200][gc,metaspace] Narrow klass base: 0x00007fa94e000000, Narrow klass shift: 0, Narrow klass range: 0x100000000
[2024-10-04T23:53:49.857+0200][gc,start    ] GC(0) Pause Young (Normal) (G1 Evacuation Pause)
[2024-10-04T23:53:49.858+0200][gc,task     ] GC(0) Using 10 workers of 10 for evacuation
[2024-10-04T23:53:49.874+0200][gc,phases   ] GC(0)   Pre Evacuate Collection Set: 0.18ms
[2024-10-04T23:53:49.874+0200][gc,phases   ] GC(0)   Merge Heap Roots: 0.08ms
[2024-10-04T23:53:49.874+0200][gc,phases   ] GC(0)   Evacuate Collection Set: 15.56ms
[2024-10-04T23:53:49.874+0200][gc,phases   ] GC(0)   Post Evacuate Collection Set: 0.71ms
[2024-10-04T23:53:49.874+0200][gc,phases   ] GC(0)   Other: 0.98ms
[2024-10-04T23:53:49.874+0200][gc,heap     ] GC(0) Eden regions: 25->0(21)
[2024-10-04T23:53:49.874+0200][gc,heap     ] GC(0) Survivor regions: 0->4(4)
[2024-10-04T23:53:49.874+0200][gc,heap     ] GC(0) Old regions: 2->7
[2024-10-04T23:53:49.874+0200][gc,heap     ] GC(0) Humongous regions: 0->0
[2024-10-04T23:53:49.874+0200][gc,metaspace] GC(0) Metaspace: 7783K(8000K)->7783K(8000K) NonClass: 6954K(7104K)->6954K(7104K) Class: 829K(896K)->829K(896K)
[2024-10-04T23:53:49.874+0200][gc          ] GC(0) Pause Young (Normal) (G1 Evacuation Pause) 26M->9M(512M) 17.744ms
[2024-10-04T23:53:49.874+0200][gc,cpu      ] GC(0) User=0.07s Sys=0.08s Real=0.01s
[2024-10-04T23:54:08.187+0200][gc,heap,exit] Heap
[2024-10-04T23:54:08.187+0200][gc,heap,exit]  garbage-first heap   total reserved 524288K, committed 524288K, used 17433K [0x00000000e0000000, 0x0000000100000000)
[2024-10-04T23:54:08.187+0200][gc,heap,exit]   region size 1024K, 12 young (12288K), 4 survivors (4096K)
[2024-10-04T23:54:08.187+0200][gc,heap,exit]  Metaspace       used 8918K, committed 9152K, reserved 1114112K
[2024-10-04T23:54:08.187+0200][gc,heap,exit]   class space    used 961K, committed 1088K, reserved 1048576K
