[2024-09-25T20:15:41.147+0200][gc,init] CardTable entry size: 512
[2024-09-25T20:15:41.148+0200][gc     ] Using G1
[2024-09-25T20:15:41.159+0200][gc,init] Version: 22.0.2+9 (release)
[2024-09-25T20:15:41.159+0200][gc,init] CPUs: 12 total, 12 available
[2024-09-25T20:15:41.159+0200][gc,init] Memory: 31933M
[2024-09-25T20:15:41.159+0200][gc,init] Large Page Support: Disabled
[2024-09-25T20:15:41.159+0200][gc,init] NUMA Support: Disabled
[2024-09-25T20:15:41.159+0200][gc,init] Compressed Oops: Enabled (32-bit)
[2024-09-25T20:15:41.159+0200][gc,init] Heap Region Size: 1M
[2024-09-25T20:15:41.159+0200][gc,init] Heap Min Capacity: 512M
[2024-09-25T20:15:41.159+0200][gc,init] Heap Initial Capacity: 512M
[2024-09-25T20:15:41.159+0200][gc,init] Heap Max Capacity: 512M
[2024-09-25T20:15:41.159+0200][gc,init] Pre-touch: Disabled
[2024-09-25T20:15:41.159+0200][gc,init] Parallel Workers: 10
[2024-09-25T20:15:41.159+0200][gc,init] Concurrent Workers: 3
[2024-09-25T20:15:41.159+0200][gc,init] Concurrent Refinement Workers: 10
[2024-09-25T20:15:41.159+0200][gc,init] Periodic GC: Disabled
[2024-09-25T20:15:41.171+0200][gc,metaspace] CDS archive(s) mapped at: [0x00007f04d6000000-0x00007f04d6c75000-0x00007f04d6c75000), size 13062144, SharedBaseAddress: 0x00007f04d6000000, ArchiveRelocationMode: 1.
[2024-09-25T20:15:41.171+0200][gc,metaspace] Compressed class space mapped at: 0x00007f04d7000000-0x00007f0517000000, reserved size: 1073741824
[2024-09-25T20:15:41.171+0200][gc,metaspace] Narrow klass base: 0x00007f04d6000000, Narrow klass shift: 0, Narrow klass range: 0x100000000
[2024-09-25T20:15:58.671+0200][gc,start    ] GC(0) Pause Young (Normal) (G1 Evacuation Pause)
[2024-09-25T20:15:58.675+0200][gc,task     ] GC(0) Using 10 workers of 10 for evacuation
[2024-09-25T20:15:58.723+0200][gc,mmu      ] GC(0) MMU target violated: 21.0ms (20.0ms/21.0ms)
[2024-09-25T20:15:58.723+0200][gc,phases   ] GC(0)   Pre Evacuate Collection Set: 0.36ms
[2024-09-25T20:15:58.723+0200][gc,phases   ] GC(0)   Merge Heap Roots: 0.23ms
[2024-09-25T20:15:58.723+0200][gc,phases   ] GC(0)   Evacuate Collection Set: 45.12ms
[2024-09-25T20:15:58.723+0200][gc,phases   ] GC(0)   Post Evacuate Collection Set: 1.57ms
[2024-09-25T20:15:58.723+0200][gc,phases   ] GC(0)   Other: 4.25ms
[2024-09-25T20:15:58.723+0200][gc,heap     ] GC(0) Eden regions: 25->0(21)
[2024-09-25T20:15:58.723+0200][gc,heap     ] GC(0) Survivor regions: 0->4(4)
[2024-09-25T20:15:58.723+0200][gc,heap     ] GC(0) Old regions: 2->7
[2024-09-25T20:15:58.723+0200][gc,heap     ] GC(0) Humongous regions: 0->0
[2024-09-25T20:15:58.723+0200][gc,metaspace] GC(0) Metaspace: 7815K(8000K)->7815K(8000K) NonClass: 6983K(7104K)->6983K(7104K) Class: 831K(896K)->831K(896K)
[2024-09-25T20:15:58.723+0200][gc          ] GC(0) Pause Young (Normal) (G1 Evacuation Pause) 26M->9M(512M) 52.118ms
[2024-09-25T20:15:58.723+0200][gc,cpu      ] GC(0) User=0.06s Sys=0.04s Real=0.05s
[2024-09-25T20:44:33.476+0200][gc,heap,exit] Heap
[2024-09-25T20:44:33.476+0200][gc,heap,exit]  garbage-first heap   total reserved 524288K, committed 524288K, used 18781K [0x00000000e0000000, 0x0000000100000000)
[2024-09-25T20:44:33.476+0200][gc,heap,exit]   region size 1024K, 14 young (14336K), 4 survivors (4096K)
[2024-09-25T20:44:33.476+0200][gc,heap,exit]  Metaspace       used 9133K, committed 9408K, reserved 1114112K
[2024-09-25T20:44:33.476+0200][gc,heap,exit]   class space    used 959K, committed 1088K, reserved 1048576K
