[2024-09-25T20:47:50.177+0200][gc,init] CardTable entry size: 512
[2024-09-25T20:47:50.178+0200][gc     ] Using G1
[2024-09-25T20:47:50.182+0200][gc,init] Version: 22.0.2+9 (release)
[2024-09-25T20:47:50.182+0200][gc,init] CPUs: 12 total, 12 available
[2024-09-25T20:47:50.182+0200][gc,init] Memory: 31933M
[2024-09-25T20:47:50.182+0200][gc,init] Large Page Support: Disabled
[2024-09-25T20:47:50.182+0200][gc,init] NUMA Support: Disabled
[2024-09-25T20:47:50.182+0200][gc,init] Compressed Oops: Enabled (32-bit)
[2024-09-25T20:47:50.182+0200][gc,init] Heap Region Size: 1M
[2024-09-25T20:47:50.182+0200][gc,init] Heap Min Capacity: 512M
[2024-09-25T20:47:50.182+0200][gc,init] Heap Initial Capacity: 512M
[2024-09-25T20:47:50.182+0200][gc,init] Heap Max Capacity: 512M
[2024-09-25T20:47:50.182+0200][gc,init] Pre-touch: Disabled
[2024-09-25T20:47:50.182+0200][gc,init] Parallel Workers: 10
[2024-09-25T20:47:50.182+0200][gc,init] Concurrent Workers: 3
[2024-09-25T20:47:50.182+0200][gc,init] Concurrent Refinement Workers: 10
[2024-09-25T20:47:50.182+0200][gc,init] Periodic GC: Disabled
[2024-09-25T20:47:50.188+0200][gc,metaspace] CDS archive(s) mapped at: [0x00007f7eea000000-0x00007f7eeac75000-0x00007f7eeac75000), size 13062144, SharedBaseAddress: 0x00007f7eea000000, ArchiveRelocationMode: 1.
[2024-09-25T20:47:50.188+0200][gc,metaspace] Compressed class space mapped at: 0x00007f7eeb000000-0x00007f7f2b000000, reserved size: 1073741824
[2024-09-25T20:47:50.188+0200][gc,metaspace] Narrow klass base: 0x00007f7eea000000, Narrow klass shift: 0, Narrow klass range: 0x100000000
[2024-09-25T20:47:50.561+0200][gc,start    ] GC(0) Pause Young (Normal) (G1 Evacuation Pause)
[2024-09-25T20:47:50.563+0200][gc,task     ] GC(0) Using 10 workers of 10 for evacuation
[2024-09-25T20:47:50.575+0200][gc,phases   ] GC(0)   Pre Evacuate Collection Set: 0.10ms
[2024-09-25T20:47:50.575+0200][gc,phases   ] GC(0)   Merge Heap Roots: 0.06ms
[2024-09-25T20:47:50.575+0200][gc,phases   ] GC(0)   Evacuate Collection Set: 11.13ms
[2024-09-25T20:47:50.575+0200][gc,phases   ] GC(0)   Post Evacuate Collection Set: 0.52ms
[2024-09-25T20:47:50.575+0200][gc,phases   ] GC(0)   Other: 1.43ms
[2024-09-25T20:47:50.575+0200][gc,heap     ] GC(0) Eden regions: 25->0(21)
[2024-09-25T20:47:50.575+0200][gc,heap     ] GC(0) Survivor regions: 0->4(4)
[2024-09-25T20:47:50.575+0200][gc,heap     ] GC(0) Old regions: 2->6
[2024-09-25T20:47:50.575+0200][gc,heap     ] GC(0) Humongous regions: 0->0
[2024-09-25T20:47:50.575+0200][gc,metaspace] GC(0) Metaspace: 7790K(8000K)->7790K(8000K) NonClass: 6959K(7104K)->6959K(7104K) Class: 830K(896K)->830K(896K)
[2024-09-25T20:47:50.575+0200][gc          ] GC(0) Pause Young (Normal) (G1 Evacuation Pause) 26M->8M(512M) 13.488ms
[2024-09-25T20:47:50.575+0200][gc,cpu      ] GC(0) User=0.02s Sys=0.08s Real=0.01s
