[2024-09-23T21:56:48.940+0200][gc,init] CardTable entry size: 512
[2024-09-23T21:56:48.940+0200][gc     ] Using G1
[2024-09-23T21:56:48.944+0200][gc,init] Version: 22.0.2+9 (release)
[2024-09-23T21:56:48.944+0200][gc,init] CPUs: 12 total, 12 available
[2024-09-23T21:56:48.944+0200][gc,init] Memory: 31933M
[2024-09-23T21:56:48.944+0200][gc,init] Large Page Support: Disabled
[2024-09-23T21:56:48.944+0200][gc,init] NUMA Support: Disabled
[2024-09-23T21:56:48.944+0200][gc,init] Compressed Oops: Enabled (32-bit)
[2024-09-23T21:56:48.944+0200][gc,init] Heap Region Size: 1M
[2024-09-23T21:56:48.944+0200][gc,init] Heap Min Capacity: 512M
[2024-09-23T21:56:48.944+0200][gc,init] Heap Initial Capacity: 512M
[2024-09-23T21:56:48.944+0200][gc,init] Heap Max Capacity: 512M
[2024-09-23T21:56:48.944+0200][gc,init] Pre-touch: Disabled
[2024-09-23T21:56:48.944+0200][gc,init] Parallel Workers: 10
[2024-09-23T21:56:48.944+0200][gc,init] Concurrent Workers: 3
[2024-09-23T21:56:48.944+0200][gc,init] Concurrent Refinement Workers: 10
[2024-09-23T21:56:48.944+0200][gc,init] Periodic GC: Disabled
[2024-09-23T21:56:48.950+0200][gc,metaspace] CDS archive(s) mapped at: [0x00007ff132000000-0x00007ff132c75000-0x00007ff132c75000), size 13062144, SharedBaseAddress: 0x00007ff132000000, ArchiveRelocationMode: 1.
[2024-09-23T21:56:48.950+0200][gc,metaspace] Compressed class space mapped at: 0x00007ff133000000-0x00007ff173000000, reserved size: 1073741824
[2024-09-23T21:56:48.950+0200][gc,metaspace] Narrow klass base: 0x00007ff132000000, Narrow klass shift: 0, Narrow klass range: 0x100000000
[2024-09-23T21:56:55.756+0200][gc,start    ] GC(0) Pause Young (Normal) (G1 Evacuation Pause)
[2024-09-23T21:56:55.757+0200][gc,task     ] GC(0) Using 10 workers of 10 for evacuation
[2024-09-23T21:56:55.867+0200][gc,mmu      ] GC(0) MMU target violated: 21.0ms (20.0ms/21.0ms)
[2024-09-23T21:56:55.867+0200][gc,phases   ] GC(0)   Pre Evacuate Collection Set: 0.12ms
[2024-09-23T21:56:55.867+0200][gc,phases   ] GC(0)   Merge Heap Roots: 0.05ms
[2024-09-23T21:56:55.867+0200][gc,phases   ] GC(0)   Evacuate Collection Set: 108.90ms
[2024-09-23T21:56:55.867+0200][gc,phases   ] GC(0)   Post Evacuate Collection Set: 0.78ms
[2024-09-23T21:56:55.867+0200][gc,phases   ] GC(0)   Other: 1.11ms
[2024-09-23T21:56:55.867+0200][gc,heap     ] GC(0) Eden regions: 25->0(21)
[2024-09-23T21:56:55.867+0200][gc,heap     ] GC(0) Survivor regions: 0->4(4)
[2024-09-23T21:56:55.867+0200][gc,heap     ] GC(0) Old regions: 2->7
[2024-09-23T21:56:55.867+0200][gc,heap     ] GC(0) Humongous regions: 0->0
[2024-09-23T21:56:55.867+0200][gc,metaspace] GC(0) Metaspace: 7809K(8000K)->7809K(8000K) NonClass: 6978K(7104K)->6978K(7104K) Class: 831K(896K)->831K(896K)
[2024-09-23T21:56:55.867+0200][gc          ] GC(0) Pause Young (Normal) (G1 Evacuation Pause) 26M->9M(512M) 111.119ms
[2024-09-23T21:56:55.867+0200][gc,cpu      ] GC(0) User=0.01s Sys=0.03s Real=0.11s
[2024-09-24T13:02:34.233+0200][gc,start    ] GC(1) Pause Young (Normal) (G1 Evacuation Pause)
[2024-09-24T13:02:34.233+0200][gc,task     ] GC(1) Using 10 workers of 10 for evacuation
[2024-09-24T13:02:34.236+0200][gc,phases   ] GC(1)   Pre Evacuate Collection Set: 0.15ms
[2024-09-24T13:02:34.236+0200][gc,phases   ] GC(1)   Merge Heap Roots: 0.09ms
[2024-09-24T13:02:34.236+0200][gc,phases   ] GC(1)   Evacuate Collection Set: 2.50ms
[2024-09-24T13:02:34.236+0200][gc,phases   ] GC(1)   Post Evacuate Collection Set: 0.37ms
[2024-09-24T13:02:34.236+0200][gc,phases   ] GC(1)   Other: 0.08ms
[2024-09-24T13:02:34.237+0200][gc,heap     ] GC(1) Eden regions: 21->0(24)
[2024-09-24T13:02:34.237+0200][gc,heap     ] GC(1) Survivor regions: 4->1(4)
[2024-09-24T13:02:34.237+0200][gc,heap     ] GC(1) Old regions: 7->10
[2024-09-24T13:02:34.237+0200][gc,heap     ] GC(1) Humongous regions: 0->0
[2024-09-24T13:02:34.237+0200][gc,metaspace] GC(1) Metaspace: 9441K(9664K)->9441K(9664K) NonClass: 8481K(8576K)->8481K(8576K) Class: 959K(1088K)->959K(1088K)
[2024-09-24T13:02:34.237+0200][gc          ] GC(1) Pause Young (Normal) (G1 Evacuation Pause) 30M->10M(512M) 3.367ms
[2024-09-24T13:02:34.237+0200][gc,cpu      ] GC(1) User=0.02s Sys=0.00s Real=0.00s
[2024-09-24T15:47:11.169+0200][gc,heap,exit] Heap
[2024-09-24T15:47:11.169+0200][gc,heap,exit]  garbage-first heap   total reserved 524288K, committed 524288K, used 19525K [0x00000000e0000000, 0x0000000100000000)
[2024-09-24T15:47:11.169+0200][gc,heap,exit]   region size 1024K, 11 young (11264K), 1 survivors (1024K)
[2024-09-24T15:47:11.169+0200][gc,heap,exit]  Metaspace       used 9461K, committed 9664K, reserved 1114112K
[2024-09-24T15:47:11.169+0200][gc,heap,exit]   class space    used 960K, committed 1088K, reserved 1048576K
